******************************************************************************
            TI ARM Clang Linker PC v1.3.0                      
******************************************************************************
>> Linked Sat Jul 29 18:56:19 2023

OUTPUT FILE NAME:   <Achilles_CC2652R7_DV3001.out>
ENTRY POINT SYMBOL: "_c_int00"  address: 0001d71d


MEMORY CONFIGURATION

         name            origin    length      used     unused   attr    fill
----------------------  --------  ---------  --------  --------  ----  --------
  FLASH_IMG_HDR         00000000   00000090  0000008d  00000003  R  X
  ENTRY                 00000090   00000040  0000003c  00000004  R  X
  FLASH                 000000d0   000ae0d0  0002a0a5  0008402b  R  X
  RTOS_SRAM             20000000   0000012c  000000d8  00000054  RW X
  SRAM                  20000fdf   00023021  00004bce  0001e453  RW X


SEGMENT ALLOCATION MAP

run origin  load origin   length   init length attrs members
----------  ----------- ---------- ----------- ----- -------
00000000    00000000    00026178   00026178    r-x
  00000000    00000000    0000008d   0000008d    r-- .image_header
  00000090    00000090    0000003c   0000003c    r-- .resetVecs
  000000d0    000000d0    00021780   00021780    r-x .text
  00021850    00021850    000042c5   000042c5    r-- .rodata
  00025b18    00025b18    00000660   00000660    r-- .cinit
00048000    00048000    00004000   00000000    rw-
  00048000    00048000    00004000   00000000    rw- .TI.bound:flashBuf0
20001810    20001810    00000010   00000000    rw-
  20001810    20001810    00000010   00000000    rw- .TI.bound:dmaUart0RxControlTableEntry
20001820    20001820    00000010   00000000    rw-
  20001820    20001820    00000010   00000000    rw- .TI.bound:dmaUart0TxControlTableEntry
20001830    20001830    00000010   00000000    rw-
  20001830    20001830    00000010   00000000    rw- .TI.bound:dmaSpi0RxControlTableEntry
20001840    20001840    00000010   00000000    rw-
  20001840    20001840    00000010   00000000    rw- .TI.bound:dmaSpi0TxControlTableEntry
20001900    20001900    00000010   00000000    rw-
  20001900    20001900    00000010   00000000    rw- .TI.bound:dmaSpi1RxControlTableEntry
20001910    20001910    00000010   00000000    rw-
  20001910    20001910    00000010   00000000    rw- .TI.bound:dmaSpi1TxControlTableEntry
20001a30    20001a30    00000010   00000000    rw-
  20001a30    20001a30    00000010   00000000    rw- .TI.bound:dmaSpi0RxAltControlTableEntry
20001a40    20001a40    00000010   00000000    rw-
  20001a40    20001a40    00000010   00000000    rw- .TI.bound:dmaSpi0TxAltControlTableEntry
20001b00    20001b00    00000010   00000000    rw-
  20001b00    20001b00    00000010   00000000    rw- .TI.bound:dmaSpi1RxAltControlTableEntry
20001b10    20001b10    0000473e   00000000    rw-
  20001b10    20001b10    00000010   00000000    rw- .TI.bound:dmaSpi1TxAltControlTableEntry
  20001b20    20001b20    000013d8   00000000    rw- .data
  20002ef8    20002ef8    00003356   00000000    rw- .bss
20023c00    20023c00    00000400   00000000    rw-
  20023c00    20023c00    00000400   00000000    rw- .stack


SECTION ALLOCATION MAP

 output                                  attributes/
section   page    origin      length       input sections
--------  ----  ----------  ----------   ----------------
.image_header 
*          0    00000000    0000008d     
                  00000000    0000008d     oad_image_header_app.o (.image_header)

.resetVecs 
*          0    00000090    0000003c     
                  00000090    0000003c     ti_sysbios_config.o (.resetVecs)

.intvecs   0    000000cc    00000000     UNINITIALIZED

EntrySection 
*          0    000000cc    00000000     UNINITIALIZED

.cinit     0    00025b18    00000660     
                  00025b18    0000059c     (.cinit..data.load) [load image, compression = lzss]
                  000260b4    0000000c     (__TI_handler_table)
                  000260c0    00000008     (.cinit..TI.bound:dmaSpi0RxAltControlTableEntry.load) [load image, compression = zero_init]
                  000260c8    00000008     (.cinit..TI.bound:dmaSpi0RxControlTableEntry.load) [load image, compression = zero_init]
                  000260d0    00000008     (.cinit..TI.bound:dmaSpi0TxAltControlTableEntry.load) [load image, compression = zero_init]
                  000260d8    00000008     (.cinit..TI.bound:dmaSpi0TxControlTableEntry.load) [load image, compression = zero_init]
                  000260e0    00000008     (.cinit..TI.bound:dmaSpi1RxAltControlTableEntry.load) [load image, compression = zero_init]
                  000260e8    00000008     (.cinit..TI.bound:dmaSpi1RxControlTableEntry.load) [load image, compression = zero_init]
                  000260f0    00000008     (.cinit..TI.bound:dmaSpi1TxAltControlTableEntry.load) [load image, compression = zero_init]
                  000260f8    00000008     (.cinit..TI.bound:dmaSpi1TxControlTableEntry.load) [load image, compression = zero_init]
                  00026100    00000008     (.cinit..TI.bound:dmaUart0RxControlTableEntry.load) [load image, compression = zero_init]
                  00026108    00000008     (.cinit..TI.bound:dmaUart0TxControlTableEntry.load) [load image, compression = zero_init]
                  00026110    00000008     (.cinit..bss.load) [load image, compression = zero_init]
                  00026118    00000060     (__TI_cinit_table)

.TI.bound:flashBuf0 
*          0    00048000    00004000     UNINITIALIZED
                  00048000    00004000     ti_drivers_config.o (.TI.bound:flashBuf0)

.vecs      0    20000000    000000d8     NOLOAD SECTION
                  20000000    000000d8     ti_sysbios_config.o (.vecs)

.TI.bound:dmaUart0RxControlTableEntry 
*          0    20001810    00000010     UNINITIALIZED
                  20001810    00000010     ti_drivers_config.o (.TI.bound:dmaUart0RxControlTableEntry)

.TI.bound:dmaUart0TxControlTableEntry 
*          0    20001820    00000010     UNINITIALIZED
                  20001820    00000010     ti_drivers_config.o (.TI.bound:dmaUart0TxControlTableEntry)

.TI.bound:dmaSpi0RxControlTableEntry 
*          0    20001830    00000010     UNINITIALIZED
                  20001830    00000010     ti_drivers_config.o (.TI.bound:dmaSpi0RxControlTableEntry)

.TI.bound:dmaSpi0TxControlTableEntry 
*          0    20001840    00000010     UNINITIALIZED
                  20001840    00000010     ti_drivers_config.o (.TI.bound:dmaSpi0TxControlTableEntry)

.TI.bound:dmaSpi1RxControlTableEntry 
*          0    20001900    00000010     UNINITIALIZED
                  20001900    00000010     ti_drivers_config.o (.TI.bound:dmaSpi1RxControlTableEntry)

.TI.bound:dmaSpi1TxControlTableEntry 
*          0    20001910    00000010     UNINITIALIZED
                  20001910    00000010     ti_drivers_config.o (.TI.bound:dmaSpi1TxControlTableEntry)

.TI.bound:dmaSpi0RxAltControlTableEntry 
*          0    20001a30    00000010     UNINITIALIZED
                  20001a30    00000010     ti_drivers_config.o (.TI.bound:dmaSpi0RxAltControlTableEntry)

.TI.bound:dmaSpi0TxAltControlTableEntry 
*          0    20001a40    00000010     UNINITIALIZED
                  20001a40    00000010     ti_drivers_config.o (.TI.bound:dmaSpi0TxAltControlTableEntry)

.TI.bound:dmaSpi1RxAltControlTableEntry 
*          0    20001b00    00000010     UNINITIALIZED
                  20001b00    00000010     ti_drivers_config.o (.TI.bound:dmaSpi1RxAltControlTableEntry)

.TI.bound:dmaSpi1TxAltControlTableEntry 
*          0    20001b10    00000010     UNINITIALIZED
                  20001b10    00000010     ti_drivers_config.o (.TI.bound:dmaSpi1TxAltControlTableEntry)

.data      0    20001b20    000013d8     UNINITIALIZED
                  20001b20    00000174     drivers_cc26x2x7.a : PowerCC26X2.c.obj (.data.PowerCC26X2_module)
                  20001c94    00000130     devinfoservice.o (.data.devInfoAttrTbl)
                  20001dc4    000000f4     StackWrapper.a : gapbondmgr.o (.data)
                  20001eb8    000000d0     oad.o (.data.oadAttrTbl)
                  20001f88    000000b0     OneLib.a : gapgattserver.o (.data)
                  20002038    0000007c     Achilles_main.o (.data..L_MergedGlobals.166)
                  200020b4    0000007c     Achilles_main.o (.data..L_MergedGlobals)
                  20002130    0000007c     ti_drivers_config.o (.data.gpioPinConfigs)
                  200021ac    00000004     icall.o (.data.ICall_dispatcher)
                  200021b0    0000007a     devinfoservice.o (.data..L_MergedGlobals)
                  2000222a    00000002     ble_user_config.o (.data.bleUserCfg_maxPduSize)
                  2000222c    00000078     icall.o (.data..L_MergedGlobals.1)
                  200022a4    00000078     button_service.o (.data..L_MergedGlobals)
                  2000231c    00000074     Achilles_main.o (.data..L_MergedGlobals.167)
                  20002390    0000006c     Achilles_main.o (.data..L_MergedGlobals.169)
                  200023fc    0000006c     Achilles_main.o (.data..L_MergedGlobals.170)
                  20002468    00000068     rf_multiMode_cc26x2.a : RFCC26X2_multiMode.c.cc26x2.ticlang.o (.data..L_MergedGlobals.1)
                  200024d0    00000068     ti_sysbios_config.o (.data..L_MergedGlobals.70)
                  20002538    00000068     ti_sysbios_config.o (.data..L_MergedGlobals)
                  200025a0    00000068     ti_sysbios_config.o (.data.ti_sysbios_knl_Clock_Module_state)
                  20002608    00000064     rf_multiMode_cc26x2.a : RFCC26X2_multiMode.c.cc26x2.ticlang.o (.data..L_MergedGlobals.3)
                  2000266c    00000064     OneLib.a : ll_config.o (.data)
                  200026d0    00000060     data_service.o (.data.Data_ServiceAttrTbl)
                  20002730    0000005c     Achilles_main.o (.data..L_MergedGlobals.168)
                  2000278c    0000005c     scif_framework.o (.data..L_MergedGlobals.1)
                  200027e8    00000058     rf_multiMode_cc26x2.a : RFCC26X2_multiMode.c.cc26x2.ticlang.o (.data..L_MergedGlobals.2)
                  20002840    00000058     ti_radio_config.o (.data.pOverrides_bleCommon)
                  20002898    00000050     ti_radio_config.o (.data.txPowerTable_2400_pa5)
                  200028e8    0000004c     observerNotify.o (.data..L_MergedGlobals)
                  20002934    00000048     data_service.o (.data..L_MergedGlobals)
                  2000297c    00000040     oad.o (.data..L_MergedGlobals.1)
                  200029bc    00000040     OneLib.a : gattservapp.o (.data)
                  200029fc    00000040              : sm_pairing.o (.data)
                  20002a3c    0000003c     icall_user_config.o (.data.nvintfFncStruct)
                  20002a78    0000003c     ti_sysbios_config.o (.data.ti_sysbios_knl_Task_Module_state)
                  20002ab4    00000038     drivers_cc26x2x7.a : TRNGCC26XX.c.obj (.data..L_MergedGlobals.1)
                  20002aec    00000004     rf_multiMode_cc26x2.a : RFCC26X2_multiMode.c.cc26x2.ticlang.o (.data.RF_fsmActiveState.lfClockSourceLast)
                  20002af0    00000030     drivers_cc26x2x7.a : TRNGCC26XX.c.obj (.data..L_MergedGlobals)
                  20002b20    00000030     pauseHeater.o (.data.pauseHeaterAttrTbl)
                  20002b50    00000030     runHeater.o (.data.runHeaterAttrTbl)
                  20002b80    00000030     stopHeater.o (.data.stopHeaterAttrTbl)
                  20002bb0    0000002c     oad.o (.data..L_MergedGlobals)
                  20002bdc    0000002a     devinfoservice.o (.data..L_MergedGlobals.1)
                  20002c06    00000002     pauseHeater.o (.data.pauseHeater_PauseHeaterVal)
                  20002c08    00000028     nvocmp.o (.data..L_MergedGlobals.1)
                  20002c30    00000028     Achilles_main.o (.data.AchillesPB_DataService_ValueChangeHandler.received_string)
                  20002c58    00000024     ble_user_config.o (.data.eccParams_NISTP256)
                  20002c7c    00000024     ti_radio_config.o (.data.pOverrides_ble2Mbps)
                  20002ca0    00000020     drivers_cc26x2x7.a : NVSSPI25X.c.obj (.data..L_MergedGlobals)
                  20002cc0    0000001c     ti_ble_config.o (.data.advParams1)
                  20002cdc    0000001b     WS2812.o (.data._au8_spiLedBuffer)
                  20002cf7    00000001     drivers_cc26x2x7.a : AESCTRCC26XX.c.obj (.data.AESCTR_isInitialized)
                  20002cf8    00000018     ti_radio_config.o (.data.pOverrides_ble1Mbps)
                  20002d10    00000015     ti_ble_config.o (.data.attDeviceName)
                  20002d25    00000003     oad.o (.data.oadCharVals)
                  20002d28    00000014     flash_interface_ext_rtos_NVS.o (.data..L_MergedGlobals)
                  20002d3c    00000014     icall.o (.data..L_MergedGlobals)
                  20002d50    00000014     StackWrapper.a : osal.o (.data)
                  20002d64    00000012     ti_ble_config.o (.data.advData1)
                  20002d76    00000012     ti_ble_config.o (.data.scanResData1)
                  20002d88    00000010     ti_radio_config.o (.data.RF_modeBle)
                  20002d98    00000010     driverlib.lib : osc.o (.data._hposcCoeffs)
                  20002da8    00000010     icall_user_config.o (.data.bleAppServiceInfoTable)
                  20002db8    00000010     ti_radio_config.o (.data.pOverrides_bleCoded)
                  20002dc8    00000010     main.o (.data.user0Cfg)
                  20002dd8    00000010     OneLib.a : gattservapp.o (.data)
                  20002de8    00000010              : ll_data.o (.data)
                  20002df8    0000000f     ti_ble_config.o (.data..L_MergedGlobals)
                  20002e07    00000001     nvocmp.o (.data.NVOCMP_failF)
                  20002e08    0000000c     UartLog.o (.data..L_MergedGlobals)
                  20002e14    0000000c     drivers_cc26x2x7.a : NVSCC26XX.c.obj (.data..L_MergedGlobals)
                  20002e20    00000008     button_service.o (.data..L_MergedGlobals.20)
                  20002e28    00000008     drivers_cc26x2x7.a : WatchdogCC26XX.c.obj (.data..L_MergedGlobals)
                  20002e30    00000008     icall_cc2650.o (.data..L_MergedGlobals)
                  20002e38    00000008     rf_multiMode_cc26x2.a : RFCC26X2_multiMode.c.cc26x2.ticlang.o (.data..L_MergedGlobals)
                  20002e40    00000008     scif_framework.o (.data..L_MergedGlobals)
                  20002e48    00000008     rf_multiMode_cc26x2.a : RFCC26X2_multiMode.c.cc26x2.ticlang.o (.data.RFCC26XX_schedulerPolicy)
                  20002e50    00000008     ti_sysbios_config.o (.data.ti_sysbios_gates_GateMutexPri_Module_state)
                  20002e58    00000008     ti_sysbios_config.o (.data.ti_sysbios_heaps_HeapCallback_Module_state)
                  20002e60    00000008     ti_sysbios_config.o (.data.ti_sysbios_knl_Event_state)
                  20002e68    00000008     ti_sysbios_config.o (.data.ti_sysbios_knl_Semaphore_Module_state)
                  20002e70    00000008     OneLib.a : gapgattserver.o (.data)
                  20002e78    00000006     runHeater.o (.data.runHeater_RunHeaterVal)
                  20002e7e    00000002     stopHeater.o (.data.stopHeater_StopHeaterVal)
                  20002e80    00000004     libc.a : _lock.c.obj (.data._lock)
                  20002e84    00000004            : _lock.c.obj (.data._unlock)
                  20002e88    00000004     ble_user_config.o (.data.appAssertCback)
                  20002e8c    00000004     ble_user_config_stack.o (.data.icallServiceTblPtr)
                  20002e90    00000004     scif_framework.o (.data.osalIndicateTaskAlertCallback)
                  20002e94    00000004     button_service.o (.data.pAppCBs)
                  20002e98    00000004     observerNotify.o (.data.pAppCBs)
                  20002e9c    00000004     pauseHeater.o (.data.pAppCBs)
                  20002ea0    00000004     runHeater.o (.data.pAppCBs)
                  20002ea4    00000004     stopHeater.o (.data.pAppCBs)
                  20002ea8    00000004     ti_ble_config.o (.data.pRandomAddress)
                  20002eac    00000004     icall_api_lite.o (.data.pRfErrCb)
                  20002eb0    00000004     icall_api_lite.o (.data.pfnBMAlloc)
                  20002eb4    00000004     icall_api_lite.o (.data.pfnBMFree)
                  20002eb8    00000004     OneLib.a : ll_slave_end_causes.o (.data)
                  20002ebc    00000004     StackWrapper.a : hal_assert.o (.data)
                  20002ec0    00000002     OneLib.a : ll.o (.data)
                  20002ec2    00000002              : ll_config.o (.data)
                  20002ec4    00000002     StackWrapper.a : osal_cbtimer.o (.data)
                  20002ec6    00000001     drivers_cc26x2x7.a : PKAResourceCC26XX.c.obj (.data.PKAResourceCC26XX_pollingFlag)
                  20002ec7    00000001     rf_multiMode_cc26x2.a : rf_patch_cpe_bt5.c.cc26x2.ticlang.o (.data.bBt5PatchEntered)
                  20002ec8    00000001     button_service.o (.data.bs_BUTTON0Props)
                  20002ec9    00000001     button_service.o (.data.bs_BUTTON1Props)
                  20002eca    00000001     devinfoservice.o (.data.devInfo11073CertProps)
                  20002ecb    00000001     devinfoservice.o (.data.devInfoFirmwareRevProps)
                  20002ecc    00000001     devinfoservice.o (.data.devInfoHardwareRevProps)
                  20002ecd    00000001     devinfoservice.o (.data.devInfoMfrNameProps)
                  20002ece    00000001     devinfoservice.o (.data.devInfoModelNumberProps)
                  20002ecf    00000001     devinfoservice.o (.data.devInfoPnpIdProps)
                  20002ed0    00000001     devinfoservice.o (.data.devInfoSerialNumberProps)
                  20002ed1    00000001     devinfoservice.o (.data.devInfoSoftwareRevProps)
                  20002ed2    00000001     devinfoservice.o (.data.devInfoSystemIdProps)
                  20002ed3    00000001     data_service.o (.data.ds_StreamProps)
                  20002ed4    00000001     data_service.o (.data.ds_StringProps)
                  20002ed5    00000001     drivers_cc26x2x7.a : GPIOCC26X2.c.obj (.data.initCalled)
                  20002ed6    00000001                        : AESCCMCC26XX.c.obj (.data.isInitialized)
                  20002ed7    00000001                        : AESCTRDRBGXX.c.obj (.data.isInitialized)
                  20002ed8    00000001                        : AESECBCC26XX.c.obj (.data.isInitialized)
                  20002ed9    00000001                        : CryptoResourceCC26XX.c.obj (.data.isInitialized)
                  20002eda    00000001                        : ECDHCC26X2.c.obj (.data.isInitialized)
                  20002edb    00000001                        : NVS.c.obj (.data.isInitialized)
                  20002edc    00000001                        : PKAResourceCC26XX.c.obj (.data.isInitialized)
                  20002edd    00000001                        : PWM.c.obj (.data.isInitialized)
                  20002ede    00000001                        : SPI.c.obj (.data.isInitialized)
                  20002edf    00000001                        : Watchdog.c.obj (.data.isInitialized)
                  20002ee0    00000001     flash_interface_ext_rtos_NVS.o (.data.isOpen)
                  20002ee1    00000001     oad.o (.data.oadCharExtCtrlProps)
                  20002ee2    00000001     oad.o (.data.oadCharProps)
                  20002ee3    00000001     observerNotify.o (.data.observerNotify_NotifyChracProps)
                  20002ee4    00000001     scif_framework.o (.data.osalCtrlTaskNblLocked)
                  20002ee5    00000001     pauseHeater.o (.data.pauseHeater_PauseHeaterProps)
                  20002ee6    00000001     runHeater.o (.data.runHeater_RunHeaterProps)
                  20002ee7    00000001     stopHeater.o (.data.stopHeater_StopHeaterProps)
                  20002ee8    00000001     OneLib.a : gapgattserver.o (.data)
                  20002ee9    00000001              : gapgattserver.o (.data)
                  20002eea    00000001              : gapgattserver.o (.data)
                  20002eeb    00000001              : gapgattserver.o (.data)
                  20002eec    00000001              : gapgattserver.o (.data)
                  20002eed    00000001              : gapgattserver.o (.data)
                  20002eee    00000001              : gattservapp.o (.data)
                  20002eef    00000001              : gattservapp.o (.data)
                  20002ef0    00000001              : ll.o (.data)
                  20002ef1    00000001              : ll_ae.o (.data)
                  20002ef2    00000001              : ll_data.o (.data)
                  20002ef3    00000001              : ll_scheduler.o (.data)
                  20002ef4    00000001              : sm_task.o (.data)
                  20002ef5    00000001     StackWrapper.a : gap.o (.data)
                  20002ef6    00000001                    : gap.o (.data)
                  20002ef7    00000001                    : hal_assert.o (.data)

.bss       0    20002ef8    00003356     UNINITIALIZED
                  20002ef8    00001000     (.common:appTaskStack)
                  20003ef8    00000500     (.common:uartLog_evBuf)
                  200043f8    00000400     (.common:sbcTaskStack)
                  200047f8    00000300     (.common:ti_sysbios_knl_Idle_taskStack)
                  20004af8    000002c0     rf_multiMode_cc26x2.a : RFCC26X2_multiMode.c.cc26x2.ticlang.o (.bss.RF_cmdPool)
                  20004db8    00000200     (.common:spiCC26X2DMAObjects)
                  20004fb8    00000170     (.common:uart2CC26X2Objects)
                  20005128    00000140     (.common:i2cCC26xxObjects)
                  20005268    00000100     OneLib.a : ll.o (.bss)
                  20005368    00000100     (.common:crcBuf)
                  20005468    000000d8     (.common:ti_sysbios_family_arm_m3_Hwi_dispatchTable)
                  20005540    000000ac     (.common:uartLog_outBuf)
                  200055ec    0000008d     oad.o (.bss.candidateImageHeader)
                  20005679    00000001     OneLib.a : gapgattserver.o (.bss)
                  2000567a    00000002              : gapgattserver.o (.bss)
                  2000567c    00000084     (.common:trngCC26XXObjects)
                  20005700    0000007c     (.common:gpioCallbackFunctions)
                  2000577c    0000007c     (.common:gpioUserArgs)
                  200057f8    00000078     StackWrapper.a : osal_cbtimer.o (.bss)
                  20005870    00000068     rf_multiMode_cc26x2.a : RFCC26X2_multiMode.c.cc26x2.ticlang.o (.bss.RF_ratModule)
                  200058d8    00000060     (.common:ti_sysbios_knl_ClockSupport_timerStruct)
                  20005938    00000058     (.common:pzTask)
                  20005990    00000058     (.common:task0)
                  200059e8    00000058     (.common:ti_sysbios_knl_Idle_taskStruct)
                  20005a40    00000054     (.common:aesctrdrbgXXObjects)
                  20005a94    00000050     (.common:CryptoResourceCC26XX_accessSemaphore)
                  20005ae4    00000050     (.common:CryptoResourceCC26XX_operationSemaphore)
                  20005b34    00000050     (.common:PKAResourceCC26XX_accessSemaphore)
                  20005b84    00000050     (.common:PKAResourceCC26XX_operationSemaphore)
                  20005bd4    0000004c     (.common:gptimerCC26XXObjects)
                  20005c20    00000044                           : RFCC26X2_multiMode.c.cc26x2.ticlang.o (.bss.RF_clkInactivityObj)
                  20005c64    00000044                           : RFCC26X2_multiMode.c.cc26x2.ticlang.o (.bss.RF_clkPowerUpObj)
                  20005ca8    00000040     ti_drivers_config.o (.bss.verifyBuf)
                  20005ce8    00000040     (.common:aesctrCC26XXObjects)
                  20005d28    0000003c     rf_multiMode_cc26x2.a : RFCC26X2_multiMode.c.cc26x2.ticlang.o (.bss.RF_swiHwObj)
                  20005d64    0000003c     StackWrapper.a : osal_snv_wrapper.o (.bss)
                  20005da0    00000030     (.common:ti_sysbios_knl_Swi_readyQs)
                  20005dd0    00000030     (.common:ti_sysbios_knl_Task_readyQs)
                  20005e00    0000002e     (.common:NVOCMP_nvHandle)
                  20005e2e    00000002     OneLib.a : ll.o (.bss)
                  20005e30    00000028     (.common:watchdogCC26XXObjects)
                  20005e58    00000024     Achilles_main.o (.bss.i2cCommunicateClock)
                  20005e7c    00000024     OneLib.a : ll.o (.bss)
                  20005ea0    00000024     (.common:aesecbCC26XXObjects)
                  20005ec4    00000020     ti_drivers_config.o (.bss.uart2RxRingBuffer0)
                  20005ee4    00000020     ti_drivers_config.o (.bss.uart2TxRingBuffer0)
                  20005f04    00000020     OneLib.a : gattservapp.o (.bss)
                  20005f24    00000020     StackWrapper.a : gapbondmgr.o (.bss)
                  20005f44    00000020                    : gapbondmgr.o (.bss)
                  20005f64    00000020     (.common:ecdhCC26X2Objects)
                  20005f84    00000020     (.common:i2cTransaction)
                  20005fa4    00000020     (.common:pwmTimerCC26XXObjects)
                  20005fc4    00000020     (.common:ti_sysbios_runtime_System_atexitHandlers)
                  20005fe4    00000020     (.common:udmaCC26XXObject)
                  20006004    0000001c     drivers_cc26x2x7.a : GPIOCC26X2.c.obj (.bss.gpioHwi)
                  20006020    0000001c     scif_framework.o (.bss.semCtrlReady)
                  2000603c    0000001c     (.common:BIOS_heapCallbackObject)
                  20006058    0000001c     (.common:BIOS_rtsGate)
                  20006074    0000001c     (.common:CryptoResourceCC26XX_hwi)
                  20006090    0000001c     (.common:PKAResourceCC26XX_hwi)
                  200060ac    00000018     OneLib.a : gapgattserver.o (.bss)
                  200060c4    00000018     (.common:aesccmCC26XXObjects)
                  200060dc    00000014     drivers_cc26x2x7.a : Random.c.obj (.bss.state)
                  200060f0    00000010     OneLib.a : ll.o (.bss)
                  20006100    00000010     (.common:i2cParams)
                  20006110    0000000c              : ll.o (.bss)
                  2000611c    0000000c              : ll.o (.bss)
                  20006128    0000000c              : ll_scheduler.o (.bss)
                  20006134    0000000c     (.common:Status)
                  20006140    0000000c     (.common:nvsSPI25XObjects)
                  2000614c    00000008              : ll.o (.bss)
                  20006154    00000008              : ll.o (.bss)
                  2000615c    00000008              : ll_ae.o (.bss)
                  20006164    00000008     StackWrapper.a : gapbondmgr.o (.bss)
                  2000616c    00000006     (.common:runheatr)
                  20006172    00000002     OneLib.a : ll_slave_end_causes.o (.bss)
                  20006174    00000004     WS2812.o (.bss._spiHandle)
                  20006178    00000004     data_service.o (.bss.ds_StreamConfig)
                  2000617c    00000004     observerNotify.o (.bss.observerNotify_NotifyChracConfig)
                  20006180    00000004     driverlib.lib : osc.o (.bss.oscHfGlobals.0)
                  20006184    00000004                   : osc.o (.bss.oscHfGlobals.2)
                  20006188    00000004                   : osc.o (.bss.oscHfGlobals.3)
                  2000618c    00000004                   : osc.o (.bss.oscHfGlobals.4)
                  20006190    00000004     drivers_cc26x2x7.a : ECDHCC26X2.c.obj (.bss.resultPKAMemAddr)
                  20006194    00000004     OneLib.a : gapgattserver.o (.bss)
                  20006198    00000004              : gattservapp.o (.bss)
                  2000619c    00000004              : linkdb.o (.bss)
                  200061a0    00000004              : ll.o (.bss)
                  200061a4    00000004              : ll.o (.bss)
                  200061a8    00000004              : ll.o (.bss)
                  200061ac    00000004              : ll.o (.bss)
                  200061b0    00000004              : ll.o (.bss)
                  200061b4    00000004              : ll_ae.o (.bss)
                  200061b8    00000004              : ll_common.o (.bss)
                  200061bc    00000004              : ll_enc.o (.bss)
                  200061c0    00000004              : ll_privacy.o (.bss)
                  200061c4    00000004     StackWrapper.a : gapbondmgr.o (.bss)
                  200061c8    00000004                    : gapbondmgr.o (.bss)
                  200061cc    00000004                    : osal.o (.bss)
                  200061d0    00000004                    : osal.o (.bss)
                  200061d4    00000004                    : osal.o (.bss)
                  200061d8    00000004                    : osal.o (.bss)
                  200061dc    00000004                    : osal.o (.bss)
                  200061e0    00000004                    : osal.o (.bss)
                  200061e4    00000004                    : osal_bufmgr.o (.bss)
                  200061e8    00000004                    : osal_clock.o (.bss)
                  200061ec    00000004                    : osal_clock.o (.bss)
                  200061f0    00000004                    : osal_timers.o (.bss)
                  200061f4    00000004                    : osal_timers.o (.bss)
                  200061f8    00000004                    : osal_timers.o (.bss)
                  200061fc    00000004     (.common:HEAPMGR_SIZE)
                  20006200    00000004     (.common:PowerCC26XX_swiKey)
                  20006204    00000004     (.common:PowerCC26XX_taskKey)
                  20006208    00000004     (.common:dutyValue1)
                  2000620c    00000004     (.common:heater01)
                  20006210    00000004     (.common:i2c)
                  20006214    00000004     (.common:stopClockTime)
                  20006218    00000004     (.common:tasksEvents)
                  2000621c    00000004     (.common:ti_sysbios_family_arm_cc26xx_TimestampProvider_Module_state)
                  20006220    00000004     (.common:ti_sysbios_knl_Task_defaultStackHeap)
                  20006224    00000004     (.common:watchdogHandle)
                  20006228    00000002                    : osal_pwrmgr.o (.bss)
                  2000622a    00000002     (.common:rxBufferTMT117)
                  2000622c    00000002     (.common:txBufferTMT117)
                  2000622e    00000001     OneLib.a : gattservapp.o (.bss)
                  2000622f    00000001              : hci_tl.o (.bss)
                  20006230    00000001              : hci_tl.o (.bss)
                  20006231    00000001              : hci_tl.o (.bss)
                  20006232    00000001              : hci_tl.o (.bss)
                  20006233    00000001              : hci_tl.o (.bss)
                  20006234    00000001              : hci_tl.o (.bss)
                  20006235    00000001              : ll.o (.bss)
                  20006236    00000001              : ll.o (.bss)
                  20006237    00000001              : ll.o (.bss)
                  20006238    00000001              : ll.o (.bss)
                  20006239    00000001              : ll_ae.o (.bss)
                  2000623a    00000001              : ll_config.o (.bss)
                  2000623b    00000001              : ll_config.o (.bss)
                  2000623c    00000001              : ll_enc.o (.bss)
                  2000623d    00000001              : ll_isr.o (.bss)
                  2000623e    00000001              : sm_task.o (.bss)
                  2000623f    00000001     StackWrapper.a : ble_dispatch_lite.o (.bss)
                  20006240    00000001                    : gapbondmgr.o (.bss)
                  20006241    00000001                    : gapbondmgr.o (.bss)
                  20006242    00000001                    : hal_assert.o (.bss)
                  20006243    00000001                    : osal.o (.bss)
                  20006244    00000001                    : osal_pwrmgr.o (.bss)
                  20006245    00000001     (.common:IRLgt)
                  20006246    00000001     (.common:NVOCMP_size)
                  20006247    00000001     (.common:gAction)
                  20006248    00000001     (.common:heatLvl)
                  20006249    00000001     (.common:heatMax)
                  2000624a    00000001     (.common:nvsCC26XXObjects)
                  2000624b    00000001     (.common:protclIndx)
                  2000624c    00000001     (.common:time1)
                  2000624d    00000001     (.common:time2)

.vtable    0    2000624e    00000000     UNINITIALIZED

.vtable_ram 
*          0    2000624e    00000000     UNINITIALIZED

vtable_ram 
*          0    2000624e    00000000     UNINITIALIZED

.sysmem    0    2000624e    00000000     UNINITIALIZED

.nonretenvar 
*          0    2000624e    00000000     UNINITIALIZED

.noinit    0    2000624e    00000000     UNINITIALIZED

.stack     0    20023c00    00000400     UNINITIALIZED
                  20023c00    00000004     sysbios.a : boot_cortex_m.obj (.stack)
                  20023c04    000003fc     --HOLE--

.text      0    000000d0    00021780     
                  000000d0    00001d98     Achilles_main.o (.text.AchillesPB_taskFxn)
                  00001e68    00000be0     StackWrapper.a : gapbondmgr.o (.text)
                  00002a48    00000708     OneLib.a : ll_adv_end_causes.o (.text)
                  00003150    000006ec     oad.o (.text.OAD_processQueue)
                  0000383c    000006ec     StackWrapper.a : gapbondmgr.o (.text)
                  00003f28    000004f0     OneLib.a : ll_ae.o (.text)
                  00004418    00000498     rf_multiMode_cc26x2.a : RFCC26X2_multiMode.c.cc26x2.ticlang.o (.text.RF_fsmActiveState)
                  000048b0    00000480     OneLib.a : ble.o (.text)
                  00004d30    0000047c              : ll_isr.o (.text)
                  000051ac    00000460              : ll_slave_end_causes.o (.text)
                  0000560c    00000448              : ll.o (.text)
                  00005a54    000003e8     oad.o (.text.oadProcessExtControlCmd)
                  00005e3c    000003d0     Achilles_main.o (.text.stateCreateTaskFunction)
                  0000620c    0000038c     OneLib.a : ll_scheduler.o (.text)
                  00006598    00000350              : ll_slave_end_causes.o (.text)
                  000068e8    00000348              : ll_ae.o (.text)
                  00006c30    00000338              : ll_ae.o (.text)
                  00006f68    00000334              : ll_scheduler.o (.text)
                  0000729c    00000330     ti_sysbios_config.o (.text.ti_sysbios_runtime_System_doPrint)
                  000075cc    00000004     drivers_cc26x2x7.a : AESCTRDRBGXX.c.obj (.text.AESCTRDRBG_getBytes)
                  000075d0    000002ec     Achilles_main.o (.text.SOC_OCV)
                  000078bc    000002cc     nvocmp.o (.text.NVOCMP_initNvApi)
                  00007b88    000002c8     drivers_cc26x2x7.a : SPICC26X2DMA.c.obj (.text.SPICC26X2DMA_transfer)
                  00007e50    000002b0     StackWrapper.a : gapbondmgr.o (.text)
                  00008100    000002a4     nvocmp.o (.text.NVOCMP_compactPage)
                  000083a4    0000029c     rf_multiMode_cc26x2.a : RFCC26X2_multiMode.c.cc26x2.ticlang.o (.text.RF_open)
                  00008640    00000294     OneLib.a : ll.o (.text)
                  000088d4    00000274              : ll_ae.o (.text)
                  00008b48    00000274              : ll_isr.o (.text)
                  00008dbc    00000268              : ll_isr.o (.text)
                  00009024    0000025c              : ll_common.o (.text)
                  00009280    0000025c     StackWrapper.a : gapbondmgr.o (.text)
                  000094dc    00000254     drivers_cc26x2x7.a : ECDHCC26X2.c.obj (.text.ECDHCC26X2_hwiFxn)
                  00009730    0000024c     OneLib.a : ll_data.o (.text)
                  0000997c    0000023c     nvocmp.o (.text.NVOCMP_addItem)
                  00009bb8    00000234     Achilles_main.o (.text.BQ25887)
                  00009dec    00000204     OneLib.a : gattservapp.o (.text)
                  00009ff0    000001f4     Achilles_main.o (.text.HeaterPID)
                  0000a1e4    000001f0     drivers_cc26x2x7.a : UART2CC26X2.c.obj (.text.UART2CC26X2_hwiIntFxn)
                  0000a3d4    000001e8     rf_multiMode_cc26x2.a : RFCC26X2_multiMode.c.cc26x2.ticlang.o (.text.RF_scheduleCmd)
                  0000a5bc    000001e8     OneLib.a : ll.o (.text)
                  0000a7a4    000001e0     StackWrapper.a : osal.o (.text)
                  0000a984    000001dc     rf_multiMode_cc26x2.a : RFCC26X2_multiMode.c.cc26x2.ticlang.o (.text.RF_dispatchNextCmd)
                  0000ab60    000001d8     Achilles_main.o (.text.runheater)
                  0000ad38    000001c0     ble_user_config_stack.o (.text.setBleUserConfig)
                  0000aef8    000001bc     OneLib.a : ll_scheduler.o (.text)
                  0000b0b4    000001b6     libclang_rt.builtins.a : adddf3.S.obj (.text)
                  0000b26a    000001ae     drivers_cc26x2x7.a : SPICC26X2DMA.c.obj (.text.SPICC26X2DMA_hwiFxn)
                  0000b418    00000198     OneLib.a : ll_common.o (.text)
                  0000b5b0    00000194     drivers_cc26x2x7.a : PowerCC26X2_calibrateRCOSC.c.obj (.text.PowerCC26X2_auxISR)
                  0000b744    00000188                        : AESECBCC26XX.c.obj (.text.AESECB_addDataInternal)
                  0000b8cc    00000188                        : SPICC26X2DMA.c.obj (.text.SPICC26X2DMA_open)
                  0000ba54    00000188     OneLib.a : ll_isr.o (.text)
                  0000bbdc    00000184              : ll_ae.o (.text)
                  0000bd60    0000017c     drivers_cc26x2x7.a : ECDHCC26X2.c.obj (.text.ECDH_computeSharedSecret)
                  0000bedc    0000017c                        : UART2CC26X2.c.obj (.text.UART2_open)
                  0000c058    00000174                        : UART2.c.obj (.text.UART2_writeTimeoutBlocking)
                  0000c1cc    00000174     OneLib.a : gattservapp.o (.text)
                  0000c340    00000174              : ll_scheduler.o (.text)
                  0000c4b4    00000170     Achilles_main.o (.text.DOD)
                  0000c624    00000170     data_service.o (.text.Data_Service_WriteAttrCB)
                  0000c794    0000016c     drivers_cc26x2x7.a : AESCCMCC26XX.c.obj (.text.AESCCM_startOperation)
                  0000c900    0000016c     UartLog.o (.text.uartLog_flush)
                  0000ca6c    00000168     OneLib.a : ll_ae.o (.text)
                  0000cbd4    00000164     crc32.o (.text.CRC32_calc)
                  0000cd38    00000164     icall.o (.text.ICall_waitMatch)
                  0000ce9c    00000162     StackWrapper.a : osal.o (.text)
                  0000cffe    00000002     ti_sysbios_config.o (.text.BIOS_nullFunc)
                  0000d000    00000160     drivers_cc26x2x7.a : SPICC26X2DMA.c.obj (.text.configNextTransfer)
                  0000d160    0000015c                        : NVSSPI25X.c.obj (.text.NVSSPI25X_write)
                  0000d2bc    0000015c     Achilles_main.o (.text.SOC)
                  0000d418    00000158     drivers_cc26x2x7.a : AESCTRCC26XX.c.obj (.text.AESCTR_processData)
                  0000d570    00000158                        : PowerCC26X2.c.obj (.text.Power_sleep)
                  0000d6c8    00000150     OneLib.a : gap_task.o (.text)
                  0000d818    00000150              : ll_ae.o (.text)
                  0000d968    0000014c              : ll_isr.o (.text)
                  0000dab4    00000148     Achilles_main.o (.text.I2CTMT117)
                  0000dbfc    00000148     rf_multiMode_cc26x2.a : RFCC26X2_multiMode.c.cc26x2.ticlang.o (.text.RF_radioOpDoneCb)
                  0000dd44    00000144     data_service.o (.text.DataService_SetParameter)
                  0000de88    00000144     ti_sysbios_config.o (.text.ti_sysbios_runtime_System_printfExtend)
                  0000dfcc    00000144     StackWrapper.a : gap.o (.text)
                  0000e110    00000140     OneLib.a : gattservapp.o (.text)
                  0000e250    0000013c     drivers_cc26x2x7.a : I2CCC26XX.c.obj (.text.I2C_open)
                  0000e38c    00000134     rf_multiMode_cc26x2.a : RFCC26X2_multiMode.c.cc26x2.ticlang.o (.text.RF_ratSetupChannel)
                  0000e4c0    00000130     driverlib.lib : aes.o (.text.NOROM_AESWriteToKeyStore)
                  0000e5f0    0000012c     button_service.o (.text.ButtonService_SetParameter)
                  0000e71c    0000012c     rf_multiMode_cc26x2.a : RFCC26X2_multiMode.c.cc26x2.ticlang.o (.text.RF_close)
                  0000e848    0000012c                           : RFCC26X2_multiMode.c.cc26x2.ticlang.o (.text.RF_fsmSetupState)
                  0000e974    0000012c     drivers_cc26x2x7.a : TRNGCC26XX.c.obj (.text.TRNGCC26XX_hwiFxn)
                  0000eaa0    00000126                        : I2C.c.obj (.text.I2C_transferTimeout)
                  0000ebc6    00000002     ti_drivers_config.o (.text.Board_initHook)
                  0000ebc8    00000124     rf_multiMode_cc26x2.a : RFCC26X2_multiMode.c.cc26x2.ticlang.o (.text.RF_abortCmd)
                  0000ecec    00000122     drivers_cc26x2x7.a : SPICC26X2DMA.c.obj (.text.SPICC26X2DMA_transferCancel)
                  0000ee0e    00000002     ble_user_config.o (.text.DefaultAssertCback)
                  0000ee10    00000120     main.o (.text.AssertHandler)
                  0000ef30    00000120     nvocmp.o (.text.NVOCMP_findItem)
                  0000f050    00000120     ti_sysbios_config.o (.text.ti_sysbios_family_arm_cc26xx_Timer_construct)
                  0000f170    00000120     OneLib.a : ll_common.o (.text)
                  0000f290    00000120              : ll_data.o (.text)
                  0000f3b0    0000011c     sysbios.a : Hwi_asm_gnu.obj (.text.ti_sysbios_family_arm_m3_Hwi_dispatch)
                  0000f4cc    0000011a     drivers_cc26x2x7.a : UART2.c.obj (.text.UART2_writeTimeoutNonblocking)
                  0000f5e6    00000002                        : I2C.c.obj (.text.I2C_init)
                  0000f5e8    00000118                        : PowerCC26X2.c.obj (.text.Power_init)
                  0000f700    00000118     rf_multiMode_cc26x2.a : RFCC26X2_multiMode.c.cc26x2.ticlang.o (.text.RF_decodeOverridePointers)
                  0000f818    0000010c     drivers_cc26x2x7.a : ECDHCC26X2.c.obj (.text.ECDH_generatePublicKey)
                  0000f924    0000010c                        : NVSSPI25X.c.obj (.text.NVSSPI25X_open)
                  0000fa30    0000010c     oad.o (.text.OAD_open)
                  0000fb3c    0000010c     drivers_cc26x2x7.a : PowerCC26X2_calibrateRCOSC.c.obj (.text.PowerCC26X2_calibrate)
                  0000fc48    0000010c     OneLib.a : gatt_client.o (.text)
                  0000fd54    00000108     drivers_cc26x2x7.a : NVSCC26XX.c.obj (.text.NVSCC26XX_write)
                  0000fe5c    00000108     rf_multiMode_cc26x2.a : RFCC26X2_multiMode.c.cc26x2.ticlang.o (.text.RF_fsmPowerUpState)
                  0000ff64    00000104     drivers_cc26x2x7.a : GPIOCC26X2.c.obj (.text.GPIO_init)
                  00010068    00000104     driverlib.lib : sys_ctrl.o (.text.NOROM_SysCtrlStandby)
                  0001016c    00000104     drivers_cc26x2x7.a : UART2CC26X2.c.obj (.text.UART2CC26X2_initHw)
                  00010270    000000fe     OneLib.a : ll_scheduler.o (.text)
                  0001036e    00000002     rom_init.o (.text.MAP_HCI_CteRequestFailedEvent)
                  00010370    000000fc     rf_multiMode_cc26x2.a : RFCC26X2_multiMode.c.cc26x2.ticlang.o (.text.RF_hwiCpe0Active)
                  0001046c    000000fc     OneLib.a : ll_isr.o (.text)
                  00010568    000000fc              : ll_scheduler.o (.text)
                  00010664    000000fc     libclang_rt.builtins.a : muldf3.S.obj (.text)
                  00010760    000000f8     drivers_cc26x2x7.a : TRNGCC26XX.c.obj (.text.TRNG_getRandom)
                  00010858    000000f8     OneLib.a : sm_rsppairing.o (.text)
                  00010950    000000f6     drivers_cc26x2x7.a : AESCTRDRBGXX.c.obj (.text.AESCTRDRBG_getRandomBytes)
                  00010a46    00000002     rom_init.o (.text.MAP_llClearPeriodicAdvSets)
                  00010a48    000000f0     drivers_cc26x2x7.a : UART2CC26X2.c.obj (.text.UART2Support_dmaStartRx)
                  00010b38    000000f0     OneLib.a : ll_ae.o (.text)
                  00010c28    000000ec              : gap_advertiser.o (.text)
                  00010d14    000000ec              : ll_common.o (.text)
                  00010e00    000000e8     drivers_cc26x2x7.a : I2CCC26XX.c.obj (.text.I2CCC26XX_hwiFxn)
                  00010ee8    000000e4     driverlib.lib : setup.o (.text.NOROM_SetupTrimDevice)
                  00010fcc    000000e4     ti_sysbios_config.o (.text.ti_sysbios_knl_Semaphore_pend)
                  000110b0    000000e4     OneLib.a : gapgattserver.o (.text)
                  00011194    000000e4              : ll_ae.o (.text)
                  00011278    000000e0     ti_sysbios_config.o (.text.ti_sysbios_knl_Event_pend)
                  00011358    000000e0     OneLib.a : ll_scheduler.o (.text)
                  00011438    000000e0     StackWrapper.a : osal_timers.o (.text)
                  00011518    000000dc     rf_multiMode_cc26x2.a : RFCC26X2_multiMode.c.cc26x2.ticlang.o (.text.RF_control)
                  000115f4    000000dc     drivers_cc26x2x7.a : NVSSPI25X.c.obj (.text.doErase)
                  000116d0    000000dc     OneLib.a : ll_ae.o (.text)
                  000117ac    000000d8     devinfoservice.o (.text.DevInfo_SetParameter)
                  00011884    000000d8     drivers_cc26x2x7.a : SPICC26X2DMA.c.obj (.text.SPICC26X2DMA_control)
                  0001195c    000000d8     Achilles_main.o (.text.onLEDs)
                  00011a34    000000d8     scif_framework.o (.text.scifInit)
                  00011b0c    000000d8     ti_sysbios_config.o (.text.ti_sysbios_family_arm_m3_Hwi_excFillContext)
                  00011be4    000000d0     drivers_cc26x2x7.a : PowerCC26X2.c.obj (.text.configureXOSCHF)
                  00011cb4    000000cc                        : AESCTRDRBGXX.c.obj (.text.AESCTRDRBG_construct)
                  00011d80    000000cc     ti_sysbios_config.o (.text.ti_sysbios_knl_Clock_workFuncDynamic)
                  00011e4c    000000cc     OneLib.a : hci_event.o (.text)
                  00011f18    000000cc     StackWrapper.a : osal.o (.text)
                  00011fe4    000000ca     rf_multiMode_cc26x2.a : RFCC26X2_multiMode.c.cc26x2.ticlang.o (.text.RF_updatePaConfiguration)
                  000120ae    00000002     rom_init.o (.text.MAP_llClearPeriodicScanSets)
                  000120b0    000000c8     button_service.o (.text.Button_Service_WriteAttrCB)
                  00012178    000000c8     OneLib.a : gap_scanner.o (.text)
                  00012240    000000c8              : gapgattserver.o (.text)
                  00012308    000000c8              : ll.o (.text)
                  000123d0    000000c8              : ll_ae.o (.text)
                  00012498    000000c6     drivers_cc26x2x7.a : AESCTRDRBGXX.c.obj (.text.AESCTRDRBG_reseed)
                  0001255e    00000002     rom_init.o (.text.MAP_llCoexInit)
                  00012560    000000c4     button_service.o (.text.Button_Service_ReadAttrCB)
                  00012624    000000c4     data_service.o (.text.Data_Service_ReadAttrCB)
                  000126e8    000000c0     driverlib.lib : setup.o (.text.TrimAfterColdResetWakeupFromShutDown)
                  000127a8    000000c0     oad.o (.text.oadCreateFactoryImageBackup)
                  00012868    000000c0     OneLib.a : ll.o (.text)
                  00012928    000000c0              : ll_isr.o (.text)
                  000129e8    000000bc     rf_multiMode_cc26x2.a : RFCC26X2_multiMode.c.cc26x2.ticlang.o (.text.RF_swiHw)
                  00012aa4    000000bc     drivers_cc26x2x7.a : UART2CC26X2.c.obj (.text.UART2Support_dmaStartTx)
                  00012b60    000000bc     oad.o (.text.oadWriteAttrCB)
                  00012c1c    000000bc     OneLib.a : ble.o (.text)
                  00012cd8    000000bc              : ll_ecc.o (.text)
                  00012d94    000000bc              : ll_scheduler.o (.text)
                  00012e50    000000b8     devinfoservice.o (.text.devInfo_ReadAttrCB)
                  00012f08    000000b8     ti_ble_config.o (.text.setBondManagerParameters)
                  00012fc0    000000b8     ti_sysbios_config.o (.text.ti_sysbios_knl_Task_Instance_finalize)
                  00013078    000000b8     OneLib.a : ll.o (.text)
                  00013130    000000b8              : ll_slave_end_causes.o (.text)
                  000131e8    000000b8     StackWrapper.a : gapbondmgr.o (.text)
                  000132a0    000000b8                    : gattservapp_util.o (.text)
                  00013358    000000b4     driverlib.lib : osc.o (.text.NOROM_OSCHF_AttemptToSwitchToXosc)
                  0001340c    000000b4     ti_sysbios_config.o (.text.PowerCC26XX_standbyPolicy)
                  000134c0    000000b4     drivers_cc26x2x7.a : PowerCC26X2.c.obj (.text.Power_releaseDependency)
                  00013574    000000b4     ti_sysbios_config.o (.text.ti_sysbios_knl_Task_setPri)
                  00013628    000000b0     drivers_cc26x2x7.a : PowerCC26X2.c.obj (.text.Power_setDependency)
                  000136d8    000000b0     OneLib.a : ll_enc.o (.text)
                  00013788    000000b0     StackWrapper.a : gattservapp_util.o (.text)
                  00013838    000000b0     libclang_rt.builtins.a : udivmoddi4.S.obj (.text)
                  000138e8    000000ac     rf_multiMode_cc26x2.a : RFCC26X2_multiMode.c.cc26x2.ticlang.o (.text.RF_pendCmd)
                  00013994    000000ac     scif_framework.o (.text.scifCtrlTasksNbl)
                  00013a40    000000ac     OneLib.a : ll_ae.o (.text)
                  00013aec    000000a8     Achilles_main.o (.text.AchillesPB_updatePHYStat)
                  00013b94    000000a8     drivers_cc26x2x7.a : GPTimerCC26XX.c.obj (.text.GPTimerCC26XX_open)
                  00013c3c    000000a8                        : PWMTimerCC26XX.c.obj (.text.PWMTimerCC26XX_open)
                  00013ce4    000000a8     OneLib.a : hci_data.o (.text)
                  00013d8c    000000a8              : ll.o (.text)
                  00013e34    000000a8              : ll_common.o (.text)
                  00013edc    000000a8     StackWrapper.a : gapbondmgr.o (.text)
                  00013f84    000000a4     icall.o (.text.ICall_heapMalloc)
                  00014028    000000a4     drivers_cc26x2x7.a : PWMTimerCC26XX.c.obj (.text.PWMTimerCC26XX_setDutyAndPeriod)
                  000140cc    000000a4     rf_multiMode_cc26x2.a : RFCC26X2_multiMode.c.cc26x2.ticlang.o (.text.RF_initRadioSetup)
                  00014170    000000a4     ti_sysbios_config.o (.text.ti_sysbios_knl_Task_Instance_init)
                  00014214    000000a4     OneLib.a : ll_ae.o (.text)
                  000142b8    000000a4     StackWrapper.a : gapbondmgr.o (.text)
                  0001435c    000000a4                    : osal_cbtimer.o (.text)
                  00014400    000000a0     drivers_cc26x2x7.a : I2CCC26XX.c.obj (.text.I2CCC26XX_swiFxn)
                  000144a0    000000a0     rf_multiMode_cc26x2.a : RFCC26X2_multiMode.c.cc26x2.ticlang.o (.text.RF_calculateDispatchTime)
                  00014540    000000a0     OneLib.a : gap_scanner.o (.text)
                  000145e0    000000a0              : gattservapp.o (.text)
                  00014680    000000a0              : ll_common.o (.text)
                  00014720    000000a0              : ll_scheduler.o (.text)
                  000147c0    0000009c     drivers_cc26x2x7.a : AESCTRCC26XX.c.obj (.text.AESCTR_startOneStepOperation)
                  0001485c    0000009c     Achilles_main.o (.text.stopClockSwiFxn)
                  000148f8    0000009c     OneLib.a : ll_common.o (.text)
                  00014994    0000009c              : ll_ecc.o (.text)
                  00014a30    00000098     drivers_cc26x2x7.a : GPTimerCC26XX.c.obj (.text.GPTimerCC26XX_close)
                  00014ac8    00000098     nvocmp.o (.text.NVOCMP_erase)
                  00014b60    00000098     rf_multiMode_cc26x2.a : RFCC26X2_multiMode.c.cc26x2.ticlang.o (.text.RF_defaultSubmitPolicy)
                  00014bf8    00000098     drivers_cc26x2x7.a : WatchdogCC26XX.c.obj (.text.WatchdogCC26XX_open)
                  00014c90    00000098     OneLib.a : gattservapp.o (.text)
                  00014d28    00000098              : hci_event.o (.text)
                  00014dc0    00000096     rf_multiMode_cc26x2.a : RFCC26X2_multiMode.c.cc26x2.ticlang.o (.text.RF_verifyGap)
                  00014e56    00000002     rom_init.o (.text.MAP_llCoexSetParams)
                  00014e58    00000094     rf_multiMode_cc26x2.a : RFCC26X2_multiMode.c.cc26x2.ticlang.o (.text.RF_ratRestartChannels)
                  00014eec    00000094     UartLog.o (.text.UartLog_log)
                  00014f80    00000094     Achilles_main.o (.text.batteryIndication)
                  00015014    00000094     Achilles_main.o (.text.buttonDebounceSwiFxn)
                  000150a8    00000094     ti_sysbios_config.o (.text.ti_sysbios_knl_Clock_startI)
                  0001513c    00000094     ti_sysbios_config.o (.text.ti_sysbios_knl_Task_sleep)
                  000151d0    00000094     OneLib.a : gatt_server.o (.text)
                  00015264    00000094              : ll.o (.text)
                  000152f8    00000094              : ll_scheduler.o (.text)
                  0001538c    00000092              : gap_task.o (.text)
                  0001541e    00000002     rom_init.o (.text.MAP_llCoexUpdateCounters)
                  00015420    00000090     Achilles_main.o (.text.achilliesInit)
                  000154b0    00000090     observerNotify.o (.text.observerNotify_WriteAttrCB)
                  00015540    00000090     osal_icall_ble.o (.text.osalInitTasks)
                  000155d0    00000090     pauseHeater.o (.text.pauseHeater_WriteAttrCB)
                  00015660    00000090     runHeater.o (.text.runHeater_WriteAttrCB)
                  000156f0    00000090     stopHeater.o (.text.stopHeater_WriteAttrCB)
                  00015780    00000090     OneLib.a : ll.o (.text)
                  00015810    00000090              : ll_ae.o (.text)
                  000158a0    00000090              : ll_common.o (.text)
                  00015930    0000008c     drivers_cc26x2x7.a : GPIOCC26XX.c.obj (.text.GPIO_setConfig)
                  000159bc    0000008c                        : TRNGCC26XX.c.obj (.text.TRNG_construct)
                  00015a48    0000008c     ti_sysbios_config.o (.text.ti_sysbios_knl_Clock_init)
                  00015ad4    00000088     button_service.o (.text.ButtonService_AddService)
                  00015b5c    00000088     rf_multiMode_cc26x2.a : RFCC26X2_multiMode.c.cc26x2.ticlang.o (.text.RF_cmdDispatchTime)
                  00015be4    00000088                           : RFCC26X2_multiMode.c.cc26x2.ticlang.o (.text.RF_discardPendCmd)
                  00015c6c    00000088     OneLib.a : ll_isr.o (.text)
                  00015cf4    00000088     StackWrapper.a : osal_cbtimer.o (.text)
                  00015d7c    00000084     icall.o (.text.ICall_setTimer)
                  00015e00    00000084     nvocmp.o (.text.NVOCMP_readHeader)
                  00015e84    00000084     rf_multiMode_cc26x2.a : RFCC26X2_multiMode.c.cc26x2.ticlang.o (.text.RF_getInfo)
                  00015f08    00000084     WS2812.o (.text.WS2812_setPixelColor)
                  00015f8c    00000084     OneLib.a : ll_ae.o (.text)
                  00016010    00000080     drivers_cc26x2x7.a : AESCTRCC26XX.c.obj (.text.AESCTR_hwiFxn)
                  00016090    00000080     data_service.o (.text.DataService_AddService)
                  00016110    00000080     drivers_cc26x2x7.a : NVSSPI25X.c.obj (.text.NVSSPI25X_close)
                  00016190    00000080                        : UART2CC26X2.c.obj (.text.UART2Support_dmaStopTx)
                  00016210    00000080                        : NVSCC26XX.c.obj (.text.doErase)
                  00016290    00000080     oad.o (.text.oadResetState)
                  00016310    00000080     oad.o (.text.oadSendNotification)
                  00016390    00000080     ti_sysbios_config.o (.text.ti_sysbios_family_arm_m3_Hwi_initNVIC)
                  00016410    00000080     ti_sysbios_config.o (.text.ti_sysbios_gates_GateMutexPri_enter)
                  00016490    00000080     OneLib.a : ll_enc.o (.text)
                  00016510    0000007e              : gap_task.o (.text)
                  0001658e    00000002     rom_init.o (.text.MAP_llDmmDynamicFree)
                  00016590    0000007c     rf_multiMode_cc26x2.a : RFCC26X2_multiMode.c.cc26x2.ticlang.o (.text.RF_ratDisableChannel)
                  0001660c    0000007c     libclang_rt.builtins.a : comparedf2.c.obj (.text.__gedf2)
                  00016688    0000007c                            : comparedf2.c.obj (.text.__ledf2)
                  00016704    0000007c     drivers_cc26x2x7.a : NVSSPI25X.c.obj (.text.doRead)
                  00016780    0000007c     icall.o (.text.icall_directAPI)
                  000167fc    0000007c     ti_sysbios_config.o (.text.ti_sysbios_family_arm_m3_Hwi_postInit)
                  00016878    0000007c     OneLib.a : ll_common.o (.text)
                  000168f4    0000007c     StackWrapper.a : gapbondmgr.o (.text)
                  00016970    0000007a     OneLib.a : gattservapp.o (.text)
                  000169ea    00000002     rom_init.o (.text.MAP_llDmmSetThreshold)
                  000169ec    00000078     icall.o (.text.ICall_heapInit)
                  00016a64    00000078     driverlib.lib : osc.o (.text.NOROM_OSCHF_SwitchToRcOscTurnOffXosc)
                  00016adc    00000078                   : sys_ctrl.o (.text.NOROM_SysCtrlShutdownWithAbort)
                  00016b54    00000078     drivers_cc26x2x7.a : NVSCC26XX.c.obj (.text.NVSCC26XX_open)
                  00016bcc    00000078     rf_multiMode_cc26x2.a : RFCC26X2_multiMode.c.cc26x2.ticlang.o (.text.RF_ratFreeChannel)
                  00016c44    00000078     drivers_cc26x2x7.a : SPICC26X2DMA.c.obj (.text.SPICC26X2DMA_close)
                  00016cbc    00000078     ti_sysbios_config.o (.text.ti_sysbios_knl_Task_postInit)
                  00016d34    00000078     OneLib.a : gap_linkmgr.o (.text)
                  00016dac    00000078              : l2cap_task.o (.text)
                  00016e24    00000078              : ll_common.o (.text)
                  00016e9c    00000078     StackWrapper.a : osal_cbtimer.o (.text)
                  00016f14    00000076                    : gap.o (.text)
                  00016f8a    00000074     drivers_cc26x2x7.a : AESCTRDRBGXX.c.obj (.text.AESCTRDRBGXX_updateState)
                  00016ffe    00000002     rom_init.o (.text.MAP_llHealthUpdate)
                  00017000    00000074     Achilles_main.o (.text.AchillesPB_sendParamUpdate)
                  00017074    00000074     drivers_cc26x2x7.a : ECDHCC26X2.c.obj (.text.ECDHCC26X2_getKeyResult)
                  000170e8    00000074     Achilles_main.o (.text.GPIO_Board_keyCallback)
                  0001715c    00000074     drivers_cc26x2x7.a : I2CCC26XX.c.obj (.text.I2C_close)
                  000171d0    00000074     nvocmp.o (.text.NVOCMP_readItemApi)
                  00017244    00000074     drivers_cc26x2x7.a : PowerCC26X2_calibrateRCOSC_helpers.c.obj (.text.PowerCC26X2_updateSubSecInc)
                  000172b8    00000074     rf_multiMode_cc26x2.a : RFCC26X2_multiMode.c.cc26x2.ticlang.o (.text.RF_hwiHw)
                  0001732c    00000074     scif_framework.o (.text.scifInitIo)
                  000173a0    00000074     ti_sysbios_config.o (.text.ti_sysbios_knl_Swi_restoreHwi)
                  00017414    00000074     ti_sysbios_config.o (.text.ti_sysbios_knl_Task_startup)
                  00017488    00000074     OneLib.a : ll_enc.o (.text)
                  000174fc    00000070     drivers_cc26x2x7.a : AESCCMCC26XX.c.obj (.text.AESCCM_cleanup)
                  0001756c    00000070                        : AESCTRCC26XX.c.obj (.text.AESCTR_construct)
                  000175dc    00000070     icall.o (.text.ICall_createRemoteTasksAtRuntime)
                  0001764c    00000070     nvocmp.o (.text.NVOCMP_writeItemApi)
                  000176bc    00000070     oad.o (.text.oadFindCurrentImageHdr)
                  0001772c    00000070     ti_sysbios_config.o (.text.ti_sysbios_family_arm_m3_Hwi_Instance_init)
                  0001779c    00000070     ti_sysbios_config.o (.text.ti_sysbios_runtime_System_formatNum)
                  0001780c    00000070     OneLib.a : gatt_server.o (.text)
                  0001787c    00000070              : ll_ae.o (.text)
                  000178ec    00000070              : ll_common.o (.text)
                  0001795c    00000070              : ll_enc.o (.text)
                  000179cc    00000070     StackWrapper.a : osal.o (.text)
                  00017a3c    0000006e     OneLib.a : gatt_server.o (.text)
                  00017aaa    00000002     rom_init.o (.text.MAP_llMaster_TaskEnd)
                  00017aac    0000006e     libclang_rt.builtins.a : truncdfsf2.S.obj (.text)
                  00017b1a    00000002     rom_init.o (.text.MAP_llPeriodicAdv_PostProcess)
                  00017b1c    0000006c     icall_cc2650.o (.text.ICallPlatform_pwrUpdActivityCounter)
                  00017b88    0000006c     icall.o (.text.ICall_wait)
                  00017bf4    0000006c     nvocmp.o (.text.NVOCMP_eraseNvApi)
                  00017c60    0000006c     rf_multiMode_cc26x2.a : RFCC26X2_multiMode.c.cc26x2.ticlang.o (.text.RF_issueRadioFreeCb)
                  00017ccc    0000006c     drivers_cc26x2x7.a : Random.c.obj (.text.Random_seedAutomatic)
                  00017d38    0000006c     ti_sysbios_config.o (.text.ti_sysbios_family_arm_m3_Hwi_dispatchC)
                  00017da4    0000006c     OneLib.a : ll_isr.o (.text)
                  00017e10    0000006c     StackWrapper.a : osal_cbtimer.o (.text)
                  00017e7c    0000006a     drivers_cc26x2x7.a : I2CCC26XX.c.obj (.text.I2CSupport_primeTransfer)
                  00017ee6    0000006a     nvocmp.o (.text.NVOCMP_verifyCRC)
                  00017f50    0000006a     libc.a : copy_decompress_lzss.c.obj (.text:decompress:lzss)
                  00017fba    00000002     rom_init.o (.text.MAP_llProcessPeriodicScanRxFIFO)
                  00017fbc    00000068     drivers_cc26x2x7.a : AESECBCC26XX.c.obj (.text.AESECB_construct)
                  00018024    00000068                        : AESECBCC26XX.c.obj (.text.AESECB_hwiFxn)
                  0001808c    00000068     Achilles_main.o (.text.AchillesPB_ButtonService_CfgChangeCB)
                  000180f4    00000068     Achilles_main.o (.text.AchillesPB_DataService_CfgChangeCB)
                  0001815c    00000068     Achilles_main.o (.text.AchillesPB_DataService_ValueChangeCB)
                  000181c4    00000068     icall.o (.text.ICall_enrollService)
                  0001822c    00000068     icall.o (.text.ICall_send)
                  00018294    00000068     icall.o (.text.ICall_sendServiceComplete)
                  000182fc    00000068     driverlib.lib : chipinfo.o (.text.NOROM_ChipInfo_GetChipType)
                  00018364    00000068     rf_multiMode_cc26x2.a : RFCC26X2_multiMode.c.cc26x2.ticlang.o (.text.RF_detachOverrides)
                  000183cc    00000068     drivers_cc26x2x7.a : UART2CC26X2.c.obj (.text.UART2Support_dmaStopRx)
                  00018434    00000068     ti_sysbios_config.o (.text.ti_sysbios_knl_Event_post)
                  0001849c    00000068     ti_sysbios_config.o (.text.ti_sysbios_knl_Swi_run)
                  00018504    00000068     OneLib.a : gap_task.o (.text)
                  0001856c    00000068              : gattservapp.o (.text)
                  000185d4    00000068              : ll.o (.text)
                  0001863c    00000068              : ll_ae.o (.text)
                  000186a4    00000068     StackWrapper.a : osal_timers.o (.text)
                  0001870c    00000066                    : icall_lite_translation.o (.text)
                  00018772    00000002     rom_init.o (.text.MAP_llSetPeriodicSyncInfo)
                  00018774    00000064     drivers_cc26x2x7.a : AESCCMCC26XX.c.obj (.text.AESCCM_hwiFxn)
                  000187d8    00000064                        : PowerCC26X2_calibrateRCOSC.c.obj (.text.PowerCC26X2_initiateCalibration)
                  0001883c    00000064     rf_multiMode_cc26x2.a : RFCC26X2_multiMode.c.cc26x2.ticlang.o (.text.RF_attachOverrides)
                  000188a0    00000064                           : RFCC26X2_multiMode.c.cc26x2.ticlang.o (.text.RF_dispatchNextEvent)
                  00018904    00000064                           : RFCC26X2_multiMode.c.cc26x2.ticlang.o (.text.RF_hwiCpe0PowerFsm)
                  00018968    00000064     drivers_cc26x2x7.a : UDMACC26XX.c.obj (.text.UDMACC26XX_open)
                  000189cc    00000064     oad.o (.text.oadValidateCandidateHdr)
                  00018a30    00000064     drivers_cc26x2x7.a : PowerCC26X2.c.obj (.text.oscillatorISR)
                  00018a94    00000064     Achilles_main.o (.text.protocolStartClockSwiFxn)
                  00018af8    00000064     ti_sysbios_config.o (.text.ti_sysbios_gates_GateMutexPri_leave)
                  00018b5c    00000064     ti_sysbios_config.o (.text.ti_sysbios_knl_Idle_init)
                  00018bc0    00000064     ti_sysbios_config.o (.text.ti_sysbios_knl_TaskSupport_buildTaskStack)
                  00018c24    00000064     OneLib.a : gapgattserver.o (.text)
                  00018c88    00000064              : gattservapp.o (.text)
                  00018cec    00000064              : ll_isr.o (.text)
                  00018d50    00000064              : ll_scheduler.o (.text)
                  00018db4    00000062     rf_multiMode_cc26x2.a : RFCC26X2_multiMode.c.cc26x2.ticlang.o (.text.RF_syncCb)
                  00018e16    00000002     rom_init.o (.text.MAP_llTerminatePeriodicScan)
                  00018e18    00000062     libclang_rt.builtins.a : aeabi_dcmp.S.obj (.text)
                  00018e7a    00000002     rom_init.o (.text.MAP_llUpdateCteState)
                  00018e7c    00000060     drivers_cc26x2x7.a : CryptoResourceCC26XX.c.obj (.text.CryptoResourceCC26XX_constructRTOSObjects)
                  00018edc    00000060     nvocmp.o (.text.NVOCMP_checkItem)
                  00018f3c    00000060     drivers_cc26x2x7.a : PKAResourceCC26XX.c.obj (.text.PKAResourceCC26XX_constructRTOSObjects)
                  00018f9c    00000060                        : PowerCC26X2.c.obj (.text.Power_shutdown)
                  00018ffc    00000060                        : SPICC26X2DMA.c.obj (.text.csnCallback)
                  0001905c    00000060     scif_framework.o (.text.scifSetSceOpmode)
                  000190bc    00000060     osal_icall_ble.o (.text.stack_main)
                  0001911c    00000060     ti_sysbios_config.o (.text.ti_sysbios_knl_Clock_walkQueueDynamic)
                  0001917c    00000060     ti_sysbios_config.o (.text.ti_sysbios_knl_Semaphore_post)
                  000191dc    00000060     ti_sysbios_config.o (.text.ti_sysbios_knl_Swi_schedule)
                  0001923c    00000060     OneLib.a : ll_ae.o (.text)
                  0001929c    00000060              : ll_ae.o (.text)
                  000192fc    00000060              : ll_common.o (.text)
                  0001935c    00000060              : sm_pairing.o (.text)
                  000193bc    00000060     StackWrapper.a : gapbondmgr.o (.text)
                  0001941c    0000005e     rf_multiMode_cc26x2.a : rfc.c.cc26x2.ticlang.o (.text.NOROM_RFCAnaDivTxOverride)
                  0001947a    0000005e     OneLib.a : ll_common.o (.text)
                  000194d8    0000005c     drivers_cc26x2x7.a : NVSSPI25X.c.obj (.text.NVSSPI25X_control)
                  00019534    0000005c                        : PWMTimerCC26XX.c.obj (.text.PWMTimerCC26XX_setPeriod)
                  00019590    0000005c                        : TRNGCC26XX.c.obj (.text.TRNGCC26XX_startTrng)
                  000195ec    0000005c                        : NVSSPI25X.c.obj (.text.extFlashWaitReady)
                  00019648    0000005c     rf_multiMode_cc26x2.a : rf_patch_mce_bt5.c.cc26x2.ticlang.o (.text.rf_patch_mce_bt5)
                  000196a4    0000005c     OneLib.a : gap_perilinkmgr.o (.text)
                  00019700    0000005c              : ll_scheduler.o (.text)
                  0001975c    0000005c              : sm_intpairing.o (.text)
                  000197b8    0000005c              : sm_rsppairing.o (.text)
                  00019814    00000058     Achilles_main.o (.text.ACHILLIES_taskFunction)
                  0001986c    00000058     button_service.o (.text.ButtonService_RegisterAppCBs)
                  000198c4    00000058     data_service.o (.text.DataService_RegisterAppCBs)
                  0001991c    00000058     drivers_cc26x2x7.a : ECDHCC26X2.c.obj (.text.ECDH_construct)
                  00019974    00000058     icall.o (.text.HEAPMGR_GETLARGESTFREEBUF)
                  000199cc    00000058     icall.o (.text.ICall_fetchMsg)
                  00019a24    00000058     rf_multiMode_cc26x2.a : RFCC26X2_multiMode.c.cc26x2.ticlang.o (.text.RF_applyRfCorePatch)
                  00019a7c    00000058     drivers_cc26x2x7.a : TRNGCC26XX.c.obj (.text.TRNG_init)
                  00019ad4    00000058                        : NVSSPI25X.c.obj (.text.doWriteVerify)
                  00019b2c    00000058     main.o (.text.main)
                  00019b84    00000058     sysbios.a : Hwi_asm_switch_gnu.obj (.text.ti_sysbios_family_arm_m3_Hwi_initStacks)
                  00019bdc    00000058     Achilles_main.o (.text.util_arrtohex)
                  00019c34    00000058     OneLib.a : ll_ae.o (.text)
                  00019c8c    00000058              : ll_common.o (.text)
                  00019ce4    00000058              : ll_enc.o (.text)
                  00019d3c    00000058              : ll_isr.o (.text)
                  00019d94    00000058              : sm_pairing.o (.text)
                  00019dec    00000058     StackWrapper.a : sm_ecc.o (.text)
                  00019e44    00000056     drivers_cc26x2x7.a : StructRingBuf.c.obj (.text.StructRingBuf_put)
                  00019e9a    00000002     rom_init.o (.text.MAP_llUpdatePeriodicAdvChainPacket)
                  00019e9c    00000054     drivers_cc26x2x7.a : AESCCMCC26XX.c.obj (.text.AESCCM_construct)
                  00019ef0    00000054                        : GPTimerCC26XX.c.obj (.text.GPTimerCC26XX_stop)
                  00019f44    00000054                        : I2CCC26XX.c.obj (.text.I2CCC26XX_initHw)
                  00019f98    00000054     icall.o (.text.ICall_registerApp)
                  00019fec    00000054     nvocmp.o (.text.NVOCMP_compactNvApi)
                  0001a040    00000054     nvocmp.o (.text.NVOCMP_getDstPage)
                  0001a094    00000054     rf_multiMode_cc26x2.a : RFCC26X2_multiMode.c.cc26x2.ticlang.o (.text.RF_fsmXOSCState)
                  0001a0e8    00000054                           : RFCC26X2_multiMode.c.cc26x2.ticlang.o (.text.RF_getCurrentTime)
                  0001a13c    00000054     util.o (.text.Util_constructClock)
                  0001a190    00000054     drivers_cc26x2x7.a : NVSSPI25X.c.obj (.text.extFlashSpiWrite)
                  0001a1e4    00000054     Achilles_main.o (.text.notifyclockSwiFxn)
                  0001a238    00000054     OneLib.a : gattservapp.o (.text)
                  0001a28c    00000054              : hci_event.o (.text)
                  0001a2e0    00000054              : linkdb.o (.text)
                  0001a334    00000054              : ll.o (.text)
                  0001a388    00000054              : ll_ae.o (.text)
                  0001a3dc    00000054     StackWrapper.a : osal_bufmgr.o (.text)
                  0001a430    00000052     OneLib.a : gap_centlinkmgr.o (.text)
                  0001a482    00000002     rf_multiMode_cc26x2.a : rfc.c.cc26x2.ticlang.o (.text.NOROM_RFCCpePatchReset)
                  0001a484    00000050     ti_drivers_config.o (.text.Board_shutDownExtFlash)
                  0001a4d4    00000050     drivers_cc26x2x7.a : GPTimerCC26XX.c.obj (.text.GPTimerCC26XX_start)
                  0001a524    00000050     nvocmp.o (.text.NVOCMP_loadApiPtrsMin)
                  0001a574    00000050     drivers_cc26x2x7.a : NVSSPI25X.c.obj (.text.NVSSPI25X_read)
                  0001a5c4    00000050     observerNotify.o (.text.ObserverNotify_AddService)
                  0001a614    00000050     rf_multiMode_cc26x2.a : RFCC26X2_multiMode.c.cc26x2.ticlang.o (.text.RF_wakeupNotification)
                  0001a664    00000050     ti_sysbios_config.o (.text.ti_sysbios_knl_Swi_post)
                  0001a6b4    00000050     ti_sysbios_config.o (.text.ti_sysbios_knl_Swi_runLoop)
                  0001a704    00000050     ti_sysbios_config.o (.text.ti_sysbios_knl_Task_schedule)
                  0001a754    00000050     OneLib.a : gap_perilinkmgr.o (.text)
                  0001a7a4    00000050              : gap_scanner.o (.text)
                  0001a7f4    00000050              : hci_tl.o (.text)
                  0001a844    00000050              : ll_common.o (.text)
                  0001a894    00000050              : ll_enc.o (.text)
                  0001a8e4    00000050     StackWrapper.a : gattservapp_util.o (.text)
                  0001a934    00000050                    : osal.o (.text)
                  0001a984    00000050                    : osal_clock.o (.text)
                  0001a9d4    0000004e     ti_drivers_config.o (.text.Board_sendExtFlashByte)
                  0001aa22    0000004e     nvocmp.o (.text.NVOCMP_readItem)
                  0001aa70    0000004e     StackWrapper.a : gap.o (.text)
                  0001aabe    0000004c     drivers_cc26x2x7.a : AESECBCC26XX.c.obj (.text.AESECB_startOperation)
                  0001ab0a    00000002                        : NVSSPI25X.c.obj (.text.NVSSPI25X_deinitSpiCs)
                  0001ab0c    0000004c     ti_sysbios_config.o (.text.BIOS_startFunc)
                  0001ab58    0000004c     button_service.o (.text.Button_Service_findCharParamId)
                  0001aba4    0000004c     drivers_cc26x2x7.a : CryptoUtils.c.obj (.text.CryptoUtils_reverseCopyPad)
                  0001abf0    0000004c     data_service.o (.text.Data_Service_findCharParamId)
                  0001ac3c    0000004c     icall.o (.text.ICall_newTask)
                  0001ac88    0000004c     driverlib.lib : osc.o (.text.NOROM_OSC_HPOSCRelativeFrequencyOffsetGet)
                  0001acd4    0000004c     nvocmp.o (.text.NVOCMP_setItemInactive)
                  0001ad20    0000004c     drivers_cc26x2x7.a : NVSCC26XX.c.obj (.text.NVSCC26XX_init)
                  0001ad6c    0000004c                        : NVSCC26XX.c.obj (.text.NVSCC26XX_read)
                  0001adb8    0000004c     observerNotify.o (.text.ObserverNotify_SetParameter)
                  0001ae04    0000004c     drivers_cc26x2x7.a : StructRingBuf.c.obj (.text.StructRingBuf_get)
                  0001ae50    0000004c     rf_multiMode_cc26x2.a : rf_patch_cpe_bt5.c.cc26x2.ticlang.o (.text.configureBt5Patch)
                  0001ae9c    0000004c     drivers_cc26x2x7.a : SPICC26X2DMA.c.obj (.text.initHw)
                  0001aee8    0000004c                        : PowerCC26X2.c.obj (.text.switchXOSCHF)
                  0001af34    0000004c     ti_sysbios_config.o (.text.ti_sysbios_knl_Swi_Instance_init)
                  0001af80    0000004c     ti_sysbios_config.o (.text.ti_sysbios_runtime_Startup_exec)
                  0001afcc    0000004c     OneLib.a : ble.o (.text)
                  0001b018    0000004c              : ll_scheduler.o (.text)
                  0001b064    0000004c              : ll_scheduler.o (.text)
                  0001b0b0    0000004a     driverlib.lib : chipinfo.o (.text.NOROM_ChipInfo_GetHwRevision)
                  0001b0fa    00000002     drivers_cc26x2x7.a : PWMTimerCC26XX.c.obj (.text.PWMTimerCC26XX_init)
                  0001b0fc    00000048     driverlib.lib : aux_sysif.o (.text.NOROM_AUXSYSIFOpModeChange)
                  0001b144    00000048     rf_multiMode_cc26x2.a : rfc.c.cc26x2.ticlang.o (.text.NOROM_RFCSynthPowerDown)
                  0001b18c    00000048     drivers_cc26x2x7.a : NVS.c.obj (.text.NVS_open)
                  0001b1d4    00000048                        : PWMTimerCC26XX.c.obj (.text.PWMTimerCC26XX_getdutyCounts)
                  0001b21c    00000048                        : PWMTimerCC26XX.c.obj (.text.PWMTimerCC26XX_setDuty)
                  0001b264    00000048                        : PowerCC26X2.c.obj (.text.PowerCC26XX_switchXOSC_HF)
                  0001b2ac    00000048     oad.o (.text.oadEnqueueMsg)
                  0001b2f4    00000048     observerNotify.o (.text.observerNotify_ReadAttrCB)
                  0001b33c    00000048     pauseHeater.o (.text.pauseHeater_ReadAttrCB)
                  0001b384    00000048     runHeater.o (.text.runHeater_ReadAttrCB)
                  0001b3cc    00000048     stopHeater.o (.text.stopHeater_ReadAttrCB)
                  0001b414    00000048     ti_sysbios_config.o (.text.ti_sysbios_family_arm_cc26xx_Timer_start)
                  0001b45c    00000048     OneLib.a : att_util.o (.text)
                  0001b4a4    00000048              : gattservapp.o (.text)
                  0001b4ec    00000048              : ll.o (.text)
                  0001b534    00000048              : ll.o (.text)
                  0001b57c    00000048              : ll_common.o (.text)
                  0001b5c4    00000048              : ll_common.o (.text)
                  0001b60c    00000048     libclang_rt.builtins.a : fixdfsi.S.obj (.text)
                  0001b654    00000046     drivers_cc26x2x7.a : RingBuf.c.obj (.text.RingBuf_put)
                  0001b69a    00000002     rf_multiMode_cc26x2.a : RFCC26X2_multiMode.c.cc26x2.ticlang.o (.text.RF_defaultCallback)
                  0001b69c    00000044     ti_sysbios_config.o (.text.BIOS_atExitFunc)
                  0001b6e0    00000044     drivers_cc26x2x7.a : GPIOCC26X2.c.obj (.text.GPIO_hwiIntFxn)
[...]
200020d0  I2CStatusTMP116                                                 
200020d1  I2CStatusBQ25887                                                
200020d2  LEDFlag                                                         
200020d3  heatTem                                                         
200020d4  fail_safe_fet_on                                                
200020d5  sleepIndicateflag                                               
200020dc  pulsecount                                                      
200020de  Set_Time_02                                                     
200020e0  Remaining_Time_01                                               
200020e2  Remaining_Time_02                                               
200020e4  heaterAdc                                                       
200020e6  initialBP_ADC                                                   
200020e8  heaterOkAdc                                                     
200020ec  charge                                                          
200020f0  discharge                                                       
200020f4  Current_Temperature_01                                          
200020f8  Current_Temperature_02                                          
200020fc  Status_CRC                                                      
20002100  achiliesTaskID                                                  
20002104  heatLevelIndication                                             
20002108  vBat                                                            
2000210c  countTick                                                       
20002110  clock_cunt2                                                     
20002114  timecount                                                       
20002118  stopFlag                                                        
2000211c  pauseFlag                                                       
20002120  mannualOperationStop                                            
20002124  Current_status                                                  
20002128  RunType                                                         
2000212c  PWMratio1                                                       
20002130  gpioPinConfigs                                                  
200021ac  ICall_dispatcher                                                
2000222a  bleUserCfg_maxPduSize                                           
200024d0  BIOS_Module_state                                               
200024fc  ti_sysbios_family_arm_m3_Hwi_Module_state                       
20002538  ti_sysbios_runtime_Startup_done                                 
2000253b  ti_sysbios_knl_Idle_initDone                                    
2000253c  ti_sysbios_runtime_Memory_defaultHeapInstance                   
20002554  ti_sysbios_runtime_Error_ignore                                 
20002560  ti_sysbios_family_arm_cc26xx_Timer_Module_state                 
2000256c  ti_sysbios_runtime_System_Module_state                          
20002578  ti_sysbios_knl_Swi_Module_state                                 
200025a0  ti_sysbios_knl_Clock_Module_state                               
2000266c  llUserConfig                                                    
20002840  pOverrides_bleCommon                                            
20002898  txPowerTable_2400_pa5                                           
200029bc  gattAttrTbl                                                     
200029fc  sm_eccKeys_sc_host_debug                                        
20002a3c  nvintfFncStruct                                                 
20002a78  ti_sysbios_knl_Task_Module_state                                
20002bba  metaPage                                                        
20002c58  eccParams_NISTP256                                              
20002c7c  pOverrides_ble2Mbps                                             
20002cc0  advParams1                                                      
20002cf8  pOverrides_ble1Mbps                                             
20002d10  attDeviceName                                                   
20002d40  ICall_enterCriticalSection                                      
20002d44  ICall_leaveCriticalSection                                      
20002d48  heapmgrMemFreeTotal                                             
20002d64  advData1                                                        
20002d76  scanResData1                                                    
20002d88  RF_modeBle                                                      
20002d98  _hposcCoeffs                                                    
20002da8  bleAppServiceInfoTable                                          
20002db8  pOverrides_bleCoded                                             
20002dc8  user0Cfg                                                        
20002dd8  gattAttrTbl_gatt_no_service_changed                             
20002de8  sizeInfo                                                        
20002df8  pairMode                                                        
20002df9  mitm                                                            
20002dfa  ioCap                                                           
20002dfb  bonding                                                         
20002dfc  secureConnection                                                
20002dfd  authenPairingOnly                                               
20002dfe  autoSyncWL                                                      
20002dff  eccReGenPolicy                                                  
20002e00  KeySize                                                         
20002e01  removeLRUBond                                                   
20002e02  KeyDistList                                                     
20002e03  eccDebugKeys                                                    
20002e04  allowDebugKeys                                                  
20002e05  eraseBondWhileInConn                                            
20002e06  sameIrkAction                                                   
20002e08  uartLog_tail                                                    
20002e09  uartLog_head                                                    
20002e0a  uartLog_evBufIsEmpty                                            
20002e0c  uartLog_evtNum                                                  
20002e48  RFCC26XX_schedulerPolicy                                        
20002e50  ti_sysbios_gates_GateMutexPri_Module_state                      
20002e58  ti_sysbios_heaps_HeapCallback_Module_state                      
20002e60  ti_sysbios_knl_Event_state                                      
20002e68  ti_sysbios_knl_Semaphore_Module_state                           
20002e70  periConnParameters                                              
20002e80  _lock                                                           
20002e84  _unlock                                                         
20002e88  appAssertCback                                                  
20002e8c  icallServiceTblPtr                                              
20002ea8  pRandomAddress                                                  
20002eac  pRfErrCb                                                        
20002eb0  pfnBMAlloc                                                      
20002eb4  pfnBMFree                                                       
20002eb8  patchedSlaveCtrlPktList                                         
20002ebc  halAssertCback                                                  
20002ec0  disconnectImmedConnId                                           
20002ec2  llUserConfig_maxPduSize                                         
20002ec4  baseTaskID                                                      
20002ec6  PKAResourceCC26XX_pollingFlag                                   
20002ee8  deviceNameCharProps                                             
20002ee9  appearanceCharProps                                             
20002eea  periConnParamCharProps                                          
20002eeb  centAddrResCharProps                                            
20002eec  centAddrRes                                                     
20002eed  resolvablePrivateAddressOnlyCharProps                           
20002eee  GATTServApp_gatt_no_service_changed                             
20002ef0  qosDefaultPriorityConnParameter                                 
20002ef1  extScanChanMap                                                  
20002ef2  sizeOfAllExtConnParam                                           
20002ef3  rfRatHandle                                                     
20002ef4  smAllowDebugKeysMode                                            
20002ef5  gapEndAppTaskID                                                 
20002ef6  gapAppTaskID                                                    
20002ef7  legacyMode                                                      
20002ef8  appTaskStack                                                    
20003ef8  uartLog_evBuf                                                   
200043f8  sbcTaskStack                                                    
200047f8  ti_sysbios_knl_Idle_taskStack                                   
20004db8  spiCC26X2DMAObjects                                             
20004fb8  uart2CC26X2Objects                                              
20005128  i2cCC26xxObjects                                                
20005268  rfObject                                                        
20005368  crcBuf                                                          
20005468  ti_sysbios_family_arm_m3_Hwi_dispatchTable                      
20005540  uartLog_outBuf                                                  
20005679  resolvablePrivateAddressOnly                                    
2000567a  appearance                                                      
2000567c  trngCC26XXObjects                                               
20005700  gpioCallbackFunctions                                           
2000577c  gpioUserArgs                                                    
200057f8  cbTimers                                                        
200058d8  ti_sysbios_knl_ClockSupport_timerStruct                         
20005938  pzTask                                                          
20005990  task0                                                           
200059e8  ti_sysbios_knl_Idle_taskStruct                                  
20005a40  aesctrdrbgXXObjects                                             
20005a94  CryptoResourceCC26XX_accessSemaphore                            
20005ae4  CryptoResourceCC26XX_operationSemaphore                         
20005b34  PKAResourceCC26XX_accessSemaphore                               
20005b84  PKAResourceCC26XX_operationSemaphore                            
20005bd4  gptimerCC26XXObjects                                            
20005ce8  aesctrCC26XXObjects                                             
20005d64  nvFptrs                                                         
20005da0  ti_sysbios_knl_Swi_readyQs                                      
20005dd0  ti_sysbios_knl_Task_readyQs                                     
20005e00  NVOCMP_nvHandle                                                 
20005e2e  maximumPduSize                                                  
20005e30  watchdogCC26XXObjects                                           
20005e7c  llCteSamples                                                    
20005ea0  aesecbCC26XXObjects                                             
20005f04  req                                                             
20005f24  gapBond_remoteOobData                                           
20005f44  gapBond_localOobData                                            
20005f64  ecdhCC26X2Objects                                               
20005f84  i2cTransaction                                                  
20005fa4  pwmTimerCC26XXObjects                                           
20005fc4  ti_sysbios_runtime_System_atexitHandlers                        
20005fe4  udmaCC26XXObject                                                
2000603c  BIOS_heapCallbackObject                                         
20006058  BIOS_rtsGate                                                    
20006074  CryptoResourceCC26XX_hwi                                        
20006090  PKAResourceCC26XX_hwi                                           
200060ac  deviceName                                                      
200060c4  aesccmCC26XXObjects                                             
200060f0  rfMode                                                          
20006100  i2cParams                                                       
20006110  llCteTest                                                       
2000611c  cteAntennaProp                                                  
20006128  llTaskList                                                      
20006134  Status                                                          
20006140  nvsSPI25XObjects                                                
2000614c  defaultChannelMap                                               
20006154  secondaryAdvChannelMap                                          
2000615c  llRfCmdPreemption                                               
2000616c  runheatr                                                        
20006194  ggs_AppCBs                                                      
2000619c  BDAddrPerConnHandle                                             
200061a0  llCte                                                           
200061a4  llConnExtParam                                                  
200061a8  extStackSettings                                                
200061ac  trngHandle                                                      
200061b0  LSTORecoveryArr                                                 
200061b4  pNextAdvSet                                                     
200061b8  llCurrentMappedChan                                             
200061bc  drbgHandle                                                      
200061c0  pRpaCfg                                                         
200061c4  gapBond_lruBondList                                             
200061c8  gapBondStateNodeHead                                            
200061cc  osal_syncHandle                                                 
200061d0  osal_icallMsg_hook                                              
200061d4  osal_qHead                                                      
200061d8  osal_max_msecs                                                  
200061dc  osal_tickperiod                                                 
200061e0  osal_eventloop_hook                                             
200061ec  OSAL_timeSeconds                                                
200061f0  timerHead                                                       
200061f8  osal_last_timestamp                                             
200061fc  HEAPMGR_SIZE                                                    
20006200  PowerCC26XX_swiKey                                              
20006204  PowerCC26XX_taskKey                                             
20006208  dutyValue1                                                      
2000620c  heater01                                                        
20006210  i2c                                                             
20006214  stopClockTime                                                   
20006218  tasksEvents                                                     
2000621c  ti_sysbios_family_arm_cc26xx_TimestampProvider_Module_state     
20006220  ti_sysbios_knl_Task_defaultStackHeap                            
20006224  watchdogHandle                                                  
20006228  pwrmgr_attribute                                                
2000622a  rxBufferTMT117                                                  
2000622c  txBufferTMT117                                                  
2000622e  GATTServApp_att_delayed_req                                     
2000622f  hciTaskID                                                       
20006230  hciL2capTaskID                                                  
20006231  hciGapTaskID                                                    
20006232  hciSmpTaskID                                                    
20006233  hciTestTaskID                                                   
20006234  hciVsEvtMask                                                    
20006235  scanReqRpt                                                      
20006236  secondaryAdvChannelMapPopCount                                  
20006237  qosDefaultPriorityAdvParameter                                  
20006238  maxNumCteDataBufs                                               
20006239  numActiveAdvSets                                                
2000623a  wlSize                                                          
2000623b  rlSize                                                          
2000623c  decryptResult                                                   
2000623d  llUnhandleNextIntFlag                                           
2000623e  smAuthenPairingOnlyMode                                         
2000623f  icall_liteTaskId                                                
20006240  gapBond_removeLRUBond                                           
20006241  gapBond_syncRL                                                  
20006242  assertSubcause                                                  
20006243  osal_entity                                                     
20006244  pwrmgr_initialized                                              
20006245  IRLgt                                                           
20006246  NVOCMP_size                                                     
20006247  gAction                                                         
20006248  heatLvl                                                         
20006249  heatMax                                                         
2000624a  nvsCC26XXObjects                                                
2000624b  protclIndx                                                      
2000624c  time1                                                           
2000624d  time2                                                           
2000624e  heapStart                                                       
20023c00  __stack                                                         
20023c00  heapEnd                                                         
20024000  __STACK_END                                                     
20024000  __STACK_TOP                                                     
20024000  __UNUSED_SRAM_end__                                             
ffffffff  __TI_pprof_out_hndl                                             
ffffffff  __TI_prof_data_size                                             
ffffffff  __TI_prof_data_start                                            
ffffffff  __binit__                                                       
ffffffff  binit                                                           
UNDEFED   ITM_flush                                                       
UNDEFED   ITM_restore                                                     
UNDEFED   __c_args__                                                      
UNDEFED   __mpu_init                                                      

[2859 symbols]
