******************************************************************************
            TI ARM Clang Linker PC v1.3.0                      
******************************************************************************
>> Linked Fri Jun 30 16:40:18 2023

OUTPUT FILE NAME:   <Achilles_CC2652R7_DV3001.out>
ENTRY POINT SYMBOL: "_c_int00"  address: 0001dab9


MEMORY CONFIGURATION

         name            origin    length      used     unused   attr    fill
----------------------  --------  ---------  --------  --------  ----  --------
  FLASH_IMG_HDR         00000000   00000090  0000008d  00000003  R  X
  ENTRY                 00000090   00000040  0000003c  00000004  R  X
  FLASH                 000000d0   000ae0d0  0002a675  00083a5b  R  X
  RTOS_SRAM             20000000   0000012c  000000d8  00000054  RW X
  SRAM                  20000fdf   00023021  00004356  0001eccb  RW X


SEGMENT ALLOCATION MAP

run origin  load origin   length   init length attrs members
----------  ----------- ---------- ----------- ----- -------
00000000    00000000    00026748   00026748    r-x
  00000000    00000000    0000008d   0000008d    r-- .image_header
  00000090    00000090    0000003c   0000003c    r-- .resetVecs
  000000d0    000000d0    00021b34   00021b34    r-x .text
  00021c04    00021c04    000044c9   000044c9    r-- .rodata
  000260d0    000260d0    00000678   00000678    r-- .cinit
00048000    00048000    00004000   00000000    rw-
  00048000    00048000    00004000   00000000    rw- .TI.bound:flashBuf0
20001810    20001810    00000010   00000000    rw-
  20001810    20001810    00000010   00000000    rw- .TI.bound:dmaUart0RxControlTableEntry
20001820    20001820    00000010   00000000    rw-
  20001820    20001820    00000010   00000000    rw- .TI.bound:dmaUart0TxControlTableEntry
20001830    20001830    00000010   00000000    rw-
  20001830    20001830    00000010   00000000    rw- .TI.bound:dmaSpi0RxControlTableEntry
20001840    20001840    00000010   00000000    rw-
  20001840    20001840    00000010   00000000    rw- .TI.bound:dmaSpi0TxControlTableEntry
20001900    20001900    00000010   00000000    rw-
  20001900    20001900    00000010   00000000    rw- .TI.bound:dmaSpi1RxControlTableEntry
20001910    20001910    00000010   00000000    rw-
  20001910    20001910    00000010   00000000    rw- .TI.bound:dmaSpi1TxControlTableEntry
20001a30    20001a30    00000010   00000000    rw-
  20001a30    20001a30    00000010   00000000    rw- .TI.bound:dmaSpi0RxAltControlTableEntry
20001a40    20001a40    00000010   00000000    rw-
  20001a40    20001a40    00000010   00000000    rw- .TI.bound:dmaSpi0TxAltControlTableEntry
20001b00    20001b00    00000010   00000000    rw-
  20001b00    20001b00    00000010   00000000    rw- .TI.bound:dmaSpi1RxAltControlTableEntry
20001b10    20001b10    00003ec6   00000000    rw-
  20001b10    20001b10    00000010   00000000    rw- .TI.bound:dmaSpi1TxAltControlTableEntry
  20001b20    20001b20    0000143d   00000000    rw- .data
  20002f60    20002f60    00002a76   00000000    rw- .bss
20023c00    20023c00    00000400   00000000    rw-
  20023c00    20023c00    00000400   00000000    rw- .stack


SECTION ALLOCATION MAP

 output                                  attributes/
section   page    origin      length       input sections
--------  ----  ----------  ----------   ----------------
.image_header 
*          0    00000000    0000008d     
                  00000000    0000008d     oad_image_header_app.o (.image_header)

.resetVecs 
*          0    00000090    0000003c     
                  00000090    0000003c     ti_sysbios_config.o (.resetVecs)

.intvecs   0    000000cc    00000000     UNINITIALIZED

EntrySection 
*          0    000000cc    00000000     UNINITIALIZED

.cinit     0    000260d0    00000678     
                  000260d0    000005b1     (.cinit..data.load) [load image, compression = lzss]
                  00026681    00000003     --HOLE-- [fill = 0]
                  00026684    0000000c     (__TI_handler_table)
                  00026690    00000008     (.cinit..TI.bound:dmaSpi0RxAltControlTableEntry.load) [load image, compression = zero_init]
                  00026698    00000008     (.cinit..TI.bound:dmaSpi0RxControlTableEntry.load) [load image, compression = zero_init]
                  000266a0    00000008     (.cinit..TI.bound:dmaSpi0TxAltControlTableEntry.load) [load image, compression = zero_init]
                  000266a8    00000008     (.cinit..TI.bound:dmaSpi0TxControlTableEntry.load) [load image, compression = zero_init]
                  000266b0    00000008     (.cinit..TI.bound:dmaSpi1RxAltControlTableEntry.load) [load image, compression = zero_init]
                  000266b8    00000008     (.cinit..TI.bound:dmaSpi1RxControlTableEntry.load) [load image, compression = zero_init]
                  000266c0    00000008     (.cinit..TI.bound:dmaSpi1TxAltControlTableEntry.load) [load image, compression = zero_init]
                  000266c8    00000008     (.cinit..TI.bound:dmaSpi1TxControlTableEntry.load) [load image, compression = zero_init]
                  000266d0    00000008     (.cinit..TI.bound:dmaUart0RxControlTableEntry.load) [load image, compression = zero_init]
                  000266d8    00000008     (.cinit..TI.bound:dmaUart0TxControlTableEntry.load) [load image, compression = zero_init]
                  000266e0    00000008     (.cinit..bss.load) [load image, compression = zero_init]
                  000266e8    00000060     (__TI_cinit_table)

.TI.bound:flashBuf0 
*          0    00048000    00004000     UNINITIALIZED
                  00048000    00004000     ti_drivers_config.o (.TI.bound:flashBuf0)

.vecs      0    20000000    000000d8     NOLOAD SECTION
                  20000000    000000d8     ti_sysbios_config.o (.vecs)

.TI.bound:dmaUart0RxControlTableEntry 
*          0    20001810    00000010     UNINITIALIZED
                  20001810    00000010     ti_drivers_config.o (.TI.bound:dmaUart0RxControlTableEntry)

.TI.bound:dmaUart0TxControlTableEntry 
*          0    20001820    00000010     UNINITIALIZED
                  20001820    00000010     ti_drivers_config.o (.TI.bound:dmaUart0TxControlTableEntry)

.TI.bound:dmaSpi0RxControlTableEntry 
*          0    20001830    00000010     UNINITIALIZED
                  20001830    00000010     ti_drivers_config.o (.TI.bound:dmaSpi0RxControlTableEntry)

.TI.bound:dmaSpi0TxControlTableEntry 
*          0    20001840    00000010     UNINITIALIZED
                  20001840    00000010     ti_drivers_config.o (.TI.bound:dmaSpi0TxControlTableEntry)

.TI.bound:dmaSpi1RxControlTableEntry 
*          0    20001900    00000010     UNINITIALIZED
                  20001900    00000010     ti_drivers_config.o (.TI.bound:dmaSpi1RxControlTableEntry)

.TI.bound:dmaSpi1TxControlTableEntry 
*          0    20001910    00000010     UNINITIALIZED
                  20001910    00000010     ti_drivers_config.o (.TI.bound:dmaSpi1TxControlTableEntry)

.TI.bound:dmaSpi0RxAltControlTableEntry 
*          0    20001a30    00000010     UNINITIALIZED
                  20001a30    00000010     ti_drivers_config.o (.TI.bound:dmaSpi0RxAltControlTableEntry)

.TI.bound:dmaSpi0TxAltControlTableEntry 
*          0    20001a40    00000010     UNINITIALIZED
                  20001a40    00000010     ti_drivers_config.o (.TI.bound:dmaSpi0TxAltControlTableEntry)

.TI.bound:dmaSpi1RxAltControlTableEntry 
*          0    20001b00    00000010     UNINITIALIZED
                  20001b00    00000010     ti_drivers_config.o (.TI.bound:dmaSpi1RxAltControlTableEntry)

.TI.bound:dmaSpi1TxAltControlTableEntry 
*          0    20001b10    00000010     UNINITIALIZED
                  20001b10    00000010     ti_drivers_config.o (.TI.bound:dmaSpi1TxAltControlTableEntry)

.data      0    20001b20    0000143d     UNINITIALIZED
                  20001b20    00000174     drivers_cc26x2x7.a : PowerCC26X2.c.obj (.data.PowerCC26X2_module)
                  20001c94    00000130     devinfoservice.o (.data.devInfoAttrTbl)
                  20001dc4    000000f4     StackWrapper.a : gapbondmgr.o (.data)
                  20001eb8    000000d0     oad.o (.data.oadAttrTbl)
                  20001f88    000000b0     OneLib.a : gapgattserver.o (.data)
                  20002038    0000007c     Achilles_main.o (.data..L_MergedGlobals.172)
                  200020b4    0000007c     Achilles_main.o (.data..L_MergedGlobals.173)
                  20002130    0000007c     Achilles_main.o (.data..L_MergedGlobals)
                  200021ac    0000007c     ti_drivers_config.o (.data.gpioPinConfigs)
                  20002228    0000007a     devinfoservice.o (.data..L_MergedGlobals)
                  200022a2    00000002     ble_user_config.o (.data.bleUserCfg_maxPduSize)
                  200022a4    00000078     icall.o (.data..L_MergedGlobals.1)
                  2000231c    00000078     button_service.o (.data..L_MergedGlobals)
                  20002394    0000006c     Achilles_main.o (.data..L_MergedGlobals.175)
                  20002400    0000006c     Achilles_main.o (.data..L_MergedGlobals.176)
                  2000246c    00000068     rf_multiMode_cc26x2.a : RFCC26X2_multiMode.c.cc26x2.ticlang.o (.data..L_MergedGlobals.1)
                  200024d4    00000004     icall.o (.data.ICall_dispatcher)
                  200024d8    00000068     ti_sysbios_config.o (.data..L_MergedGlobals.70)
                  20002540    00000068     ti_sysbios_config.o (.data..L_MergedGlobals)
                  200025a8    00000068     ti_sysbios_config.o (.data.ti_sysbios_knl_Clock_Module_state)
                  20002610    00000064     rf_multiMode_cc26x2.a : RFCC26X2_multiMode.c.cc26x2.ticlang.o (.data..L_MergedGlobals.3)
                  20002674    00000064     OneLib.a : ll_config.o (.data)
                  200026d8    00000060     data_service.o (.data.Data_ServiceAttrTbl)
                  20002738    0000005c     Achilles_main.o (.data..L_MergedGlobals.174)
                  20002794    0000005c     scif_framework.o (.data..L_MergedGlobals.1)
                  200027f0    00000058     rf_multiMode_cc26x2.a : RFCC26X2_multiMode.c.cc26x2.ticlang.o (.data..L_MergedGlobals.2)
                  20002848    00000058     ti_radio_config.o (.data.pOverrides_bleCommon)
                  200028a0    00000050     led_service.o (.data.LED_ServiceAttrTbl)
                  200028f0    00000050     ti_radio_config.o (.data.txPowerTable_2400_pa5)
                  20002940    0000004c     observerNotify.o (.data..L_MergedGlobals)
                  2000298c    00000048     data_service.o (.data..L_MergedGlobals)
                  200029d4    00000040     oad.o (.data..L_MergedGlobals.1)
                  20002a14    00000040     OneLib.a : gattservapp.o (.data)
                  20002a54    00000040              : sm_pairing.o (.data)
                  20002a94    0000003c     icall_user_config.o (.data.nvintfFncStruct)
                  20002ad0    0000003c     ti_sysbios_config.o (.data.ti_sysbios_knl_Task_Module_state)
                  20002b0c    00000038     drivers_cc26x2x7.a : TRNGCC26XX.c.obj (.data..L_MergedGlobals.1)
                  20002b44    00000004     rf_multiMode_cc26x2.a : RFCC26X2_multiMode.c.cc26x2.ticlang.o (.data.RF_fsmActiveState.lfClockSourceLast)
                  20002b48    00000030     drivers_cc26x2x7.a : TRNGCC26XX.c.obj (.data..L_MergedGlobals)
                  20002b78    00000030     pauseHeater.o (.data.pauseHeaterAttrTbl)
                  20002ba8    00000030     runHeater.o (.data.runHeaterAttrTbl)
                  20002bd8    00000030     stopHeater.o (.data.stopHeaterAttrTbl)
                  20002c08    0000002c     oad.o (.data..L_MergedGlobals)
                  20002c34    0000002a     devinfoservice.o (.data..L_MergedGlobals.1)
                  20002c5e    00000002     pauseHeater.o (.data.pauseHeater_PauseHeaterVal)
                  20002c60    00000028     nvocmp.o (.data..L_MergedGlobals.1)
                  20002c88    00000028     Achilles_main.o (.data.AchillesPB_DataService_ValueChangeHandler.received_string)
                  20002cb0    00000024     ble_user_config.o (.data.eccParams_NISTP256)
                  20002cd4    00000024     ti_radio_config.o (.data.pOverrides_ble2Mbps)
                  20002cf8    00000020     drivers_cc26x2x7.a : NVSSPI25X.c.obj (.data..L_MergedGlobals)
                  20002d18    0000001c     ti_ble_config.o (.data.advParams1)
                  20002d34    0000001b     WS2812.o (.data._au8_spiLedBuffer)
                  20002d4f    00000001     drivers_cc26x2x7.a : AESCTRCC26XX.c.obj (.data.AESCTR_isInitialized)
                  20002d50    00000018     ti_radio_config.o (.data.pOverrides_ble1Mbps)
                  20002d68    00000015     ti_ble_config.o (.data.attDeviceName)
                  20002d7d    00000003     oad.o (.data.oadCharVals)
                  20002d80    00000014     flash_interface_ext_rtos_NVS.o (.data..L_MergedGlobals)
                  20002d94    00000014     icall.o (.data..L_MergedGlobals)
                  20002da8    00000014     StackWrapper.a : osal.o (.data)
                  20002dbc    00000012     ti_ble_config.o (.data.scanResData1)
                  20002dce    00000011     ti_ble_config.o (.data.advData1)
                  20002ddf    00000001     nvocmp.o (.data.NVOCMP_failF)
                  20002de0    00000010     ti_radio_config.o (.data.RF_modeBle)
                  20002df0    00000010     driverlib.lib : osc.o (.data._hposcCoeffs)
                  20002e00    00000010     icall_user_config.o (.data.bleAppServiceInfoTable)
                  20002e10    00000010     ti_radio_config.o (.data.pOverrides_bleCoded)
                  20002e20    00000010     main.o (.data.user0Cfg)
                  20002e30    00000010     OneLib.a : gattservapp.o (.data)
                  20002e40    00000010              : ll_data.o (.data)
                  20002e50    0000000f     ti_ble_config.o (.data..L_MergedGlobals)
                  20002e5f    00000001     drivers_cc26x2x7.a : PKAResourceCC26XX.c.obj (.data.PKAResourceCC26XX_pollingFlag)
                  20002e60    0000000c     UartLog.o (.data..L_MergedGlobals)
                  20002e6c    0000000c     drivers_cc26x2x7.a : NVSCC26XX.c.obj (.data..L_MergedGlobals)
                  20002e78    0000000c     led_service.o (.data..L_MergedGlobals)
                  20002e84    00000008     button_service.o (.data..L_MergedGlobals.20)
                  20002e8c    00000008     drivers_cc26x2x7.a : WatchdogCC26XX.c.obj (.data..L_MergedGlobals)
                  20002e94    00000008     icall_cc2650.o (.data..L_MergedGlobals)
                  20002e9c    00000008     rf_multiMode_cc26x2.a : RFCC26X2_multiMode.c.cc26x2.ticlang.o (.data..L_MergedGlobals)
                  20002ea4    00000008     scif_framework.o (.data..L_MergedGlobals)
                  20002eac    00000008     rf_multiMode_cc26x2.a : RFCC26X2_multiMode.c.cc26x2.ticlang.o (.data.RFCC26XX_schedulerPolicy)
                  20002eb4    00000008     ti_sysbios_config.o (.data.ti_sysbios_gates_GateMutexPri_Module_state)
                  20002ebc    00000008     ti_sysbios_config.o (.data.ti_sysbios_heaps_HeapCallback_Module_state)
                  20002ec4    00000008     ti_sysbios_config.o (.data.ti_sysbios_knl_Event_state)
                  20002ecc    00000008     ti_sysbios_config.o (.data.ti_sysbios_knl_Semaphore_Module_state)
                  20002ed4    00000008     OneLib.a : gapgattserver.o (.data)
                  20002edc    00000006     runHeater.o (.data.runHeater_RunHeaterVal)
                  20002ee2    00000002     stopHeater.o (.data.stopHeater_StopHeaterVal)
                  20002ee4    00000004     libc.a : _lock.c.obj (.data._lock)
                  20002ee8    00000004            : _lock.c.obj (.data._unlock)
                  20002eec    00000004     ble_user_config.o (.data.appAssertCback)
                  20002ef0    00000004     ble_user_config_stack.o (.data.icallServiceTblPtr)
                  20002ef4    00000004     scif_framework.o (.data.osalIndicateTaskAlertCallback)
                  20002ef8    00000004     button_service.o (.data.pAppCBs)
                  20002efc    00000004     observerNotify.o (.data.pAppCBs)
                  20002f00    00000004     pauseHeater.o (.data.pAppCBs)
                  20002f04    00000004     runHeater.o (.data.pAppCBs)
                  20002f08    00000004     stopHeater.o (.data.pAppCBs)
                  20002f0c    00000004     ti_ble_config.o (.data.pRandomAddress)
                  20002f10    00000004     icall_api_lite.o (.data.pRfErrCb)
                  20002f14    00000004     icall_api_lite.o (.data.pfnBMAlloc)
                  20002f18    00000004     icall_api_lite.o (.data.pfnBMFree)
                  20002f1c    00000004     OneLib.a : ll_slave_end_causes.o (.data)
                  20002f20    00000004     StackWrapper.a : hal_assert.o (.data)
                  20002f24    00000002     OneLib.a : ll.o (.data)
                  20002f26    00000002              : ll_config.o (.data)
                  20002f28    00000002     StackWrapper.a : osal_cbtimer.o (.data)
                  20002f2a    00000001     rf_multiMode_cc26x2.a : rf_patch_cpe_bt5.c.cc26x2.ticlang.o (.data.bBt5PatchEntered)
                  20002f2b    00000001     button_service.o (.data.bs_BUTTON0Props)
                  20002f2c    00000001     button_service.o (.data.bs_BUTTON1Props)
                  20002f2d    00000001     devinfoservice.o (.data.devInfo11073CertProps)
                  20002f2e    00000001     devinfoservice.o (.data.devInfoFirmwareRevProps)
                  20002f2f    00000001     devinfoservice.o (.data.devInfoHardwareRevProps)
                  20002f30    00000001     devinfoservice.o (.data.devInfoMfrNameProps)
                  20002f31    00000001     devinfoservice.o (.data.devInfoModelNumberProps)
                  20002f32    00000001     devinfoservice.o (.data.devInfoPnpIdProps)
                  20002f33    00000001     devinfoservice.o (.data.devInfoSerialNumberProps)
                  20002f34    00000001     devinfoservice.o (.data.devInfoSoftwareRevProps)
                  20002f35    00000001     devinfoservice.o (.data.devInfoSystemIdProps)
                  20002f36    00000001     data_service.o (.data.ds_StreamProps)
                  20002f37    00000001     data_service.o (.data.ds_StringProps)
                  20002f38    00000001     drivers_cc26x2x7.a : GPIOCC26X2.c.obj (.data.initCalled)
                  20002f39    00000001                        : AESCCMCC26XX.c.obj (.data.isInitialized)
                  20002f3a    00000001                        : AESCTRDRBGXX.c.obj (.data.isInitialized)
                  20002f3b    00000001                        : AESECBCC26XX.c.obj (.data.isInitialized)
                  20002f3c    00000001                        : CryptoResourceCC26XX.c.obj (.data.isInitialized)
                  20002f3d    00000001                        : ECDHCC26X2.c.obj (.data.isInitialized)
                  20002f3e    00000001                        : NVS.c.obj (.data.isInitialized)
                  20002f3f    00000001                        : PKAResourceCC26XX.c.obj (.data.isInitialized)
                  20002f40    00000001                        : PWM.c.obj (.data.isInitialized)
                  20002f41    00000001                        : SPI.c.obj (.data.isInitialized)
                  20002f42    00000001                        : Watchdog.c.obj (.data.isInitialized)
                  20002f43    00000001     flash_interface_ext_rtos_NVS.o (.data.isOpen)
                  20002f44    00000001     led_service.o (.data.ls_LED0Props)
                  20002f45    00000001     led_service.o (.data.ls_LED1Props)
                  20002f46    00000001     oad.o (.data.oadCharExtCtrlProps)
                  20002f47    00000001     oad.o (.data.oadCharProps)
                  20002f48    00000001     observerNotify.o (.data.observerNotify_NotifyChracProps)
                  20002f49    00000001     scif_framework.o (.data.osalCtrlTaskNblLocked)
                  20002f4a    00000001     pauseHeater.o (.data.pauseHeater_PauseHeaterProps)
                  20002f4b    00000001     runHeater.o (.data.runHeater_RunHeaterProps)
                  20002f4c    00000001     stopHeater.o (.data.stopHeater_StopHeaterProps)
                  20002f4d    00000001     OneLib.a : gapgattserver.o (.data)
                  20002f4e    00000001              : gapgattserver.o (.data)
                  20002f4f    00000001              : gapgattserver.o (.data)
                  20002f50    00000001              : gapgattserver.o (.data)
                  20002f51    00000001              : gapgattserver.o (.data)
                  20002f52    00000001              : gapgattserver.o (.data)
                  20002f53    00000001              : gattservapp.o (.data)
                  20002f54    00000001              : gattservapp.o (.data)
                  20002f55    00000001              : ll.o (.data)
                  20002f56    00000001              : ll_ae.o (.data)
                  20002f57    00000001              : ll_data.o (.data)
                  20002f58    00000001              : ll_scheduler.o (.data)
                  20002f59    00000001              : sm_task.o (.data)
                  20002f5a    00000001     StackWrapper.a : gap.o (.data)
                  20002f5b    00000001                    : gap.o (.data)
                  20002f5c    00000001                    : hal_assert.o (.data)

.bss       0    20002f60    00002a76     UNINITIALIZED
                  20002f60    00000800     (.common:appTaskStack)
                  20003760    00000500     (.common:uartLog_evBuf)
                  20003c60    00000320     (.common:sbcTaskStack)
                  20003f80    00000300     (.common:ti_sysbios_knl_Idle_taskStack)
                  20004280    000002c0     rf_multiMode_cc26x2.a : RFCC26X2_multiMode.c.cc26x2.ticlang.o (.bss.RF_cmdPool)
                  20004540    00000200     (.common:spiCC26X2DMAObjects)
                  20004740    00000170     (.common:uart2CC26X2Objects)
                  200048b0    00000140     (.common:i2cCC26xxObjects)
                  200049f0    00000100     OneLib.a : ll.o (.bss)
                  20004af0    00000100     (.common:crcBuf)
                  20004bf0    000000d8     (.common:ti_sysbios_family_arm_m3_Hwi_dispatchTable)
                  20004cc8    000000ac     (.common:uartLog_outBuf)
                  20004d74    0000008d     oad.o (.bss.candidateImageHeader)
                  20004e01    00000001     OneLib.a : gapgattserver.o (.bss)
                  20004e02    00000002              : gapgattserver.o (.bss)
                  20004e04    00000084     (.common:trngCC26XXObjects)
                  20004e88    0000007c     (.common:gpioCallbackFunctions)
                  20004f04    0000007c     (.common:gpioUserArgs)
                  20004f80    00000078     StackWrapper.a : osal_cbtimer.o (.bss)
                  20004ff8    00000068     rf_multiMode_cc26x2.a : RFCC26X2_multiMode.c.cc26x2.ticlang.o (.bss.RF_ratModule)
                  20005060    00000060     (.common:ti_sysbios_knl_ClockSupport_timerStruct)
                  200050c0    00000058     (.common:pzTask)
                  20005118    00000058     (.common:task0)
                  20005170    00000058     (.common:ti_sysbios_knl_Idle_taskStruct)
                  200051c8    00000054     (.common:aesctrdrbgXXObjects)
                  2000521c    00000050     (.common:CryptoResourceCC26XX_accessSemaphore)
                  2000526c    00000050     (.common:CryptoResourceCC26XX_operationSemaphore)
                  200052bc    00000050     (.common:PKAResourceCC26XX_accessSemaphore)
                  2000530c    00000050     (.common:PKAResourceCC26XX_operationSemaphore)
                  2000535c    0000004c     (.common:gptimerCC26XXObjects)
                  200053a8    00000044                           : RFCC26X2_multiMode.c.cc26x2.ticlang.o (.bss.RF_clkInactivityObj)
                  200053ec    00000044                           : RFCC26X2_multiMode.c.cc26x2.ticlang.o (.bss.RF_clkPowerUpObj)
                  20005430    00000040     ti_drivers_config.o (.bss.verifyBuf)
                  20005470    00000040     (.common:aesctrCC26XXObjects)
                  200054b0    0000003c     rf_multiMode_cc26x2.a : RFCC26X2_multiMode.c.cc26x2.ticlang.o (.bss.RF_swiHwObj)
                  200054ec    0000003c     StackWrapper.a : osal_snv_wrapper.o (.bss)
                  20005528    00000030     (.common:ti_sysbios_knl_Swi_readyQs)
                  20005558    00000030     (.common:ti_sysbios_knl_Task_readyQs)
                  20005588    0000002e     (.common:NVOCMP_nvHandle)
                  200055b6    00000002     OneLib.a : ll.o (.bss)
                  200055b8    00000028     (.common:watchdogCC26XXObjects)
                  200055e0    00000024     Achilles_main.o (.bss.i2cCommunicateClock)
                  20005604    00000024     OneLib.a : ll.o (.bss)
                  20005628    00000024     (.common:aesecbCC26XXObjects)
                  2000564c    00000020     ti_drivers_config.o (.bss.uart2RxRingBuffer0)
                  2000566c    00000020     ti_drivers_config.o (.bss.uart2TxRingBuffer0)
                  2000568c    00000020     OneLib.a : gattservapp.o (.bss)
                  200056ac    00000020     StackWrapper.a : gapbondmgr.o (.bss)
                  200056cc    00000020                    : gapbondmgr.o (.bss)
                  200056ec    00000020     (.common:ecdhCC26X2Objects)
                  2000570c    00000020     (.common:i2cTransaction)
                  2000572c    00000020     (.common:pwmTimerCC26XXObjects)
                  2000574c    00000020     (.common:ti_sysbios_runtime_System_atexitHandlers)
                  2000576c    00000020     (.common:udmaCC26XXObject)
                  2000578c    0000001c     drivers_cc26x2x7.a : GPIOCC26X2.c.obj (.bss.gpioHwi)
                  200057a8    0000001c     scif_framework.o (.bss.semCtrlReady)
                  200057c4    0000001c     (.common:BIOS_heapCallbackObject)
                  200057e0    0000001c     (.common:BIOS_rtsGate)
                  200057fc    0000001c     (.common:CryptoResourceCC26XX_hwi)
                  20005818    0000001c     (.common:PKAResourceCC26XX_hwi)
                  20005834    00000018     OneLib.a : gapgattserver.o (.bss)
                  2000584c    00000018     (.common:aesccmCC26XXObjects)
                  20005864    00000014     drivers_cc26x2x7.a : Random.c.obj (.bss.state)
                  20005878    00000010     OneLib.a : ll.o (.bss)
                  20005888    00000010     (.common:i2cParams)
                  20005898    0000000c              : ll.o (.bss)
                  200058a4    0000000c              : ll.o (.bss)
                  200058b0    0000000c              : ll_scheduler.o (.bss)
                  200058bc    0000000c     (.common:Status)
                  200058c8    0000000c     (.common:nvsSPI25XObjects)
                  200058d4    00000008              : ll.o (.bss)
                  200058dc    00000008              : ll.o (.bss)
                  200058e4    00000008              : ll_ae.o (.bss)
                  200058ec    00000008     StackWrapper.a : gapbondmgr.o (.bss)
                  200058f4    00000006     (.common:runheatr)
                  200058fa    00000002     OneLib.a : ll_slave_end_causes.o (.bss)
                  200058fc    00000004     WS2812.o (.bss._spiHandle)
                  20005900    00000004     data_service.o (.bss.ds_StreamConfig)
                  20005904    00000004     observerNotify.o (.bss.observerNotify_NotifyChracConfig)
                  20005908    00000004     driverlib.lib : osc.o (.bss.oscHfGlobals.0)
                  2000590c    00000004                   : osc.o (.bss.oscHfGlobals.2)
                  20005910    00000004                   : osc.o (.bss.oscHfGlobals.3)
                  20005914    00000004                   : osc.o (.bss.oscHfGlobals.4)
                  20005918    00000004     drivers_cc26x2x7.a : ECDHCC26X2.c.obj (.bss.resultPKAMemAddr)
                  2000591c    00000004     OneLib.a : gapgattserver.o (.bss)
                  20005920    00000004              : gattservapp.o (.bss)
                  20005924    00000004              : linkdb.o (.bss)
                  20005928    00000004              : ll.o (.bss)
                  2000592c    00000004              : ll.o (.bss)
                  20005930    00000004              : ll.o (.bss)
                  20005934    00000004              : ll.o (.bss)
                  20005938    00000004              : ll.o (.bss)
                  2000593c    00000004              : ll_ae.o (.bss)
                  20005940    00000004              : ll_common.o (.bss)
                  20005944    00000004              : ll_enc.o (.bss)
                  20005948    00000004              : ll_privacy.o (.bss)
                  2000594c    00000004     StackWrapper.a : gapbondmgr.o (.bss)
                  20005950    00000004                    : gapbondmgr.o (.bss)
                  20005954    00000004                    : osal.o (.bss)
                  20005958    00000004                    : osal.o (.bss)
                  2000595c    00000004                    : osal.o (.bss)
                  20005960    00000004                    : osal.o (.bss)
                  20005964    00000004                    : osal.o (.bss)
                  20005968    00000004                    : osal.o (.bss)
                  2000596c    00000004                    : osal_bufmgr.o (.bss)
                  20005970    00000004                    : osal_clock.o (.bss)
                  20005974    00000004                    : osal_clock.o (.bss)
                  20005978    00000004                    : osal_timers.o (.bss)
                  2000597c    00000004                    : osal_timers.o (.bss)
                  20005980    00000004                    : osal_timers.o (.bss)
                  20005984    00000004     (.common:HEAPMGR_SIZE)
                  20005988    00000004     (.common:PowerCC26XX_swiKey)
                  2000598c    00000004     (.common:PowerCC26XX_taskKey)
                  20005990    00000004     (.common:dutyValue1)
                  20005994    00000004     (.common:heater01)
                  20005998    00000004     (.common:i2c)
                  2000599c    00000004     (.common:stopClockTime)
                  200059a0    00000004     (.common:tasksEvents)
                  200059a4    00000004     (.common:ti_sysbios_family_arm_cc26xx_TimestampProvider_Module_state)
                  200059a8    00000004     (.common:ti_sysbios_knl_Task_defaultStackHeap)
                  200059ac    00000004     (.common:watchdogHandle)
                  200059b0    00000002                    : osal_pwrmgr.o (.bss)
                  200059b2    00000002     (.common:rxBufferTMT117)
                  200059b4    00000002     (.common:txBufferTMT117)
                  200059b6    00000001     OneLib.a : gattservapp.o (.bss)
                  200059b7    00000001              : hci_tl.o (.bss)
                  200059b8    00000001              : hci_tl.o (.bss)
                  200059b9    00000001              : hci_tl.o (.bss)
                  200059ba    00000001              : hci_tl.o (.bss)
                  200059bb    00000001              : hci_tl.o (.bss)
                  200059bc    00000001              : hci_tl.o (.bss)
                  200059bd    00000001              : ll.o (.bss)
                  200059be    00000001              : ll.o (.bss)
                  200059bf    00000001              : ll.o (.bss)
                  200059c0    00000001              : ll.o (.bss)
                  200059c1    00000001              : ll_ae.o (.bss)
                  200059c2    00000001              : ll_config.o (.bss)
                  200059c3    00000001              : ll_config.o (.bss)
                  200059c4    00000001              : ll_enc.o (.bss)
                  200059c5    00000001              : ll_isr.o (.bss)
                  200059c6    00000001              : sm_task.o (.bss)
                  200059c7    00000001     StackWrapper.a : ble_dispatch_lite.o (.bss)
                  200059c8    00000001                    : gapbondmgr.o (.bss)
                  200059c9    00000001                    : gapbondmgr.o (.bss)
                  200059ca    00000001                    : hal_assert.o (.bss)
                  200059cb    00000001                    : osal.o (.bss)
                  200059cc    00000001                    : osal_pwrmgr.o (.bss)
                  200059cd    00000001     (.common:IRLgt)
                  200059ce    00000001     (.common:NVOCMP_size)
                  200059cf    00000001     (.common:gAction)
                  200059d0    00000001     (.common:heatLvl)
                  200059d1    00000001     (.common:heatMax)
                  200059d2    00000001     (.common:nvsCC26XXObjects)
                  200059d3    00000001     (.common:protclIndx)
                  200059d4    00000001     (.common:time1)
                  200059d5    00000001     (.common:time2)

.vtable    0    200059d6    00000000     UNINITIALIZED

.vtable_ram 
*          0    200059d6    00000000     UNINITIALIZED

vtable_ram 
*          0    200059d6    00000000     UNINITIALIZED

.sysmem    0    200059d6    00000000     UNINITIALIZED

.nonretenvar 
*          0    200059d6    00000000     UNINITIALIZED

.noinit    0    200059d6    00000000     UNINITIALIZED

.stack     0    20023c00    00000400     UNINITIALIZED
                  20023c00    00000004     sysbios.a : boot_cortex_m.obj (.stack)
                  20023c04    000003fc     --HOLE--

.text      0    000000d0    00021b34     
                  000000d0    00001d18     Achilles_main.o (.text.AchillesPB_taskFxn)
                  00001de8    00000be0     StackWrapper.a : gapbondmgr.o (.text)
                  000029c8    00000708     OneLib.a : ll_adv_end_causes.o (.text)
                  000030d0    000006ec     oad.o (.text.OAD_processQueue)
                  000037bc    000006ec     StackWrapper.a : gapbondmgr.o (.text)
                  00003ea8    000004f0     OneLib.a : ll_ae.o (.text)
                  00004398    00000498     rf_multiMode_cc26x2.a : RFCC26X2_multiMode.c.cc26x2.ticlang.o (.text.RF_fsmActiveState)
                  00004830    00000480     OneLib.a : ble.o (.text)
                  00004cb0    0000047c              : ll_isr.o (.text)
                  0000512c    00000460              : ll_slave_end_causes.o (.text)
                  0000558c    00000448              : ll.o (.text)
                  000059d4    000003e8     oad.o (.text.oadProcessExtControlCmd)
                  00005dbc    000003ac     Achilles_main.o (.text.stateCreateTaskFunction)
                  00006168    0000038c     OneLib.a : ll_scheduler.o (.text)
                  000064f4    00000350              : ll_slave_end_causes.o (.text)
                  00006844    00000348              : ll_ae.o (.text)
                  00006b8c    00000338              : ll_ae.o (.text)
                  00006ec4    00000334              : ll_scheduler.o (.text)
                  000071f8    00000330     ti_sysbios_config.o (.text.ti_sysbios_runtime_System_doPrint)
                  00007528    000002ec     Achilles_main.o (.text.SOC_OCV)
                  00007814    000002cc     nvocmp.o (.text.NVOCMP_initNvApi)
                  00007ae0    000002c8     drivers_cc26x2x7.a : SPICC26X2DMA.c.obj (.text.SPICC26X2DMA_transfer)
                  00007da8    000002b0     StackWrapper.a : gapbondmgr.o (.text)
                  00008058    000002a4     nvocmp.o (.text.NVOCMP_compactPage)
                  000082fc    0000029c     rf_multiMode_cc26x2.a : RFCC26X2_multiMode.c.cc26x2.ticlang.o (.text.RF_open)
                  00008598    00000294     OneLib.a : ll.o (.text)
                  0000882c    00000274              : ll_ae.o (.text)
                  00008aa0    00000274              : ll_isr.o (.text)
                  00008d14    00000268              : ll_isr.o (.text)
                  00008f7c    0000025c              : ll_common.o (.text)
                  000091d8    0000025c     StackWrapper.a : gapbondmgr.o (.text)
                  00009434    00000254     drivers_cc26x2x7.a : ECDHCC26X2.c.obj (.text.ECDHCC26X2_hwiFxn)
                  00009688    0000024c     OneLib.a : ll_data.o (.text)
                  000098d4    0000023c     nvocmp.o (.text.NVOCMP_addItem)
                  00009b10    00000234     Achilles_main.o (.text.BQ25887)
                  00009d44    00000204     OneLib.a : gattservapp.o (.text)
                  00009f48    000001f0     Achilles_main.o (.text.HeaterPID)
                  0000a138    000001f0     drivers_cc26x2x7.a : UART2CC26X2.c.obj (.text.UART2CC26X2_hwiIntFxn)
                  0000a328    000001e8     rf_multiMode_cc26x2.a : RFCC26X2_multiMode.c.cc26x2.ticlang.o (.text.RF_scheduleCmd)
                  0000a510    000001e8     OneLib.a : ll.o (.text)
                  0000a6f8    000001e0     StackWrapper.a : osal.o (.text)
                  0000a8d8    000001dc     rf_multiMode_cc26x2.a : RFCC26X2_multiMode.c.cc26x2.ticlang.o (.text.RF_dispatchNextCmd)
                  0000aab4    000001d4     Achilles_main.o (.text.runheater)
                  0000ac88    000001c0     ble_user_config_stack.o (.text.setBleUserConfig)
                  0000ae48    000001bc     OneLib.a : ll_scheduler.o (.text)
                  0000b004    000001b6     libclang_rt.builtins.a : adddf3.S.obj (.text)
                  0000b1ba    000001ae     drivers_cc26x2x7.a : SPICC26X2DMA.c.obj (.text.SPICC26X2DMA_hwiFxn)
                  0000b368    00000198     OneLib.a : ll_common.o (.text)
                  0000b500    00000194     drivers_cc26x2x7.a : PowerCC26X2_calibrateRCOSC.c.obj (.text.PowerCC26X2_auxISR)
                  0000b694    00000188                        : AESECBCC26XX.c.obj (.text.AESECB_addDataInternal)
                  0000b81c    00000188                        : SPICC26X2DMA.c.obj (.text.SPICC26X2DMA_open)
                  0000b9a4    00000188     OneLib.a : ll_isr.o (.text)
                  0000bb2c    00000184              : ll_ae.o (.text)
                  0000bcb0    0000017c     drivers_cc26x2x7.a : ECDHCC26X2.c.obj (.text.ECDH_computeSharedSecret)
                  0000be2c    0000017c                        : UART2CC26X2.c.obj (.text.UART2_open)
                  0000bfa8    00000174                        : UART2.c.obj (.text.UART2_writeTimeoutBlocking)
                  0000c11c    00000174     OneLib.a : gattservapp.o (.text)
                  0000c290    00000174              : ll_scheduler.o (.text)
                  0000c404    00000170     Achilles_main.o (.text.DOD)
                  0000c574    00000170     data_service.o (.text.Data_Service_WriteAttrCB)
                  0000c6e4    0000016c     drivers_cc26x2x7.a : AESCCMCC26XX.c.obj (.text.AESCCM_startOperation)
                  0000c850    0000016c     UartLog.o (.text.uartLog_flush)
                  0000c9bc    00000168     OneLib.a : ll_ae.o (.text)
                  0000cb24    00000164     crc32.o (.text.CRC32_calc)
                  0000cc88    00000164     icall.o (.text.ICall_waitMatch)
                  0000cdec    00000162     StackWrapper.a : osal.o (.text)
                  0000cf4e    00000002     ti_sysbios_config.o (.text.BIOS_nullFunc)
                  0000cf50    00000160     drivers_cc26x2x7.a : SPICC26X2DMA.c.obj (.text.configNextTransfer)
                  0000d0b0    0000015c                        : NVSSPI25X.c.obj (.text.NVSSPI25X_write)
                  0000d20c    0000015c     Achilles_main.o (.text.SOC)
                  0000d368    00000158     drivers_cc26x2x7.a : AESCTRCC26XX.c.obj (.text.AESCTR_processData)
                  0000d4c0    00000158                        : PowerCC26X2.c.obj (.text.Power_sleep)
                  0000d618    00000150     OneLib.a : gap_task.o (.text)
                  0000d768    00000150              : ll_ae.o (.text)
                  0000d8b8    0000014c     Achilles_main.o (.text.I2CTMT117)
                  0000da04    0000014c     OneLib.a : ll_isr.o (.text)
                  0000db50    00000148     rf_multiMode_cc26x2.a : RFCC26X2_multiMode.c.cc26x2.ticlang.o (.text.RF_radioOpDoneCb)
                  0000dc98    00000144     data_service.o (.text.DataService_SetParameter)
                  0000dddc    00000004     drivers_cc26x2x7.a : AESCTRDRBGXX.c.obj (.text.AESCTRDRBG_getBytes)
                  0000dde0    00000144     ti_sysbios_config.o (.text.ti_sysbios_runtime_System_printfExtend)
                  0000df24    00000144     StackWrapper.a : gap.o (.text)
                  0000e068    00000140     OneLib.a : gattservapp.o (.text)
                  0000e1a8    0000013c     drivers_cc26x2x7.a : I2CCC26XX.c.obj (.text.I2C_open)
                  0000e2e4    00000134     rf_multiMode_cc26x2.a : RFCC26X2_multiMode.c.cc26x2.ticlang.o (.text.RF_ratSetupChannel)
                  0000e418    00000130     driverlib.lib : aes.o (.text.NOROM_AESWriteToKeyStore)
                  0000e548    0000012c     button_service.o (.text.ButtonService_SetParameter)
                  0000e674    0000012c     rf_multiMode_cc26x2.a : RFCC26X2_multiMode.c.cc26x2.ticlang.o (.text.RF_close)
                  0000e7a0    0000012c                           : RFCC26X2_multiMode.c.cc26x2.ticlang.o (.text.RF_fsmSetupState)
                  0000e8cc    0000012c     drivers_cc26x2x7.a : TRNGCC26XX.c.obj (.text.TRNGCC26XX_hwiFxn)
                  0000e9f8    00000126                        : I2C.c.obj (.text.I2C_transferTimeout)
                  0000eb1e    00000002     ti_drivers_config.o (.text.Board_initHook)
                  0000eb20    00000124     rf_multiMode_cc26x2.a : RFCC26X2_multiMode.c.cc26x2.ticlang.o (.text.RF_abortCmd)
                  0000ec44    00000122     drivers_cc26x2x7.a : SPICC26X2DMA.c.obj (.text.SPICC26X2DMA_transferCancel)
                  0000ed66    00000002     ble_user_config.o (.text.DefaultAssertCback)
                  0000ed68    00000120     main.o (.text.AssertHandler)
                  0000ee88    00000120     nvocmp.o (.text.NVOCMP_findItem)
                  0000efa8    00000120     ti_sysbios_config.o (.text.ti_sysbios_family_arm_cc26xx_Timer_construct)
                  0000f0c8    00000120     OneLib.a : ll_common.o (.text)
                  0000f1e8    00000120              : ll_data.o (.text)
                  0000f308    0000011c     sysbios.a : Hwi_asm_gnu.obj (.text.ti_sysbios_family_arm_m3_Hwi_dispatch)
                  0000f424    0000011a     drivers_cc26x2x7.a : UART2.c.obj (.text.UART2_writeTimeoutNonblocking)
                  0000f53e    00000002                        : I2C.c.obj (.text.I2C_init)
                  0000f540    00000118                        : PowerCC26X2.c.obj (.text.Power_init)
                  0000f658    00000118     rf_multiMode_cc26x2.a : RFCC26X2_multiMode.c.cc26x2.ticlang.o (.text.RF_decodeOverridePointers)
                  0000f770    0000010c     drivers_cc26x2x7.a : ECDHCC26X2.c.obj (.text.ECDH_generatePublicKey)
                  0000f87c    0000010c     led_service.o (.text.LED_Service_WriteAttrCB)
                  0000f988    0000010c     drivers_cc26x2x7.a : NVSSPI25X.c.obj (.text.NVSSPI25X_open)
                  0000fa94    0000010c     oad.o (.text.OAD_open)
                  0000fba0    0000010c     drivers_cc26x2x7.a : PowerCC26X2_calibrateRCOSC.c.obj (.text.PowerCC26X2_calibrate)
                  0000fcac    0000010c     OneLib.a : gatt_client.o (.text)
                  0000fdb8    00000108     drivers_cc26x2x7.a : NVSCC26XX.c.obj (.text.NVSCC26XX_write)
                  0000fec0    00000108     rf_multiMode_cc26x2.a : RFCC26X2_multiMode.c.cc26x2.ticlang.o (.text.RF_fsmPowerUpState)
                  0000ffc8    00000104     drivers_cc26x2x7.a : GPIOCC26X2.c.obj (.text.GPIO_init)
                  000100cc    00000104     driverlib.lib : sys_ctrl.o (.text.NOROM_SysCtrlStandby)
                  000101d0    00000104     drivers_cc26x2x7.a : UART2CC26X2.c.obj (.text.UART2CC26X2_initHw)
                  000102d4    000000fe     OneLib.a : ll_scheduler.o (.text)
                  000103d2    00000002     rom_init.o (.text.MAP_HCI_CteRequestFailedEvent)
                  000103d4    000000fc     rf_multiMode_cc26x2.a : RFCC26X2_multiMode.c.cc26x2.ticlang.o (.text.RF_hwiCpe0Active)
                  000104d0    000000fc     OneLib.a : ll_isr.o (.text)
                  000105cc    000000fc              : ll_scheduler.o (.text)
                  000106c8    000000fc     libclang_rt.builtins.a : muldf3.S.obj (.text)
                  000107c4    000000f8     drivers_cc26x2x7.a : TRNGCC26XX.c.obj (.text.TRNG_getRandom)
                  000108bc    000000f8     OneLib.a : sm_rsppairing.o (.text)
                  000109b4    000000f6     drivers_cc26x2x7.a : AESCTRDRBGXX.c.obj (.text.AESCTRDRBG_getRandomBytes)
                  00010aaa    00000002     rom_init.o (.text.MAP_llClearPeriodicAdvSets)
                  00010aac    000000f0     drivers_cc26x2x7.a : UART2CC26X2.c.obj (.text.UART2Support_dmaStartRx)
                  00010b9c    000000f0     OneLib.a : ll_ae.o (.text)
                  00010c8c    000000ec              : gap_advertiser.o (.text)
                  00010d78    000000ec              : ll_common.o (.text)
                  00010e64    000000e8     drivers_cc26x2x7.a : I2CCC26XX.c.obj (.text.I2CCC26XX_hwiFxn)
                  00010f4c    000000e4     driverlib.lib : setup.o (.text.NOROM_SetupTrimDevice)
                  00011030    000000e4     Achilles_main.o (.text.onLEDs)
                  00011114    000000e4     ti_sysbios_config.o (.text.ti_sysbios_knl_Semaphore_pend)
                  000111f8    000000e4     OneLib.a : gapgattserver.o (.text)
                  000112dc    000000e4              : ll_ae.o (.text)
                  000113c0    000000e0     ti_sysbios_config.o (.text.ti_sysbios_knl_Event_pend)
                  000114a0    000000e0     OneLib.a : ll_scheduler.o (.text)
                  00011580    000000e0     StackWrapper.a : osal_timers.o (.text)
                  00011660    000000dc     rf_multiMode_cc26x2.a : RFCC26X2_multiMode.c.cc26x2.ticlang.o (.text.RF_control)
                  0001173c    000000dc     drivers_cc26x2x7.a : NVSSPI25X.c.obj (.text.doErase)
                  00011818    000000dc     OneLib.a : ll_ae.o (.text)
                  000118f4    000000d8     devinfoservice.o (.text.DevInfo_SetParameter)
                  000119cc    000000d8     drivers_cc26x2x7.a : SPICC26X2DMA.c.obj (.text.SPICC26X2DMA_control)
                  00011aa4    000000d8     scif_framework.o (.text.scifInit)
                  00011b7c    000000d8     ti_sysbios_config.o (.text.ti_sysbios_family_arm_m3_Hwi_excFillContext)
                  00011c54    000000d0     drivers_cc26x2x7.a : PowerCC26X2.c.obj (.text.configureXOSCHF)
                  00011d24    000000cc                        : AESCTRDRBGXX.c.obj (.text.AESCTRDRBG_construct)
                  00011df0    000000cc     ti_sysbios_config.o (.text.ti_sysbios_knl_Clock_workFuncDynamic)
                  00011ebc    000000cc     OneLib.a : hci_event.o (.text)
                  00011f88    000000cc     StackWrapper.a : osal.o (.text)
                  00012054    000000ca     rf_multiMode_cc26x2.a : RFCC26X2_multiMode.c.cc26x2.ticlang.o (.text.RF_updatePaConfiguration)
                  0001211e    00000002     rom_init.o (.text.MAP_llClearPeriodicScanSets)
                  00012120    000000c8     button_service.o (.text.Button_Service_WriteAttrCB)
                  000121e8    000000c8     led_service.o (.text.LED_Service_ReadAttrCB)
                  000122b0    000000c8     OneLib.a : gap_scanner.o (.text)
                  00012378    000000c8              : gapgattserver.o (.text)
                  00012440    000000c8              : ll.o (.text)
                  00012508    000000c8              : ll_ae.o (.text)
                  000125d0    000000c6     drivers_cc26x2x7.a : AESCTRDRBGXX.c.obj (.text.AESCTRDRBG_reseed)
                  00012696    00000002     rom_init.o (.text.MAP_llCoexInit)
                  00012698    000000c4     button_service.o (.text.Button_Service_ReadAttrCB)
                  0001275c    000000c4     data_service.o (.text.Data_Service_ReadAttrCB)
                  00012820    000000c4     Achilles_main.o (.text.batteryIndication)
                  000128e4    000000c0     led_service.o (.text.LedService_SetParameter)
                  000129a4    000000c0     driverlib.lib : setup.o (.text.TrimAfterColdResetWakeupFromShutDown)
                  00012a64    000000c0     oad.o (.text.oadCreateFactoryImageBackup)
                  00012b24    000000c0     OneLib.a : ll.o (.text)
                  00012be4    000000c0              : ll_isr.o (.text)
                  00012ca4    000000bc     rf_multiMode_cc26x2.a : RFCC26X2_multiMode.c.cc26x2.ticlang.o (.text.RF_swiHw)
                  00012d60    000000bc     drivers_cc26x2x7.a : UART2CC26X2.c.obj (.text.UART2Support_dmaStartTx)
                  00012e1c    000000bc     oad.o (.text.oadWriteAttrCB)
                  00012ed8    000000bc     OneLib.a : ble.o (.text)
                  00012f94    000000bc              : ll_ecc.o (.text)
                  00013050    000000bc              : ll_scheduler.o (.text)
                  0001310c    000000b8     devinfoservice.o (.text.devInfo_ReadAttrCB)
                  000131c4    000000b8     ti_ble_config.o (.text.setBondManagerParameters)
                  0001327c    000000b8     ti_sysbios_config.o (.text.ti_sysbios_knl_Task_Instance_finalize)
                  00013334    000000b8     OneLib.a : ll.o (.text)
                  000133ec    000000b8              : ll_slave_end_causes.o (.text)
                  000134a4    000000b8     StackWrapper.a : gapbondmgr.o (.text)
                  0001355c    000000b8                    : gattservapp_util.o (.text)
                  00013614    000000b4     driverlib.lib : osc.o (.text.NOROM_OSCHF_AttemptToSwitchToXosc)
                  000136c8    000000b4     ti_sysbios_config.o (.text.PowerCC26XX_standbyPolicy)
                  0001377c    000000b4     drivers_cc26x2x7.a : PowerCC26X2.c.obj (.text.Power_releaseDependency)
                  00013830    000000b4     ti_sysbios_config.o (.text.ti_sysbios_knl_Task_setPri)
                  000138e4    000000b0     drivers_cc26x2x7.a : PowerCC26X2.c.obj (.text.Power_setDependency)
                  00013994    000000b0     OneLib.a : ll_enc.o (.text)
                  00013a44    000000b0     StackWrapper.a : gattservapp_util.o (.text)
                  00013af4    000000b0     libclang_rt.builtins.a : udivmoddi4.S.obj (.text)
                  00013ba4    000000ac     rf_multiMode_cc26x2.a : RFCC26X2_multiMode.c.cc26x2.ticlang.o (.text.RF_pendCmd)
                  00013c50    000000ac     scif_framework.o (.text.scifCtrlTasksNbl)
                  00013cfc    000000ac     OneLib.a : ll_ae.o (.text)
                  00013da8    000000a8     Achilles_main.o (.text.AchillesPB_updatePHYStat)
                  00013e50    000000a8     drivers_cc26x2x7.a : GPTimerCC26XX.c.obj (.text.GPTimerCC26XX_open)
                  00013ef8    000000a8                        : PWMTimerCC26XX.c.obj (.text.PWMTimerCC26XX_open)
                  00013fa0    000000a8     OneLib.a : hci_data.o (.text)
                  00014048    000000a8              : ll.o (.text)
                  000140f0    000000a8              : ll_common.o (.text)
                  00014198    000000a8     StackWrapper.a : gapbondmgr.o (.text)
                  00014240    000000a4     icall.o (.text.ICall_heapMalloc)
                  000142e4    000000a4     drivers_cc26x2x7.a : PWMTimerCC26XX.c.obj (.text.PWMTimerCC26XX_setDutyAndPeriod)
                  00014388    000000a4     rf_multiMode_cc26x2.a : RFCC26X2_multiMode.c.cc26x2.ticlang.o (.text.RF_initRadioSetup)
                  0001442c    000000a4     ti_sysbios_config.o (.text.ti_sysbios_knl_Task_Instance_init)
                  000144d0    000000a4     OneLib.a : ll_ae.o (.text)
                  00014574    000000a4     StackWrapper.a : gapbondmgr.o (.text)
                  00014618    000000a4                    : osal_cbtimer.o (.text)
                  000146bc    000000a0     drivers_cc26x2x7.a : I2CCC26XX.c.obj (.text.I2CCC26XX_swiFxn)
                  0001475c    000000a0     rf_multiMode_cc26x2.a : RFCC26X2_multiMode.c.cc26x2.ticlang.o (.text.RF_calculateDispatchTime)
                  000147fc    000000a0     OneLib.a : gap_scanner.o (.text)
                  0001489c    000000a0              : gattservapp.o (.text)
                  0001493c    000000a0              : ll_common.o (.text)
                  000149dc    000000a0              : ll_scheduler.o (.text)
                  00014a7c    0000009c     drivers_cc26x2x7.a : AESCTRCC26XX.c.obj (.text.AESCTR_startOneStepOperation)
                  00014b18    0000009c     Achilles_main.o (.text.stopClockSwiFxn)
                  00014bb4    0000009c     OneLib.a : ll_common.o (.text)
                  00014c50    0000009c              : ll_ecc.o (.text)
                  00014cec    00000098     drivers_cc26x2x7.a : GPTimerCC26XX.c.obj (.text.GPTimerCC26XX_close)
                  00014d84    00000098     nvocmp.o (.text.NVOCMP_erase)
                  00014e1c    00000098     rf_multiMode_cc26x2.a : RFCC26X2_multiMode.c.cc26x2.ticlang.o (.text.RF_defaultSubmitPolicy)
                  00014eb4    00000098     drivers_cc26x2x7.a : WatchdogCC26XX.c.obj (.text.WatchdogCC26XX_open)
                  00014f4c    00000098     OneLib.a : gattservapp.o (.text)
                  00014fe4    00000098              : hci_event.o (.text)
                  0001507c    00000096     rf_multiMode_cc26x2.a : RFCC26X2_multiMode.c.cc26x2.ticlang.o (.text.RF_verifyGap)
                  00015112    00000002     rom_init.o (.text.MAP_llCoexSetParams)
                  00015114    00000094     rf_multiMode_cc26x2.a : RFCC26X2_multiMode.c.cc26x2.ticlang.o (.text.RF_ratRestartChannels)
                  000151a8    00000094     UartLog.o (.text.UartLog_log)
                  0001523c    00000094     Achilles_main.o (.text.buttonDebounceSwiFxn)
                  000152d0    00000094     ti_sysbios_config.o (.text.ti_sysbios_knl_Clock_startI)
                  00015364    00000094     ti_sysbios_config.o (.text.ti_sysbios_knl_Task_sleep)
                  000153f8    00000094     OneLib.a : gatt_server.o (.text)
                  0001548c    00000094              : ll.o (.text)
                  00015520    00000094              : ll_scheduler.o (.text)
                  000155b4    00000092              : gap_task.o (.text)
                  00015646    00000002     rom_init.o (.text.MAP_llCoexUpdateCounters)
                  00015648    00000090     Achilles_main.o (.text.achilliesInit)
                  000156d8    00000090     observerNotify.o (.text.observerNotify_WriteAttrCB)
                  00015768    00000090     osal_icall_ble.o (.text.osalInitTasks)
                  000157f8    00000090     pauseHeater.o (.text.pauseHeater_WriteAttrCB)
                  00015888    00000090     runHeater.o (.text.runHeater_WriteAttrCB)
                  00015918    00000090     stopHeater.o (.text.stopHeater_WriteAttrCB)
                  000159a8    00000090     OneLib.a : ll.o (.text)
                  00015a38    00000090              : ll_ae.o (.text)
                  00015ac8    00000090              : ll_common.o (.text)
                  00015b58    0000008c     drivers_cc26x2x7.a : GPIOCC26XX.c.obj (.text.GPIO_setConfig)
                  00015be4    0000008c                        : TRNGCC26XX.c.obj (.text.TRNG_construct)
                  00015c70    0000008c     ti_sysbios_config.o (.text.ti_sysbios_knl_Clock_init)
                  00015cfc    00000088     button_service.o (.text.ButtonService_AddService)
                  00015d84    00000088     rf_multiMode_cc26x2.a : RFCC26X2_multiMode.c.cc26x2.ticlang.o (.text.RF_cmdDispatchTime)
                  00015e0c    00000088                           : RFCC26X2_multiMode.c.cc26x2.ticlang.o (.text.RF_discardPendCmd)
                  00015e94    00000088     OneLib.a : ll_isr.o (.text)
                  00015f1c    00000088     StackWrapper.a : osal_cbtimer.o (.text)
                  00015fa4    00000084     icall.o (.text.ICall_setTimer)
                  00016028    00000084     nvocmp.o (.text.NVOCMP_readHeader)
                  000160ac    00000084     rf_multiMode_cc26x2.a : RFCC26X2_multiMode.c.cc26x2.ticlang.o (.text.RF_getInfo)
                  00016130    00000084     WS2812.o (.text.WS2812_setPixelColor)
                  000161b4    00000084     OneLib.a : ll_ae.o (.text)
                  00016238    00000080     drivers_cc26x2x7.a : AESCTRCC26XX.c.obj (.text.AESCTR_hwiFxn)
                  000162b8    00000080     data_service.o (.text.DataService_AddService)
                  00016338    00000080     drivers_cc26x2x7.a : NVSSPI25X.c.obj (.text.NVSSPI25X_close)
                  000163b8    00000080                        : UART2CC26X2.c.obj (.text.UART2Support_dmaStopTx)
                  00016438    00000080                        : NVSCC26XX.c.obj (.text.doErase)
                  000164b8    00000080     oad.o (.text.oadResetState)
                  00016538    00000080     oad.o (.text.oadSendNotification)
                  000165b8    00000080     ti_sysbios_config.o (.text.ti_sysbios_family_arm_m3_Hwi_initNVIC)
                  00016638    00000080     ti_sysbios_config.o (.text.ti_sysbios_gates_GateMutexPri_enter)
                  000166b8    00000080     OneLib.a : ll_enc.o (.text)
                  00016738    0000007e              : gap_task.o (.text)
                  000167b6    00000002     rom_init.o (.text.MAP_llDmmDynamicFree)
                  000167b8    0000007c     rf_multiMode_cc26x2.a : RFCC26X2_multiMode.c.cc26x2.ticlang.o (.text.RF_ratDisableChannel)
                  00016834    0000007c     libclang_rt.builtins.a : comparedf2.c.obj (.text.__gedf2)
                  000168b0    0000007c                            : comparedf2.c.obj (.text.__ledf2)
                  0001692c    0000007c     drivers_cc26x2x7.a : NVSSPI25X.c.obj (.text.doRead)
                  000169a8    0000007c     icall.o (.text.icall_directAPI)
                  00016a24    0000007c     ti_sysbios_config.o (.text.ti_sysbios_family_arm_m3_Hwi_postInit)
                  00016aa0    0000007c     OneLib.a : ll_common.o (.text)
                  00016b1c    0000007c     StackWrapper.a : gapbondmgr.o (.text)
                  00016b98    0000007a     OneLib.a : gattservapp.o (.text)
                  00016c12    00000002     rom_init.o (.text.MAP_llDmmSetThreshold)
                  00016c14    00000078     icall.o (.text.ICall_heapInit)
                  00016c8c    00000078     driverlib.lib : osc.o (.text.NOROM_OSCHF_SwitchToRcOscTurnOffXosc)
                  00016d04    00000078                   : sys_ctrl.o (.text.NOROM_SysCtrlShutdownWithAbort)
                  00016d7c    00000078     drivers_cc26x2x7.a : NVSCC26XX.c.obj (.text.NVSCC26XX_open)
                  00016df4    00000078     rf_multiMode_cc26x2.a : RFCC26X2_multiMode.c.cc26x2.ticlang.o (.text.RF_ratFreeChannel)
                  00016e6c    00000078     drivers_cc26x2x7.a : SPICC26X2DMA.c.obj (.text.SPICC26X2DMA_close)
                  00016ee4    00000078     ti_sysbios_config.o (.text.ti_sysbios_knl_Task_postInit)
                  00016f5c    00000078     Achilles_main.o (.text.util_arrtohex)
                  00016fd4    00000078     OneLib.a : gap_linkmgr.o (.text)
                  0001704c    00000078              : l2cap_task.o (.text)
                  000170c4    00000078              : ll_common.o (.text)
                  0001713c    00000078     StackWrapper.a : osal_cbtimer.o (.text)
                  000171b4    00000076                    : gap.o (.text)
                  0001722a    00000074     drivers_cc26x2x7.a : AESCTRDRBGXX.c.obj (.text.AESCTRDRBGXX_updateState)
                  0001729e    00000002     rom_init.o (.text.MAP_llHealthUpdate)
                  000172a0    00000074     Achilles_main.o (.text.AchillesPB_sendParamUpdate)
                  00017314    00000074     drivers_cc26x2x7.a : ECDHCC26X2.c.obj (.text.ECDHCC26X2_getKeyResult)
                  00017388    00000074     Achilles_main.o (.text.GPIO_Board_keyCallback)
                  000173fc    00000074     drivers_cc26x2x7.a : I2CCC26XX.c.obj (.text.I2C_close)
                  00017470    00000074     nvocmp.o (.text.NVOCMP_readItemApi)
                  000174e4    00000074     drivers_cc26x2x7.a : PowerCC26X2_calibrateRCOSC_helpers.c.obj (.text.PowerCC26X2_updateSubSecInc)
                  00017558    00000074     rf_multiMode_cc26x2.a : RFCC26X2_multiMode.c.cc26x2.ticlang.o (.text.RF_hwiHw)
                  000175cc    00000074     scif_framework.o (.text.scifInitIo)
                  00017640    00000074     ti_sysbios_config.o (.text.ti_sysbios_knl_Swi_restoreHwi)
                  000176b4    00000074     ti_sysbios_config.o (.text.ti_sysbios_knl_Task_startup)
                  00017728    00000074     OneLib.a : ll_enc.o (.text)
                  0001779c    00000070     drivers_cc26x2x7.a : AESCCMCC26XX.c.obj (.text.AESCCM_cleanup)
                  0001780c    00000070                        : AESCTRCC26XX.c.obj (.text.AESCTR_construct)
                  0001787c    00000070     icall.o (.text.ICall_createRemoteTasksAtRuntime)
                  000178ec    00000070     nvocmp.o (.text.NVOCMP_writeItemApi)
                  0001795c    00000070     oad.o (.text.oadFindCurrentImageHdr)
                  000179cc    00000070     ti_sysbios_config.o (.text.ti_sysbios_family_arm_m3_Hwi_Instance_init)
                  00017a3c    00000070     ti_sysbios_config.o (.text.ti_sysbios_runtime_System_formatNum)
                  00017aac    00000070     OneLib.a : gatt_server.o (.text)
                  00017b1c    00000070              : ll_ae.o (.text)
                  00017b8c    00000070              : ll_common.o (.text)
                  00017bfc    00000070              : ll_enc.o (.text)
                  00017c6c    00000070     StackWrapper.a : osal.o (.text)
                  00017cdc    0000006e     OneLib.a : gatt_server.o (.text)
                  00017d4a    00000002     rom_init.o (.text.MAP_llMaster_TaskEnd)
                  00017d4c    0000006e     libclang_rt.builtins.a : truncdfsf2.S.obj (.text)
                  00017dba    00000002     rom_init.o (.text.MAP_llPeriodicAdv_PostProcess)
                  00017dbc    0000006c     icall_cc2650.o (.text.ICallPlatform_pwrUpdActivityCounter)
                  00017e28    0000006c     icall.o (.text.ICall_wait)
                  00017e94    0000006c     nvocmp.o (.text.NVOCMP_eraseNvApi)
                  00017f00    0000006c     rf_multiMode_cc26x2.a : RFCC26X2_multiMode.c.cc26x2.ticlang.o (.text.RF_issueRadioFreeCb)
                  00017f6c    0000006c     drivers_cc26x2x7.a : Random.c.obj (.text.Random_seedAutomatic)
                  00017fd8    0000006c     ti_sysbios_config.o (.text.ti_sysbios_family_arm_m3_Hwi_dispatchC)
                  00018044    0000006c     OneLib.a : ll_isr.o (.text)
                  000180b0    0000006c     StackWrapper.a : osal_cbtimer.o (.text)
                  0001811c    0000006a     drivers_cc26x2x7.a : I2CCC26XX.c.obj (.text.I2CSupport_primeTransfer)
                  00018186    0000006a     nvocmp.o (.text.NVOCMP_verifyCRC)
                  000181f0    0000006a     libc.a : copy_decompress_lzss.c.obj (.text:decompress:lzss)
                  0001825a    00000002     rom_init.o (.text.MAP_llProcessPeriodicScanRxFIFO)
                  0001825c    00000068     drivers_cc26x2x7.a : AESECBCC26XX.c.obj (.text.AESECB_construct)
                  000182c4    00000068                        : AESECBCC26XX.c.obj (.text.AESECB_hwiFxn)
                  0001832c    00000068     Achilles_main.o (.text.AchillesPB_ButtonService_CfgChangeCB)
                  00018394    00000068     Achilles_main.o (.text.AchillesPB_DataService_CfgChangeCB)
                  000183fc    00000068     Achilles_main.o (.text.AchillesPB_DataService_ValueChangeCB)
                  00018464    00000068     Achilles_main.o (.text.AchillesPB_LedService_ValueChangeCB)
                  000184cc    00000068     icall.o (.text.ICall_enrollService)
                  00018534    00000068     icall.o (.text.ICall_send)
                  0001859c    00000068     icall.o (.text.ICall_sendServiceComplete)
                  00018604    00000068     driverlib.lib : chipinfo.o (.text.NOROM_ChipInfo_GetChipType)
                  0001866c    00000068     rf_multiMode_cc26x2.a : RFCC26X2_multiMode.c.cc26x2.ticlang.o (.text.RF_detachOverrides)
                  000186d4    00000068     drivers_cc26x2x7.a : UART2CC26X2.c.obj (.text.UART2Support_dmaStopRx)
                  0001873c    00000068     ti_sysbios_config.o (.text.ti_sysbios_knl_Event_post)
                  000187a4    00000068     ti_sysbios_config.o (.text.ti_sysbios_knl_Swi_run)
                  0001880c    00000068     OneLib.a : gap_task.o (.text)
                  00018874    00000068              : gattservapp.o (.text)
                  000188dc    00000068              : ll.o (.text)
                  00018944    00000068              : ll_ae.o (.text)
                  000189ac    00000068     StackWrapper.a : osal_timers.o (.text)
                  00018a14    00000066                    : icall_lite_translation.o (.text)
                  00018a7a    00000002     rom_init.o (.text.MAP_llSetPeriodicSyncInfo)
                  00018a7c    00000064     drivers_cc26x2x7.a : AESCCMCC26XX.c.obj (.text.AESCCM_hwiFxn)
                  00018ae0    00000064                        : PowerCC26X2_calibrateRCOSC.c.obj (.text.PowerCC26X2_initiateCalibration)
                  00018b44    00000064     rf_multiMode_cc26x2.a : RFCC26X2_multiMode.c.cc26x2.ticlang.o (.text.RF_attachOverrides)
                  00018ba8    00000064                           : RFCC26X2_multiMode.c.cc26x2.ticlang.o (.text.RF_dispatchNextEvent)
                  00018c0c    00000064                           : RFCC26X2_multiMode.c.cc26x2.ticlang.o (.text.RF_hwiCpe0PowerFsm)
                  00018c70    00000064     drivers_cc26x2x7.a : UDMACC26XX.c.obj (.text.UDMACC26XX_open)
                  00018cd4    00000064     oad.o (.text.oadValidateCandidateHdr)
                  00018d38    00000064     drivers_cc26x2x7.a : PowerCC26X2.c.obj (.text.oscillatorISR)
                  00018d9c    00000064     Achilles_main.o (.text.protocolStartClockSwiFxn)
                  00018e00    00000064     ti_sysbios_config.o (.text.ti_sysbios_gates_GateMutexPri_leave)
                  00018e64    00000064     ti_sysbios_config.o (.text.ti_sysbios_knl_Idle_init)
                  00018ec8    00000064     ti_sysbios_config.o (.text.ti_sysbios_knl_TaskSupport_buildTaskStack)
                  00018f2c    00000064     OneLib.a : gapgattserver.o (.text)
                  00018f90    00000064              : gattservapp.o (.text)
                  00018ff4    00000064              : ll_isr.o (.text)
                  00019058    00000064              : ll_scheduler.o (.text)
                  000190bc    00000062     rf_multiMode_cc26x2.a : RFCC26X2_multiMode.c.cc26x2.ticlang.o (.text.RF_syncCb)
                  0001911e    00000002     rom_init.o (.text.MAP_llTerminatePeriodicScan)
                  00019120    00000062     libclang_rt.builtins.a : aeabi_dcmp.S.obj (.text)
                  00019182    00000002     rom_init.o (.text.MAP_llUpdateCteState)
                  00019184    00000060     drivers_cc26x2x7.a : CryptoResourceCC26XX.c.obj (.text.CryptoResourceCC26XX_constructRTOSObjects)
                  000191e4    00000060     nvocmp.o (.text.NVOCMP_checkItem)
                  00019244    00000060     drivers_cc26x2x7.a : PKAResourceCC26XX.c.obj (.text.PKAResourceCC26XX_constructRTOSObjects)
                  000192a4    00000060                        : PowerCC26X2.c.obj (.text.Power_shutdown)
                  00019304    00000060                        : SPICC26X2DMA.c.obj (.text.csnCallback)
                  00019364    00000060     scif_framework.o (.text.scifSetSceOpmode)
                  000193c4    00000060     osal_icall_ble.o (.text.stack_main)
                  00019424    00000060     ti_sysbios_config.o (.text.ti_sysbios_knl_Clock_walkQueueDynamic)
                  00019484    00000060     ti_sysbios_config.o (.text.ti_sysbios_knl_Semaphore_post)
                  000194e4    00000060     ti_sysbios_config.o (.text.ti_sysbios_knl_Swi_schedule)
                  00019544    00000060     OneLib.a : ll_ae.o (.text)
                  000195a4    00000060              : ll_ae.o (.text)
                  00019604    00000060              : ll_common.o (.text)
                  00019664    00000060              : sm_pairing.o (.text)
                  000196c4    00000060     StackWrapper.a : gapbondmgr.o (.text)
                  00019724    0000005e     rf_multiMode_cc26x2.a : rfc.c.cc26x2.ticlang.o (.text.NOROM_RFCAnaDivTxOverride)
                  00019782    0000005e     OneLib.a : ll_common.o (.text)
                  000197e0    0000005c     drivers_cc26x2x7.a : NVSSPI25X.c.obj (.text.NVSSPI25X_control)
                  0001983c    0000005c                        : PWMTimerCC26XX.c.obj (.text.PWMTimerCC26XX_setPeriod)
                  00019898    0000005c                        : TRNGCC26XX.c.obj (.text.TRNGCC26XX_startTrng)
                  000198f4    0000005c                        : NVSSPI25X.c.obj (.text.extFlashWaitReady)
                  00019950    0000005c     rf_multiMode_cc26x2.a : rf_patch_mce_bt5.c.cc26x2.ticlang.o (.text.rf_patch_mce_bt5)
                  000199ac    0000005c     OneLib.a : gap_perilinkmgr.o (.text)
                  00019a08    0000005c              : ll_scheduler.o (.text)
                  00019a64    0000005c              : sm_intpairing.o (.text)
                  00019ac0    0000005c              : sm_rsppairing.o (.text)
                  00019b1c    00000058     Achilles_main.o (.text.ACHILLIES_taskFunction)
                  00019b74    00000058     button_service.o (.text.ButtonService_RegisterAppCBs)
                  00019bcc    00000058     data_service.o (.text.DataService_RegisterAppCBs)
                  00019c24    00000058     drivers_cc26x2x7.a : ECDHCC26X2.c.obj (.text.ECDH_construct)
                  00019c7c    00000058     icall.o (.text.HEAPMGR_GETLARGESTFREEBUF)
                  00019cd4    00000058     icall.o (.text.ICall_fetchMsg)
                  00019d2c    00000058     rf_multiMode_cc26x2.a : RFCC26X2_multiMode.c.cc26x2.ticlang.o (.text.RF_applyRfCorePatch)
                  00019d84    00000058     drivers_cc26x2x7.a : TRNGCC26XX.c.obj (.text.TRNG_init)
                  00019ddc    00000058                        : NVSSPI25X.c.obj (.text.doWriteVerify)
                  00019e34    00000058     main.o (.text.main)
                  00019e8c    00000058     sysbios.a : Hwi_asm_switch_gnu.obj (.text.ti_sysbios_family_arm_m3_Hwi_initStacks)
                  00019ee4    00000058     OneLib.a : ll_ae.o (.text)
                  00019f3c    00000058              : ll_common.o (.text)
                  00019f94    00000058              : ll_enc.o (.text)
                  00019fec    00000058              : ll_isr.o (.text)
                  0001a044    00000058              : sm_pairing.o (.text)
                  0001a09c    00000058     StackWrapper.a : sm_ecc.o (.text)
                  0001a0f4    00000056     drivers_cc26x2x7.a : StructRingBuf.c.obj (.text.StructRingBuf_put)
                  0001a14a    00000002     rom_init.o (.text.MAP_llUpdatePeriodicAdvChainPacket)
                  0001a14c    00000054     drivers_cc26x2x7.a : AESCCMCC26XX.c.obj (.text.AESCCM_construct)
                  0001a1a0    00000054                        : GPTimerCC26XX.c.obj (.text.GPTimerCC26XX_stop)
                  0001a1f4    00000054                        : I2CCC26XX.c.obj (.text.I2CCC26XX_initHw)
                  0001a248    00000054     icall.o (.text.ICall_registerApp)
                  0001a29c    00000054     led_service.o (.text.LedService_RegisterAppCBs)
                  0001a2f0    00000054     nvocmp.o (.text.NVOCMP_compactNvApi)
                  0001a344    00000054     nvocmp.o (.text.NVOCMP_getDstPage)
                  0001a398    00000054     rf_multiMode_cc26x2.a : RFCC26X2_multiMode.c.cc26x2.ticlang.o (.text.RF_fsmXOSCState)
                  0001a3ec    00000054                           : RFCC26X2_multiMode.c.cc26x2.ticlang.o (.text.RF_getCurrentTime)
                  0001a440    00000054     util.o (.text.Util_constructClock)
                  0001a494    00000054     drivers_cc26x2x7.a : NVSSPI25X.c.obj (.text.extFlashSpiWrite)
                  0001a4e8    00000054     Achilles_main.o (.text.notifyclockSwiFxn)
                  0001a53c    00000054     OneLib.a : gattservapp.o (.text)
                  0001a590    00000054              : hci_event.o (.text)
                  0001a5e4    00000054              : linkdb.o (.text)
                  0001a638    00000054              : ll.o (.text)
                  0001a68c    00000054              : ll_ae.o (.text)
                  0001a6e0    00000054     StackWrapper.a : osal_bufmgr.o (.text)
                  0001a734    00000052     OneLib.a : gap_centlinkmgr.o (.text)
                  0001a786    00000002     rf_multiMode_cc26x2.a : rfc.c.cc26x2.ticlang.o (.text.NOROM_RFCCpePatchReset)
                  0001a788    00000050     ti_drivers_config.o (.text.Board_shutDownExtFlash)
                  0001a7d8    00000050     drivers_cc26x2x7.a : GPTimerCC26XX.c.obj (.text.GPTimerCC26XX_start)
                  0001a828    00000050     led_service.o (.text.LedService_AddService)
                  0001a878    00000050     nvocmp.o (.text.NVOCMP_loadApiPtrsMin)
                  0001a8c8    00000050     drivers_cc26x2x7.a : NVSSPI25X.c.obj (.text.NVSSPI25X_read)
                  0001a918    00000050     observerNotify.o (.text.ObserverNotify_AddService)
                  0001a968    00000050     rf_multiMode_cc26x2.a : RFCC26X2_multiMode.c.cc26x2.ticlang.o (.text.RF_wakeupNotification)
                  0001a9b8    00000050     ti_sysbios_config.o (.text.ti_sysbios_knl_Swi_post)
                  0001aa08    00000050     ti_sysbios_config.o (.text.ti_sysbios_knl_Swi_runLoop)
                  0001aa58    00000050     ti_sysbios_config.o (.text.ti_sysbios_knl_Task_schedule)
                  0001aaa8    00000050     OneLib.a : gap_perilinkmgr.o (.text)
                  0001aaf8    00000050              : gap_scanner.o (.text)
                  0001ab48    00000050              : hci_tl.o (.text)
                  0001ab98    00000050              : ll_common.o (.text)
                  0001abe8    00000050              : ll_enc.o (.text)
                  0001ac38    00000050     StackWrapper.a : gattservapp_util.o (.text)
                  0001ac88    00000050                    : osal.o (.text)
                  0001acd8    00000050                    : osal_clock.o (.text)
                  0001ad28    0000004e     ti_drivers_config.o (.text.Board_sendExtFlashByte)
                  0001ad76    0000004e     nvocmp.o (.text.NVOCMP_readItem)
                  0001adc4    0000004e     StackWrapper.a : gap.o (.text)
                  0001ae12    0000004c     drivers_cc26x2x7.a : AESECBCC26XX.c.obj (.text.AESECB_startOperation)
                  0001ae5e    00000002                        : NVSSPI25X.c.obj (.text.NVSSPI25X_deinitSpiCs)
                  0001ae60    0000004c     ti_sysbios_config.o (.text.BIOS_startFunc)
                  0001aeac    0000004c     button_service.o (.text.Button_Service_findCharParamId)
                  0001aef8    0000004c     drivers_cc26x2x7.a : CryptoUtils.c.obj (.text.CryptoUtils_reverseCopyPad)
                  0001af44    0000004c     data_service.o (.text.Data_Service_findCharParamId)
                  0001af90    0000004c     icall.o (.text.ICall_newTask)
                  0001afdc    0000004c     led_service.o (.text.LED_Service_findCharParamId)
                  0001b028    0000004c     driverlib.lib : osc.o (.text.NOROM_OSC_HPOSCRelativeFrequencyOffsetGet)
                  0001b074    0000004c     nvocmp.o (.text.NVOCMP_setItemInactive)
                  0001b0c0    0000004c     drivers_cc26x2x7.a : NVSCC26XX.c.obj (.text.NVSCC26XX_init)
                  0001b10c    0000004c                        : NVSCC26XX.c.obj (.text.NVSCC26XX_read)
                  0001b158    0000004c     observerNotify.o (.text.ObserverNotify_SetParameter)
                  0001b1a4    0000004c     drivers_cc26x2x7.a : StructRingBuf.c.obj (.text.StructRingBuf_get)
                  0001b1f0    0000004c     rf_multiMode_cc26x2.a : rf_patch_cpe_bt5.c.cc26x2.ticlang.o (.text.configureBt5Patch)
                  0001b23c    0000004c     drivers_cc26x2x7.a : SPICC26X2DMA.c.obj (.text.initHw)
                  0001b288    0000004c                        : PowerCC26X2.c.obj (.text.switchXOSCHF)
                  0001b2d4    0000004c     ti_sysbios_config.o (.text.ti_sysbios_knl_Swi_Instance_init)
                  0001b320    0000004c     ti_sysbios_config.o (.text.ti_sysbios_runtime_Startup_exec)
                  0001b36c    0000004c     OneLib.a : ble.o (.text)
                  0001b3b8    0000004c              : ll_scheduler.o (.text)
                  0001b404    0000004c              : ll_scheduler.o (.text)
                  0001b450    0000004a     driverlib.lib : chipinfo.o (.text.NOROM_ChipInfo_GetHwRevision)
                  0001b49a    00000002     drivers_cc26x2x7.a : PWMTimerCC26XX.c.obj (.text.PWMTimerCC26XX_init)
                  0001b49c    00000048     driverlib.lib : aux_sysif.o (.text.NOROM_AUXSYSIFOpModeChange)
                  0001b4e4    00000048     rf_multiMode_cc26x2.a : rfc.c.cc26x2.ticlang.o (.text.NOROM_RFCSynthPowerDown)
                  0001b52c    00000048     drivers_cc26x2x7.a : NVS.c.obj (.text.NVS_open)
                  0001b574    00000048                        : PWMTimerCC26XX.c.obj (.text.PWMTimerCC26XX_getdutyCounts)
                  0001b5bc    00000048                        : PWMTimerCC26XX.c.obj (.text.PWMTimerCC26XX_setDuty)
                  0001b604    00000048                        : PowerCC26X2.c.obj (.text.PowerCC26XX_switchXOSC_HF)
                  0001b64c    00000048     oad.o (.text.oadEnqueueMsg)
                  0001b694    00000048     observerNotify.o (.text.observerNotify_ReadAttrCB)
                  0001b6dc    00000048     pauseHeater.o (.text.pauseHeater_ReadAttrCB)
                  0001b724    00000048     runHeater.o (.text.runHeater_ReadAttrCB)
                  0001b76c    00000048     stopHeater.o (.text.stopHeater_ReadAttrCB)
[...]
2000214a  bleflag                                                         
2000214b  tmp116errorcount                                                
2000214c  batCount                                                        
2000214d  I2CStatusTMP116                                                 
2000214e  I2CStatusBQ25887                                                
2000214f  LEDFlag                                                         
20002150  heatTem                                                         
20002156  Set_Time_02                                                     
20002158  Remaining_Time_01                                               
2000215a  Remaining_Time_02                                               
2000215c  heaterAdc                                                       
20002160  charge                                                          
20002164  discharge                                                       
20002168  Current_Temperature_01                                          
2000216c  Current_Temperature_02                                          
20002170  Status_CRC                                                      
20002174  achiliesTaskID                                                  
20002178  heatLevelIndication                                             
2000217c  vBat                                                            
20002180  countTick                                                       
20002184  clock_cunt2                                                     
20002188  timecount                                                       
2000218c  stopFlag                                                        
20002190  pauseFlag                                                       
20002194  mannualOperationStop                                            
20002198  Current_status                                                  
2000219c  RunType                                                         
200021a0  PWMratio1                                                       
200021a4  constantPWM                                                     
200021a8  PWM1                                                            
200021ac  gpioPinConfigs                                                  
200022a2  bleUserCfg_maxPduSize                                           
200024d4  ICall_dispatcher                                                
200024d8  BIOS_Module_state                                               
20002504  ti_sysbios_family_arm_m3_Hwi_Module_state                       
20002540  ti_sysbios_runtime_Startup_done                                 
20002543  ti_sysbios_knl_Idle_initDone                                    
20002544  ti_sysbios_runtime_Memory_defaultHeapInstance                   
2000255c  ti_sysbios_runtime_Error_ignore                                 
20002568  ti_sysbios_family_arm_cc26xx_Timer_Module_state                 
20002574  ti_sysbios_runtime_System_Module_state                          
20002580  ti_sysbios_knl_Swi_Module_state                                 
200025a8  ti_sysbios_knl_Clock_Module_state                               
20002674  llUserConfig                                                    
20002848  pOverrides_bleCommon                                            
200028f0  txPowerTable_2400_pa5                                           
20002a14  gattAttrTbl                                                     
20002a54  sm_eccKeys_sc_host_debug                                        
20002a94  nvintfFncStruct                                                 
20002ad0  ti_sysbios_knl_Task_Module_state                                
20002c12  metaPage                                                        
20002cb0  eccParams_NISTP256                                              
20002cd4  pOverrides_ble2Mbps                                             
20002d18  advParams1                                                      
20002d50  pOverrides_ble1Mbps                                             
20002d68  attDeviceName                                                   
20002d98  ICall_enterCriticalSection                                      
20002d9c  ICall_leaveCriticalSection                                      
20002da0  heapmgrMemFreeTotal                                             
20002dbc  scanResData1                                                    
20002dce  advData1                                                        
20002de0  RF_modeBle                                                      
20002df0  _hposcCoeffs                                                    
20002e00  bleAppServiceInfoTable                                          
20002e10  pOverrides_bleCoded                                             
20002e20  user0Cfg                                                        
20002e30  gattAttrTbl_gatt_no_service_changed                             
20002e40  sizeInfo                                                        
20002e50  pairMode                                                        
20002e51  mitm                                                            
20002e52  ioCap                                                           
20002e53  bonding                                                         
20002e54  secureConnection                                                
20002e55  authenPairingOnly                                               
20002e56  autoSyncWL                                                      
20002e57  eccReGenPolicy                                                  
20002e58  KeySize                                                         
20002e59  removeLRUBond                                                   
20002e5a  KeyDistList                                                     
20002e5b  eccDebugKeys                                                    
20002e5c  allowDebugKeys                                                  
20002e5d  eraseBondWhileInConn                                            
20002e5e  sameIrkAction                                                   
20002e5f  PKAResourceCC26XX_pollingFlag                                   
20002e60  uartLog_tail                                                    
20002e61  uartLog_head                                                    
20002e62  uartLog_evBufIsEmpty                                            
20002e64  uartLog_evtNum                                                  
20002eac  RFCC26XX_schedulerPolicy                                        
20002eb4  ti_sysbios_gates_GateMutexPri_Module_state                      
20002ebc  ti_sysbios_heaps_HeapCallback_Module_state                      
20002ec4  ti_sysbios_knl_Event_state                                      
20002ecc  ti_sysbios_knl_Semaphore_Module_state                           
20002ed4  periConnParameters                                              
20002ee4  _lock                                                           
20002ee8  _unlock                                                         
20002eec  appAssertCback                                                  
20002ef0  icallServiceTblPtr                                              
20002f0c  pRandomAddress                                                  
20002f10  pRfErrCb                                                        
20002f14  pfnBMAlloc                                                      
20002f18  pfnBMFree                                                       
20002f1c  patchedSlaveCtrlPktList                                         
20002f20  halAssertCback                                                  
20002f24  disconnectImmedConnId                                           
20002f26  llUserConfig_maxPduSize                                         
20002f28  baseTaskID                                                      
20002f4d  deviceNameCharProps                                             
20002f4e  appearanceCharProps                                             
20002f4f  periConnParamCharProps                                          
20002f50  centAddrResCharProps                                            
20002f51  centAddrRes                                                     
20002f52  resolvablePrivateAddressOnlyCharProps                           
20002f53  GATTServApp_gatt_no_service_changed                             
20002f55  qosDefaultPriorityConnParameter                                 
20002f56  extScanChanMap                                                  
20002f57  sizeOfAllExtConnParam                                           
20002f58  rfRatHandle                                                     
20002f59  smAllowDebugKeysMode                                            
20002f5a  gapEndAppTaskID                                                 
20002f5b  gapAppTaskID                                                    
20002f5c  legacyMode                                                      
20002f60  appTaskStack                                                    
20003760  uartLog_evBuf                                                   
20003c60  sbcTaskStack                                                    
20003f80  ti_sysbios_knl_Idle_taskStack                                   
20004540  spiCC26X2DMAObjects                                             
20004740  uart2CC26X2Objects                                              
200048b0  i2cCC26xxObjects                                                
200049f0  rfObject                                                        
20004af0  crcBuf                                                          
20004bf0  ti_sysbios_family_arm_m3_Hwi_dispatchTable                      
20004cc8  uartLog_outBuf                                                  
20004e01  resolvablePrivateAddressOnly                                    
20004e02  appearance                                                      
20004e04  trngCC26XXObjects                                               
20004e88  gpioCallbackFunctions                                           
20004f04  gpioUserArgs                                                    
20004f80  cbTimers                                                        
20005060  ti_sysbios_knl_ClockSupport_timerStruct                         
200050c0  pzTask                                                          
20005118  task0                                                           
20005170  ti_sysbios_knl_Idle_taskStruct                                  
200051c8  aesctrdrbgXXObjects                                             
2000521c  CryptoResourceCC26XX_accessSemaphore                            
2000526c  CryptoResourceCC26XX_operationSemaphore                         
200052bc  PKAResourceCC26XX_accessSemaphore                               
2000530c  PKAResourceCC26XX_operationSemaphore                            
2000535c  gptimerCC26XXObjects                                            
20005470  aesctrCC26XXObjects                                             
200054ec  nvFptrs                                                         
20005528  ti_sysbios_knl_Swi_readyQs                                      
20005558  ti_sysbios_knl_Task_readyQs                                     
20005588  NVOCMP_nvHandle                                                 
200055b6  maximumPduSize                                                  
200055b8  watchdogCC26XXObjects                                           
20005604  llCteSamples                                                    
20005628  aesecbCC26XXObjects                                             
2000568c  req                                                             
200056ac  gapBond_remoteOobData                                           
200056cc  gapBond_localOobData                                            
200056ec  ecdhCC26X2Objects                                               
2000570c  i2cTransaction                                                  
2000572c  pwmTimerCC26XXObjects                                           
2000574c  ti_sysbios_runtime_System_atexitHandlers                        
2000576c  udmaCC26XXObject                                                
200057c4  BIOS_heapCallbackObject                                         
200057e0  BIOS_rtsGate                                                    
200057fc  CryptoResourceCC26XX_hwi                                        
20005818  PKAResourceCC26XX_hwi                                           
20005834  deviceName                                                      
2000584c  aesccmCC26XXObjects                                             
20005878  rfMode                                                          
20005888  i2cParams                                                       
20005898  llCteTest                                                       
200058a4  cteAntennaProp                                                  
200058b0  llTaskList                                                      
200058bc  Status                                                          
200058c8  nvsSPI25XObjects                                                
200058d4  defaultChannelMap                                               
200058dc  secondaryAdvChannelMap                                          
200058e4  llRfCmdPreemption                                               
200058f4  runheatr                                                        
2000591c  ggs_AppCBs                                                      
20005924  BDAddrPerConnHandle                                             
20005928  llCte                                                           
2000592c  llConnExtParam                                                  
20005930  extStackSettings                                                
20005934  trngHandle                                                      
20005938  LSTORecoveryArr                                                 
2000593c  pNextAdvSet                                                     
20005940  llCurrentMappedChan                                             
20005944  drbgHandle                                                      
20005948  pRpaCfg                                                         
2000594c  gapBond_lruBondList                                             
20005950  gapBondStateNodeHead                                            
20005954  osal_syncHandle                                                 
20005958  osal_icallMsg_hook                                              
2000595c  osal_qHead                                                      
20005960  osal_max_msecs                                                  
20005964  osal_tickperiod                                                 
20005968  osal_eventloop_hook                                             
20005974  OSAL_timeSeconds                                                
20005978  timerHead                                                       
20005980  osal_last_timestamp                                             
20005984  HEAPMGR_SIZE                                                    
20005988  PowerCC26XX_swiKey                                              
2000598c  PowerCC26XX_taskKey                                             
20005990  dutyValue1                                                      
20005994  heater01                                                        
20005998  i2c                                                             
2000599c  stopClockTime                                                   
200059a0  tasksEvents                                                     
200059a4  ti_sysbios_family_arm_cc26xx_TimestampProvider_Module_state     
200059a8  ti_sysbios_knl_Task_defaultStackHeap                            
200059ac  watchdogHandle                                                  
200059b0  pwrmgr_attribute                                                
200059b2  rxBufferTMT117                                                  
200059b4  txBufferTMT117                                                  
200059b6  GATTServApp_att_delayed_req                                     
200059b7  hciTaskID                                                       
200059b8  hciL2capTaskID                                                  
200059b9  hciGapTaskID                                                    
200059ba  hciSmpTaskID                                                    
200059bb  hciTestTaskID                                                   
200059bc  hciVsEvtMask                                                    
200059bd  scanReqRpt                                                      
200059be  secondaryAdvChannelMapPopCount                                  
200059bf  qosDefaultPriorityAdvParameter                                  
200059c0  maxNumCteDataBufs                                               
200059c1  numActiveAdvSets                                                
200059c2  wlSize                                                          
200059c3  rlSize                                                          
200059c4  decryptResult                                                   
200059c5  llUnhandleNextIntFlag                                           
200059c6  smAuthenPairingOnlyMode                                         
200059c7  icall_liteTaskId                                                
200059c8  gapBond_removeLRUBond                                           
200059c9  gapBond_syncRL                                                  
200059ca  assertSubcause                                                  
200059cb  osal_entity                                                     
200059cc  pwrmgr_initialized                                              
200059cd  IRLgt                                                           
200059ce  NVOCMP_size                                                     
200059cf  gAction                                                         
200059d0  heatLvl                                                         
200059d1  heatMax                                                         
200059d2  nvsCC26XXObjects                                                
200059d3  protclIndx                                                      
200059d4  time1                                                           
200059d5  time2                                                           
200059d6  heapStart                                                       
20023c00  __stack                                                         
20023c00  heapEnd                                                         
20024000  __STACK_END                                                     
20024000  __STACK_TOP                                                     
20024000  __UNUSED_SRAM_end__                                             
ffffffff  __TI_pprof_out_hndl                                             
ffffffff  __TI_prof_data_size                                             
ffffffff  __TI_prof_data_start                                            
ffffffff  __binit__                                                       
ffffffff  binit                                                           
UNDEFED   ITM_flush                                                       
UNDEFED   ITM_restore                                                     
UNDEFED   __c_args__                                                      
UNDEFED   __mpu_init                                                      

[2860 symbols]
