******************************************************************************
            TI ARM Clang Linker PC v1.3.0                      
******************************************************************************
>> Linked Wed Feb  1 16:30:55 2023

OUTPUT FILE NAME:   <project_zero_LP_CC2652R7_tirtos7_ticlang.out>
ENTRY POINT SYMBOL: "_c_int00"  address: 0001ada9


MEMORY CONFIGURATION

         name            origin    length      used     unused   attr    fill
----------------------  --------  ---------  --------  --------  ----  --------
  FLASH_IMG_HDR         00000000   00000090  0000008d  00000003  R  X
  ENTRY                 00000090   00000040  0000003c  00000004  R  X
  FLASH                 000000d0   000ae0d0  0002685b  00087875  R  X
  RTOS_SRAM             20000000   0000012c  000000d8  00000054  RW X
  SRAM                  20000fdf   00023021  000039b6  0001f66b  RW X


SEGMENT ALLOCATION MAP

run origin  load origin   length   init length attrs members
----------  ----------- ---------- ----------- ----- -------
00000000    00000000    00022930   00022930    r-x
  00000000    00000000    0000008d   0000008d    r-- .image_header
  00000090    00000090    0000003c   0000003c    r-- .resetVecs
  000000d0    000000d0    0001e684   0001e684    r-x .text
  0001e754    0001e754    00003be7   00003be7    r-- .rodata
  00022340    00022340    000005f0   000005f0    r-- .cinit
00048000    00048000    00004000   00000000    rw-
  00048000    00048000    00004000   00000000    rw- .TI.bound:flashBuf0
20001810    20001810    00000010   00000000    rw-
  20001810    20001810    00000010   00000000    rw- .TI.bound:dmaUart0RxControlTableEntry
20001820    20001820    00000010   00000000    rw-
  20001820    20001820    00000010   00000000    rw- .TI.bound:dmaUart0TxControlTableEntry
20001830    20001830    00000010   00000000    rw-
  20001830    20001830    00000010   00000000    rw- .TI.bound:dmaSpi0RxControlTableEntry
20001840    20001840    00000010   00000000    rw-
  20001840    20001840    00000010   00000000    rw- .TI.bound:dmaSpi0TxControlTableEntry
20001a30    20001a30    00000010   00000000    rw-
  20001a30    20001a30    00000010   00000000    rw- .TI.bound:dmaSpi0RxAltControlTableEntry
20001a40    20001a40    00003566   00000000    rw-
  20001a40    20001a40    00000010   00000000    rw- .TI.bound:dmaSpi0TxAltControlTableEntry
  20001a50    20001a50    000011ca   00000000    rw- .data
  20002c20    20002c20    00002386   00000000    rw- .bss
20023c00    20023c00    00000400   00000000    rw-
  20023c00    20023c00    00000400   00000000    rw- .stack


SECTION ALLOCATION MAP

 output                                  attributes/
section   page    origin      length       input sections
--------  ----  ----------  ----------   ----------------
.image_header 
*          0    00000000    0000008d     
                  00000000    0000008d     oad_image_header_app.o (.image_header)

.resetVecs 
*          0    00000090    0000003c     
                  00000090    0000003c     ti_sysbios_config.o (.resetVecs)

.intvecs   0    000000cc    00000000     UNINITIALIZED

EntrySection 
*          0    000000cc    00000000     UNINITIALIZED

.cinit     0    00022340    000005f0     
                  00022340    0000056c     (.cinit..data.load) [load image, compression = lzss]
                  000228ac    0000000c     (__TI_handler_table)
                  000228b8    00000008     (.cinit..TI.bound:dmaSpi0RxAltControlTableEntry.load) [load image, compression = zero_init]
                  000228c0    00000008     (.cinit..TI.bound:dmaSpi0RxControlTableEntry.load) [load image, compression = zero_init]
                  000228c8    00000008     (.cinit..TI.bound:dmaSpi0TxAltControlTableEntry.load) [load image, compression = zero_init]
                  000228d0    00000008     (.cinit..TI.bound:dmaSpi0TxControlTableEntry.load) [load image, compression = zero_init]
                  000228d8    00000008     (.cinit..TI.bound:dmaUart0RxControlTableEntry.load) [load image, compression = zero_init]
                  000228e0    00000008     (.cinit..TI.bound:dmaUart0TxControlTableEntry.load) [load image, compression = zero_init]
                  000228e8    00000008     (.cinit..bss.load) [load image, compression = zero_init]
                  000228f0    00000040     (__TI_cinit_table)

.TI.bound:flashBuf0 
*          0    00048000    00004000     UNINITIALIZED
                  00048000    00004000     ti_drivers_config.o (.TI.bound:flashBuf0)

.vecs      0    20000000    000000d8     NOLOAD SECTION
                  20000000    000000d8     ti_sysbios_config.o (.vecs)

.TI.bound:dmaUart0RxControlTableEntry 
*          0    20001810    00000010     UNINITIALIZED
                  20001810    00000010     ti_drivers_config.o (.TI.bound:dmaUart0RxControlTableEntry)

.TI.bound:dmaUart0TxControlTableEntry 
*          0    20001820    00000010     UNINITIALIZED
                  20001820    00000010     ti_drivers_config.o (.TI.bound:dmaUart0TxControlTableEntry)

.TI.bound:dmaSpi0RxControlTableEntry 
*          0    20001830    00000010     UNINITIALIZED
                  20001830    00000010     ti_drivers_config.o (.TI.bound:dmaSpi0RxControlTableEntry)

.TI.bound:dmaSpi0TxControlTableEntry 
*          0    20001840    00000010     UNINITIALIZED
                  20001840    00000010     ti_drivers_config.o (.TI.bound:dmaSpi0TxControlTableEntry)

.TI.bound:dmaSpi0RxAltControlTableEntry 
*          0    20001a30    00000010     UNINITIALIZED
                  20001a30    00000010     ti_drivers_config.o (.TI.bound:dmaSpi0RxAltControlTableEntry)

.TI.bound:dmaSpi0TxAltControlTableEntry 
*          0    20001a40    00000010     UNINITIALIZED
                  20001a40    00000010     ti_drivers_config.o (.TI.bound:dmaSpi0TxAltControlTableEntry)

.data      0    20001a50    000011ca     UNINITIALIZED
                  20001a50    00000174     drivers_cc26x2x7.a : PowerCC26X2.c.obj (.data.PowerCC26X2_module)
                  20001bc4    00000130     devinfoservice.o (.data.devInfoAttrTbl)
                  20001cf4    000000f4     StackWrapper.a : gapbondmgr.o (.data)
                  20001de8    000000d0     oad.o (.data.oadAttrTbl)
                  20001eb8    000000b0     OneLib.a : gapgattserver.o (.data)
                  20001f68    0000007c     ti_drivers_config.o (.data.gpioPinConfigs)
                  20001fe4    0000007a     Achilles_main.o (.data..L_MergedGlobals)
                  2000205e    00000002     ble_user_config.o (.data.bleUserCfg_maxPduSize)
                  20002060    0000007a     devinfoservice.o (.data..L_MergedGlobals)
                  200020da    00000002     OneLib.a : ll.o (.data)
                  200020dc    00000078     icall.o (.data..L_MergedGlobals.1)
                  20002154    00000078     button_service.o (.data..L_MergedGlobals)
                  200021cc    0000006e     Achilles_main.o (.data..L_MergedGlobals.97)
                  2000223a    00000002     OneLib.a : ll_config.o (.data)
                  2000223c    00000068     rf_multiMode_cc26x2.a : RFCC26X2_multiMode.c.cc26x2.ticlang.o (.data..L_MergedGlobals.1)
                  200022a4    00000004     icall.o (.data.ICall_dispatcher)
                  200022a8    00000068     ti_sysbios_config.o (.data..L_MergedGlobals.70)
                  20002310    00000068     Achilles_main.o (.data..L_MergedGlobals.98)
                  20002378    00000068     ti_sysbios_config.o (.data..L_MergedGlobals)
                  200023e0    00000068     ti_sysbios_config.o (.data.ti_sysbios_knl_Clock_Module_state)
                  20002448    00000064     rf_multiMode_cc26x2.a : RFCC26X2_multiMode.c.cc26x2.ticlang.o (.data..L_MergedGlobals.3)
                  200024ac    00000064     OneLib.a : ll_config.o (.data)
                  20002510    00000060     data_service.o (.data.Data_ServiceAttrTbl)
                  20002570    00000058     rf_multiMode_cc26x2.a : RFCC26X2_multiMode.c.cc26x2.ticlang.o (.data..L_MergedGlobals.2)
                  200025c8    00000058     ti_radio_config.o (.data.pOverrides_bleCommon)
                  20002620    00000050     led_service.o (.data.LED_ServiceAttrTbl)
                  20002670    00000050     ti_radio_config.o (.data.txPowerTable_2400_pa5)
                  200026c0    00000048     Achilles_main.o (.data..L_MergedGlobals.99)
                  20002708    00000048     data_service.o (.data..L_MergedGlobals)
                  20002750    00000048     observerNotify.o (.data..L_MergedGlobals)
                  20002798    00000040     oad.o (.data..L_MergedGlobals.1)
                  200027d8    00000040     OneLib.a : gattservapp.o (.data)
                  20002818    00000040              : sm_pairing.o (.data)
                  20002858    0000003c     icall_user_config.o (.data.nvintfFncStruct)
                  20002894    0000003c     ti_sysbios_config.o (.data.ti_sysbios_knl_Task_Module_state)
                  200028d0    00000038     drivers_cc26x2x7.a : TRNGCC26XX.c.obj (.data..L_MergedGlobals.1)
                  20002908    00000030                        : TRNGCC26XX.c.obj (.data..L_MergedGlobals)
                  20002938    0000002c     oad.o (.data..L_MergedGlobals)
                  20002964    0000002a     devinfoservice.o (.data..L_MergedGlobals.1)
                  2000298e    00000002     StackWrapper.a : osal_cbtimer.o (.data)
                  20002990    00000028     nvocmp.o (.data..L_MergedGlobals.1)
                  200029b8    00000024     ble_user_config.o (.data.eccParams_NISTP256)
                  200029dc    00000024     ti_radio_config.o (.data.pOverrides_ble2Mbps)
                  20002a00    00000020     drivers_cc26x2x7.a : NVSSPI25X.c.obj (.data..L_MergedGlobals)
                  20002a20    0000001c     ti_ble_config.o (.data.advParams1)
                  20002a3c    00000018     ti_radio_config.o (.data.pOverrides_ble1Mbps)
                  20002a54    00000015     ti_ble_config.o (.data.attDeviceName)
                  20002a69    00000003     oad.o (.data.oadCharVals)
                  20002a6c    00000014     flash_interface_ext_rtos_NVS.o (.data..L_MergedGlobals)
                  20002a80    00000014     icall.o (.data..L_MergedGlobals)
                  20002a94    00000014     StackWrapper.a : osal.o (.data)
                  20002aa8    00000012     ti_ble_config.o (.data.scanResData1)
                  20002aba    00000011     ti_ble_config.o (.data.advData1)
                  20002acb    00000001     drivers_cc26x2x7.a : AESCTRCC26XX.c.obj (.data.AESCTR_isInitialized)
                  20002acc    00000010     ti_radio_config.o (.data.RF_modeBle)
                  20002adc    00000010     driverlib.lib : osc.o (.data._hposcCoeffs)
                  20002aec    00000010     icall_user_config.o (.data.bleAppServiceInfoTable)
                  20002afc    00000010     ti_radio_config.o (.data.pOverrides_bleCoded)
                  20002b0c    00000010     main.o (.data.user0Cfg)
                  20002b1c    00000010     OneLib.a : gattservapp.o (.data)
                  20002b2c    00000010              : ll_data.o (.data)
                  20002b3c    0000000f     ti_ble_config.o (.data..L_MergedGlobals)
                  20002b4b    00000001     nvocmp.o (.data.NVOCMP_failF)
                  20002b4c    0000000c     UartLog.o (.data..L_MergedGlobals)
                  20002b58    0000000c     drivers_cc26x2x7.a : NVSCC26XX.c.obj (.data..L_MergedGlobals)
                  20002b64    0000000c     led_service.o (.data..L_MergedGlobals)
                  20002b70    00000008     button_service.o (.data..L_MergedGlobals.20)
                  20002b78    00000008     icall_cc2650.o (.data..L_MergedGlobals)
                  20002b80    00000008     rf_multiMode_cc26x2.a : RFCC26X2_multiMode.c.cc26x2.ticlang.o (.data..L_MergedGlobals)
                  20002b88    00000008                           : RFCC26X2_multiMode.c.cc26x2.ticlang.o (.data.RFCC26XX_schedulerPolicy)
                  20002b90    00000008     ti_sysbios_config.o (.data.ti_sysbios_gates_GateMutexPri_Module_state)
                  20002b98    00000008     ti_sysbios_config.o (.data.ti_sysbios_heaps_HeapCallback_Module_state)
                  20002ba0    00000008     ti_sysbios_config.o (.data.ti_sysbios_knl_Event_state)
                  20002ba8    00000008     ti_sysbios_config.o (.data.ti_sysbios_knl_Semaphore_Module_state)
                  20002bb0    00000008     OneLib.a : gapgattserver.o (.data)
                  20002bb8    00000004     rf_multiMode_cc26x2.a : RFCC26X2_multiMode.c.cc26x2.ticlang.o (.data.RF_fsmActiveState.lfClockSourceLast)
                  20002bbc    00000004     libc.a : _lock.c.obj (.data._lock)
                  20002bc0    00000004            : _lock.c.obj (.data._unlock)
                  20002bc4    00000004     ble_user_config.o (.data.appAssertCback)
                  20002bc8    00000004     ble_user_config_stack.o (.data.icallServiceTblPtr)
                  20002bcc    00000004     button_service.o (.data.pAppCBs)
                  20002bd0    00000004     observerNotify.o (.data.pAppCBs)
                  20002bd4    00000004     ti_ble_config.o (.data.pRandomAddress)
                  20002bd8    00000004     icall_api_lite.o (.data.pRfErrCb)
                  20002bdc    00000004     icall_api_lite.o (.data.pfnBMAlloc)
                  20002be0    00000004     icall_api_lite.o (.data.pfnBMFree)
                  20002be4    00000004     OneLib.a : ll_slave_end_causes.o (.data)
                  20002be8    00000004     StackWrapper.a : hal_assert.o (.data)
                  20002bec    00000001     drivers_cc26x2x7.a : PKAResourceCC26XX.c.obj (.data.PKAResourceCC26XX_pollingFlag)
                  20002bed    00000001     rf_multiMode_cc26x2.a : rf_patch_cpe_bt5.c.cc26x2.ticlang.o (.data.bBt5PatchEntered)
                  20002bee    00000001     button_service.o (.data.bs_BUTTON0Props)
                  20002bef    00000001     button_service.o (.data.bs_BUTTON1Props)
                  20002bf0    00000001     devinfoservice.o (.data.devInfo11073CertProps)
                  20002bf1    00000001     devinfoservice.o (.data.devInfoFirmwareRevProps)
                  20002bf2    00000001     devinfoservice.o (.data.devInfoHardwareRevProps)
                  20002bf3    00000001     devinfoservice.o (.data.devInfoMfrNameProps)
                  20002bf4    00000001     devinfoservice.o (.data.devInfoModelNumberProps)
                  20002bf5    00000001     devinfoservice.o (.data.devInfoPnpIdProps)
                  20002bf6    00000001     devinfoservice.o (.data.devInfoSerialNumberProps)
                  20002bf7    00000001     devinfoservice.o (.data.devInfoSoftwareRevProps)
                  20002bf8    00000001     devinfoservice.o (.data.devInfoSystemIdProps)
                  20002bf9    00000001     data_service.o (.data.ds_StreamProps)
                  20002bfa    00000001     data_service.o (.data.ds_StringProps)
                  20002bfb    00000001     drivers_cc26x2x7.a : GPIOCC26X2.c.obj (.data.initCalled)
                  20002bfc    00000001                        : AESCCMCC26XX.c.obj (.data.isInitialized)
                  20002bfd    00000001                        : AESCTRDRBGXX.c.obj (.data.isInitialized)
                  20002bfe    00000001                        : AESECBCC26XX.c.obj (.data.isInitialized)
                  20002bff    00000001                        : CryptoResourceCC26XX.c.obj (.data.isInitialized)
                  20002c00    00000001                        : ECDHCC26X2.c.obj (.data.isInitialized)
                  20002c01    00000001                        : NVS.c.obj (.data.isInitialized)
                  20002c02    00000001                        : PKAResourceCC26XX.c.obj (.data.isInitialized)
                  20002c03    00000001                        : SPI.c.obj (.data.isInitialized)
                  20002c04    00000001     flash_interface_ext_rtos_NVS.o (.data.isOpen)
                  20002c05    00000001     led_service.o (.data.ls_LED0Props)
                  20002c06    00000001     led_service.o (.data.ls_LED1Props)
                  20002c07    00000001     oad.o (.data.oadCharExtCtrlProps)
                  20002c08    00000001     oad.o (.data.oadCharProps)
                  20002c09    00000001     observerNotify.o (.data.observerNotify_NotifyChracProps)
                  20002c0a    00000001     OneLib.a : gapgattserver.o (.data)
                  20002c0b    00000001              : gapgattserver.o (.data)
                  20002c0c    00000001              : gapgattserver.o (.data)
                  20002c0d    00000001              : gapgattserver.o (.data)
                  20002c0e    00000001              : gapgattserver.o (.data)
                  20002c0f    00000001              : gapgattserver.o (.data)
                  20002c10    00000001              : gattservapp.o (.data)
                  20002c11    00000001              : gattservapp.o (.data)
                  20002c12    00000001              : ll.o (.data)
                  20002c13    00000001              : ll_ae.o (.data)
                  20002c14    00000001              : ll_data.o (.data)
                  20002c15    00000001              : ll_scheduler.o (.data)
                  20002c16    00000001              : sm_task.o (.data)
                  20002c17    00000001     StackWrapper.a : gap.o (.data)
                  20002c18    00000001                    : gap.o (.data)
                  20002c19    00000001                    : hal_assert.o (.data)

.bss       0    20002c20    00002386     UNINITIALIZED
                  20002c20    00000800     (.common:appTaskStack)
                  20003420    00000500     (.common:uartLog_evBuf)
                  20003920    00000300     (.common:ti_sysbios_knl_Idle_taskStack)
                  20003c20    000002c0     rf_multiMode_cc26x2.a : RFCC26X2_multiMode.c.cc26x2.ticlang.o (.bss.RF_cmdPool)
                  20003ee0    00000170     (.common:uart2CC26X2Objects)
                  20004050    00000100     OneLib.a : ll.o (.bss)
                  20004150    00000100     (.common:crcBuf)
                  20004250    00000100     (.common:spiCC26X2DMAObjects)
                  20004350    000000d8     (.common:ti_sysbios_family_arm_m3_Hwi_dispatchTable)
                  20004428    000000ac     (.common:uartLog_outBuf)
                  200044d4    0000008d     oad.o (.bss.candidateImageHeader)
                  20004561    00000001     OneLib.a : gapgattserver.o (.bss)
                  20004562    00000002              : gapgattserver.o (.bss)
                  20004564    00000084     (.common:trngCC26XXObjects)
                  200045e8    0000007c     (.common:gpioCallbackFunctions)
                  20004664    0000007c     (.common:gpioUserArgs)
                  200046e0    00000078     StackWrapper.a : osal_cbtimer.o (.bss)
                  20004758    00000068     rf_multiMode_cc26x2.a : RFCC26X2_multiMode.c.cc26x2.ticlang.o (.bss.RF_ratModule)
                  200047c0    00000060     (.common:ti_sysbios_knl_ClockSupport_timerStruct)
                  20004820    00000058     (.common:pzTask)
                  20004878    00000058     (.common:ti_sysbios_knl_Idle_taskStruct)
                  200048d0    00000054     (.common:aesctrdrbgXXObjects)
                  20004924    00000050     (.common:CryptoResourceCC26XX_accessSemaphore)
                  20004974    00000050     (.common:CryptoResourceCC26XX_operationSemaphore)
                  200049c4    00000050     (.common:PKAResourceCC26XX_accessSemaphore)
                  20004a14    00000050     (.common:PKAResourceCC26XX_operationSemaphore)
                  20004a64    00000044                           : RFCC26X2_multiMode.c.cc26x2.ticlang.o (.bss.RF_clkInactivityObj)
                  20004aa8    00000044                           : RFCC26X2_multiMode.c.cc26x2.ticlang.o (.bss.RF_clkPowerUpObj)
                  20004aec    00000040     ti_drivers_config.o (.bss.verifyBuf)
                  20004b2c    00000040     (.common:aesctrCC26XXObjects)
                  20004b6c    0000003c     rf_multiMode_cc26x2.a : RFCC26X2_multiMode.c.cc26x2.ticlang.o (.bss.RF_swiHwObj)
                  20004ba8    0000003c     StackWrapper.a : osal_snv_wrapper.o (.bss)
                  20004be4    00000030     (.common:ti_sysbios_knl_Swi_readyQs)
                  20004c14    00000030     (.common:ti_sysbios_knl_Task_readyQs)
                  20004c44    0000002e     (.common:NVOCMP_nvHandle)
                  20004c72    00000002     OneLib.a : ll.o (.bss)
                  20004c74    00000024              : ll.o (.bss)
                  20004c98    00000024     (.common:aesecbCC26XXObjects)
                  20004cbc    00000020     ti_drivers_config.o (.bss.uart2RxRingBuffer0)
                  20004cdc    00000020     ti_drivers_config.o (.bss.uart2TxRingBuffer0)
                  20004cfc    00000020     OneLib.a : gattservapp.o (.bss)
                  20004d1c    00000020     StackWrapper.a : gapbondmgr.o (.bss)
                  20004d3c    00000020                    : gapbondmgr.o (.bss)
                  20004d5c    00000020     (.common:ecdhCC26X2Objects)
                  20004d7c    00000020     (.common:ti_sysbios_runtime_System_atexitHandlers)
                  20004d9c    00000020     (.common:udmaCC26XXObject)
                  20004dbc    0000001c     drivers_cc26x2x7.a : GPIOCC26X2.c.obj (.bss.gpioHwi)
                  20004dd8    0000001c     (.common:BIOS_heapCallbackObject)
                  20004df4    0000001c     (.common:BIOS_rtsGate)
                  20004e10    0000001c     (.common:CryptoResourceCC26XX_hwi)
                  20004e2c    0000001c     (.common:PKAResourceCC26XX_hwi)
                  20004e48    00000018     OneLib.a : gapgattserver.o (.bss)
                  20004e60    00000018     (.common:aesccmCC26XXObjects)
                  20004e78    00000014     drivers_cc26x2x7.a : Random.c.obj (.bss.state)
                  20004e8c    00000010     OneLib.a : ll.o (.bss)
                  20004e9c    0000000c              : ll.o (.bss)
                  20004ea8    0000000c              : ll.o (.bss)
                  20004eb4    0000000c              : ll_scheduler.o (.bss)
                  20004ec0    0000000c     (.common:nvsSPI25XObjects)
                  20004ecc    00000008              : ll.o (.bss)
                  20004ed4    00000008              : ll.o (.bss)
                  20004edc    00000008              : ll_ae.o (.bss)
                  20004ee4    00000008     StackWrapper.a : gapbondmgr.o (.bss)
                  20004eec    00000004     data_service.o (.bss.ds_StreamConfig)
                  20004ef0    00000004     observerNotify.o (.bss.observerNotify_NotifyChracConfig)
                  20004ef4    00000004     driverlib.lib : osc.o (.bss.oscHfGlobals.0)
                  20004ef8    00000004                   : osc.o (.bss.oscHfGlobals.2)
                  20004efc    00000004                   : osc.o (.bss.oscHfGlobals.3)
                  20004f00    00000004                   : osc.o (.bss.oscHfGlobals.4)
                  20004f04    00000004     drivers_cc26x2x7.a : ECDHCC26X2.c.obj (.bss.resultPKAMemAddr)
                  20004f08    00000004     OneLib.a : gapgattserver.o (.bss)
                  20004f0c    00000004              : gattservapp.o (.bss)
                  20004f10    00000004              : linkdb.o (.bss)
                  20004f14    00000004              : ll.o (.bss)
                  20004f18    00000004              : ll.o (.bss)
                  20004f1c    00000004              : ll.o (.bss)
                  20004f20    00000004              : ll.o (.bss)
                  20004f24    00000004              : ll.o (.bss)
                  20004f28    00000004              : ll_ae.o (.bss)
                  20004f2c    00000004              : ll_common.o (.bss)
                  20004f30    00000004              : ll_enc.o (.bss)
                  20004f34    00000004              : ll_privacy.o (.bss)
                  20004f38    00000004     StackWrapper.a : gapbondmgr.o (.bss)
                  20004f3c    00000004                    : gapbondmgr.o (.bss)
                  20004f40    00000004                    : osal.o (.bss)
                  20004f44    00000004                    : osal.o (.bss)
                  20004f48    00000004                    : osal.o (.bss)
                  20004f4c    00000004                    : osal.o (.bss)
                  20004f50    00000004                    : osal.o (.bss)
                  20004f54    00000004                    : osal.o (.bss)
                  20004f58    00000004                    : osal_bufmgr.o (.bss)
                  20004f5c    00000004                    : osal_clock.o (.bss)
                  20004f60    00000004                    : osal_clock.o (.bss)
                  20004f64    00000004                    : osal_timers.o (.bss)
                  20004f68    00000004                    : osal_timers.o (.bss)
                  20004f6c    00000004                    : osal_timers.o (.bss)
                  20004f70    00000004     (.common:HEAPMGR_SIZE)
                  20004f74    00000004     (.common:PowerCC26XX_swiKey)
                  20004f78    00000004     (.common:PowerCC26XX_taskKey)
                  20004f7c    00000004     (.common:tasksEvents)
                  20004f80    00000004     (.common:ti_sysbios_family_arm_cc26xx_TimestampProvider_Module_state)
                  20004f84    00000004     (.common:ti_sysbios_knl_Task_defaultStackHeap)
                  20004f88    00000002     OneLib.a : ll_slave_end_causes.o (.bss)
                  20004f8a    00000002     StackWrapper.a : osal_pwrmgr.o (.bss)
                  20004f8c    00000001     OneLib.a : gattservapp.o (.bss)
                  20004f8d    00000001              : hci_tl.o (.bss)
                  20004f8e    00000001              : hci_tl.o (.bss)
                  20004f8f    00000001              : hci_tl.o (.bss)
                  20004f90    00000001              : hci_tl.o (.bss)
                  20004f91    00000001              : hci_tl.o (.bss)
                  20004f92    00000001              : hci_tl.o (.bss)
                  20004f93    00000001              : ll.o (.bss)
                  20004f94    00000001              : ll.o (.bss)
                  20004f95    00000001              : ll.o (.bss)
                  20004f96    00000001              : ll.o (.bss)
                  20004f97    00000001              : ll_ae.o (.bss)
                  20004f98    00000001              : ll_config.o (.bss)
                  20004f99    00000001              : ll_config.o (.bss)
                  20004f9a    00000001              : ll_enc.o (.bss)
                  20004f9b    00000001              : ll_isr.o (.bss)
                  20004f9c    00000001              : sm_task.o (.bss)
                  20004f9d    00000001     StackWrapper.a : ble_dispatch_lite.o (.bss)
                  20004f9e    00000001                    : gapbondmgr.o (.bss)
                  20004f9f    00000001                    : gapbondmgr.o (.bss)
                  20004fa0    00000001                    : hal_assert.o (.bss)
                  20004fa1    00000001                    : osal.o (.bss)
                  20004fa2    00000001                    : osal_pwrmgr.o (.bss)
                  20004fa3    00000001     (.common:NVOCMP_size)
                  20004fa4    00000001     (.common:gAction)
                  20004fa5    00000001     (.common:nvsCC26XXObjects)

.vtable    0    20004fa6    00000000     UNINITIALIZED

.vtable_ram 
*          0    20004fa6    00000000     UNINITIALIZED

vtable_ram 
*          0    20004fa6    00000000     UNINITIALIZED

.sysmem    0    20004fa6    00000000     UNINITIALIZED

.nonretenvar 
*          0    20004fa6    00000000     UNINITIALIZED

.noinit    0    20004fa6    00000000     UNINITIALIZED

.stack     0    20023c00    00000400     UNINITIALIZED
                  20023c00    00000004     sysbios.a : boot_cortex_m.obj (.stack)
                  20023c04    000003fc     --HOLE--

.text      0    000000d0    0001e684     
                  000000d0    00001234     Achilles_main.o (.text.ProjectZero_taskFxn)
                  00001304    00000be0     StackWrapper.a : gapbondmgr.o (.text)
                  00001ee4    00000708     OneLib.a : ll_adv_end_causes.o (.text)
                  000025ec    000006ec     oad.o (.text.OAD_processQueue)
                  00002cd8    000006ec     StackWrapper.a : gapbondmgr.o (.text)
                  000033c4    000004f0     OneLib.a : ll_ae.o (.text)
                  000038b4    00000498     rf_multiMode_cc26x2.a : RFCC26X2_multiMode.c.cc26x2.ticlang.o (.text.RF_fsmActiveState)
                  00003d4c    00000480     OneLib.a : ble.o (.text)
                  000041cc    0000047c              : ll_isr.o (.text)
                  00004648    00000460              : ll_slave_end_causes.o (.text)
                  00004aa8    00000448              : ll.o (.text)
                  00004ef0    000003e8     oad.o (.text.oadProcessExtControlCmd)
                  000052d8    0000038c     OneLib.a : ll_scheduler.o (.text)
                  00005664    00000350              : ll_slave_end_causes.o (.text)
                  000059b4    00000348              : ll_ae.o (.text)
                  00005cfc    00000338              : ll_ae.o (.text)
                  00006034    00000334              : ll_scheduler.o (.text)
                  00006368    00000330     ti_sysbios_config.o (.text.ti_sysbios_runtime_System_doPrint)
                  00006698    000002cc     nvocmp.o (.text.NVOCMP_initNvApi)
                  00006964    000002c8     drivers_cc26x2x7.a : SPICC26X2DMA.c.obj (.text.SPICC26X2DMA_transfer)
                  00006c2c    000002b0     StackWrapper.a : gapbondmgr.o (.text)
                  00006edc    000002a4     nvocmp.o (.text.NVOCMP_compactPage)
                  00007180    0000029c     rf_multiMode_cc26x2.a : RFCC26X2_multiMode.c.cc26x2.ticlang.o (.text.RF_open)
                  0000741c    00000294     OneLib.a : ll.o (.text)
                  000076b0    00000274              : ll_ae.o (.text)
                  00007924    00000274              : ll_isr.o (.text)
                  00007b98    00000268              : ll_isr.o (.text)
                  00007e00    0000025c              : ll_common.o (.text)
                  0000805c    0000025c     StackWrapper.a : gapbondmgr.o (.text)
                  000082b8    00000254     drivers_cc26x2x7.a : ECDHCC26X2.c.obj (.text.ECDHCC26X2_hwiFxn)
                  0000850c    0000024c     OneLib.a : ll_data.o (.text)
                  00008758    0000023c     nvocmp.o (.text.NVOCMP_addItem)
                  00008994    00000204     OneLib.a : gattservapp.o (.text)
                  00008b98    000001f0     drivers_cc26x2x7.a : UART2CC26X2.c.obj (.text.UART2CC26X2_hwiIntFxn)
                  00008d88    000001e8     rf_multiMode_cc26x2.a : RFCC26X2_multiMode.c.cc26x2.ticlang.o (.text.RF_scheduleCmd)
                  00008f70    000001e8     OneLib.a : ll.o (.text)
                  00009158    000001e0     StackWrapper.a : osal.o (.text)
                  00009338    000001dc     rf_multiMode_cc26x2.a : RFCC26X2_multiMode.c.cc26x2.ticlang.o (.text.RF_dispatchNextCmd)
                  00009514    000001c0     ble_user_config_stack.o (.text.setBleUserConfig)
                  000096d4    000001bc     OneLib.a : ll_scheduler.o (.text)
                  00009890    000001b6     libclang_rt.builtins.a : adddf3.S.obj (.text)
                  00009a46    000001ae     drivers_cc26x2x7.a : SPICC26X2DMA.c.obj (.text.SPICC26X2DMA_hwiFxn)
                  00009bf4    00000198     OneLib.a : ll_common.o (.text)
                  00009d8c    00000196              : ll_common.o (.text)
                  00009f22    00000002     ti_sysbios_config.o (.text.BIOS_nullFunc)
                  00009f24    00000194     drivers_cc26x2x7.a : PowerCC26X2_calibrateRCOSC.c.obj (.text.PowerCC26X2_auxISR)
                  0000a0b8    00000188                        : AESECBCC26XX.c.obj (.text.AESECB_addDataInternal)
                  0000a240    00000188                        : SPICC26X2DMA.c.obj (.text.SPICC26X2DMA_open)
                  0000a3c8    00000188     OneLib.a : ll_isr.o (.text)
                  0000a550    00000184              : ll_ae.o (.text)
                  0000a6d4    0000017c     drivers_cc26x2x7.a : ECDHCC26X2.c.obj (.text.ECDH_computeSharedSecret)
                  0000a850    0000017c                        : UART2CC26X2.c.obj (.text.UART2_open)
                  0000a9cc    00000174                        : UART2.c.obj (.text.UART2_writeTimeoutBlocking)
                  0000ab40    00000174     OneLib.a : gattservapp.o (.text)
                  0000acb4    00000174              : ll_scheduler.o (.text)
                  0000ae28    00000170     data_service.o (.text.Data_Service_WriteAttrCB)
                  0000af98    0000016c     drivers_cc26x2x7.a : AESCCMCC26XX.c.obj (.text.AESCCM_startOperation)
                  0000b104    00000004                        : AESCTRDRBGXX.c.obj (.text.AESCTRDRBG_getBytes)
                  0000b108    0000016c     UartLog.o (.text.uartLog_flush)
                  0000b274    00000168     OneLib.a : ll_ae.o (.text)
                  0000b3dc    00000164     crc32.o (.text.CRC32_calc)
                  0000b540    00000164     icall.o (.text.ICall_waitMatch)
                  0000b6a4    00000162     StackWrapper.a : osal.o (.text)
                  0000b806    00000002     ti_drivers_config.o (.text.Board_initHook)
                  0000b808    00000160     drivers_cc26x2x7.a : SPICC26X2DMA.c.obj (.text.configNextTransfer)
                  0000b968    0000015c                        : NVSSPI25X.c.obj (.text.NVSSPI25X_write)
                  0000bac4    00000158                        : AESCTRCC26XX.c.obj (.text.AESCTR_processData)
                  0000bc1c    00000158                        : PowerCC26X2.c.obj (.text.Power_sleep)
                  0000bd74    00000158     OneLib.a : ll_common.o (.text)
                  0000becc    00000150              : gap_task.o (.text)
                  0000c01c    00000150              : ll_ae.o (.text)
                  0000c16c    0000014c              : ll_isr.o (.text)
                  0000c2b8    00000148     rf_multiMode_cc26x2.a : RFCC26X2_multiMode.c.cc26x2.ticlang.o (.text.RF_radioOpDoneCb)
                  0000c400    00000144     data_service.o (.text.DataService_SetParameter)
                  0000c544    00000004     drivers_cc26x2x7.a : AESCTRCC26XX.c.obj (.text.AESCTR_releaseLock)
                  0000c548    00000144     ti_sysbios_config.o (.text.ti_sysbios_runtime_System_printfExtend)
                  0000c68c    00000144     StackWrapper.a : gap.o (.text)
                  0000c7d0    00000140     OneLib.a : gattservapp.o (.text)
                  0000c910    00000134     rf_multiMode_cc26x2.a : RFCC26X2_multiMode.c.cc26x2.ticlang.o (.text.RF_ratSetupChannel)
                  0000ca44    00000130     driverlib.lib : aes.o (.text.NOROM_AESWriteToKeyStore)
                  0000cb74    0000012c     button_service.o (.text.ButtonService_SetParameter)
                  0000cca0    0000012c     rf_multiMode_cc26x2.a : RFCC26X2_multiMode.c.cc26x2.ticlang.o (.text.RF_close)
                  0000cdcc    0000012c                           : RFCC26X2_multiMode.c.cc26x2.ticlang.o (.text.RF_fsmSetupState)
                  0000cef8    0000012c     drivers_cc26x2x7.a : TRNGCC26XX.c.obj (.text.TRNGCC26XX_hwiFxn)
                  0000d024    00000124     rf_multiMode_cc26x2.a : RFCC26X2_multiMode.c.cc26x2.ticlang.o (.text.RF_abortCmd)
                  0000d148    00000122     drivers_cc26x2x7.a : SPICC26X2DMA.c.obj (.text.SPICC26X2DMA_transferCancel)
                  0000d26a    00000002     ble_user_config.o (.text.DefaultAssertCback)
                  0000d26c    00000120     main.o (.text.AssertHandler)
                  0000d38c    00000120     nvocmp.o (.text.NVOCMP_findItem)
                  0000d4ac    00000120     ti_sysbios_config.o (.text.ti_sysbios_family_arm_cc26xx_Timer_construct)
                  0000d5cc    00000120     OneLib.a : ll_common.o (.text)
                  0000d6ec    00000120              : ll_data.o (.text)
                  0000d80c    0000011c     sysbios.a : Hwi_asm_gnu.obj (.text.ti_sysbios_family_arm_m3_Hwi_dispatch)
                  0000d928    0000011a     drivers_cc26x2x7.a : UART2.c.obj (.text.UART2_writeTimeoutNonblocking)
                  0000da42    00000002     rom_init.o (.text.MAP_HCI_CteRequestFailedEvent)
                  0000da44    00000118     drivers_cc26x2x7.a : PowerCC26X2.c.obj (.text.Power_init)
                  0000db5c    00000118     rf_multiMode_cc26x2.a : RFCC26X2_multiMode.c.cc26x2.ticlang.o (.text.RF_decodeOverridePointers)
                  0000dc74    00000114     OneLib.a : ll_common.o (.text)
                  0000dd88    00000110     Achilles_main.o (.text.projectZero_eraseExternalFlash)
                  0000de98    0000010c     drivers_cc26x2x7.a : ECDHCC26X2.c.obj (.text.ECDH_generatePublicKey)
                  0000dfa4    0000010c     led_service.o (.text.LED_Service_WriteAttrCB)
                  0000e0b0    0000010c     drivers_cc26x2x7.a : NVSSPI25X.c.obj (.text.NVSSPI25X_open)
                  0000e1bc    0000010c     oad.o (.text.OAD_open)
                  0000e2c8    0000010c     drivers_cc26x2x7.a : PowerCC26X2_calibrateRCOSC.c.obj (.text.PowerCC26X2_calibrate)
                  0000e3d4    0000010c     OneLib.a : gatt_client.o (.text)
                  0000e4e0    00000108     drivers_cc26x2x7.a : NVSCC26XX.c.obj (.text.NVSCC26XX_write)
                  0000e5e8    00000108     rf_multiMode_cc26x2.a : RFCC26X2_multiMode.c.cc26x2.ticlang.o (.text.RF_fsmPowerUpState)
                  0000e6f0    00000104     drivers_cc26x2x7.a : GPIOCC26X2.c.obj (.text.GPIO_init)
                  0000e7f4    00000104     driverlib.lib : sys_ctrl.o (.text.NOROM_SysCtrlStandby)
                  0000e8f8    00000104     drivers_cc26x2x7.a : UART2CC26X2.c.obj (.text.UART2CC26X2_initHw)
                  0000e9fc    000000fe     OneLib.a : ll_scheduler.o (.text)
                  0000eafa    00000002     rom_init.o (.text.MAP_llClearPeriodicAdvSets)
                  0000eafc    000000fc     rf_multiMode_cc26x2.a : RFCC26X2_multiMode.c.cc26x2.ticlang.o (.text.RF_hwiCpe0Active)
                  0000ebf8    000000fc     OneLib.a : ll_isr.o (.text)
                  0000ecf4    000000fc              : ll_scheduler.o (.text)
                  0000edf0    000000fc     libclang_rt.builtins.a : muldf3.S.obj (.text)
                  0000eeec    000000f8     drivers_cc26x2x7.a : TRNGCC26XX.c.obj (.text.TRNG_getRandom)
                  0000efe4    000000f8     OneLib.a : sm_rsppairing.o (.text)
                  0000f0dc    000000f6     drivers_cc26x2x7.a : AESCTRDRBGXX.c.obj (.text.AESCTRDRBG_getRandomBytes)
                  0000f1d2    00000002     rom_init.o (.text.MAP_llClearPeriodicScanSets)
                  0000f1d4    000000f0     drivers_cc26x2x7.a : UART2CC26X2.c.obj (.text.UART2Support_dmaStartRx)
                  0000f2c4    000000f0     OneLib.a : ll_ae.o (.text)
                  0000f3b4    000000ec              : gap_advertiser.o (.text)
                  0000f4a0    000000ec              : ll_common.o (.text)
                  0000f58c    000000e4     driverlib.lib : setup.o (.text.NOROM_SetupTrimDevice)
                  0000f670    000000e4     ti_sysbios_config.o (.text.ti_sysbios_knl_Semaphore_pend)
                  0000f754    000000e4     OneLib.a : gapgattserver.o (.text)
                  0000f838    000000e4              : ll_ae.o (.text)
                  0000f91c    000000e0     ti_sysbios_config.o (.text.ti_sysbios_knl_Event_pend)
                  0000f9fc    000000e0     OneLib.a : ll_scheduler.o (.text)
                  0000fadc    000000e0     StackWrapper.a : osal_timers.o (.text)
                  0000fbbc    000000dc     rf_multiMode_cc26x2.a : RFCC26X2_multiMode.c.cc26x2.ticlang.o (.text.RF_control)
                  0000fc98    000000dc     drivers_cc26x2x7.a : NVSSPI25X.c.obj (.text.doErase)
                  0000fd74    000000dc     OneLib.a : ll_ae.o (.text)
                  0000fe50    000000d8     devinfoservice.o (.text.DevInfo_SetParameter)
                  0000ff28    000000d8     drivers_cc26x2x7.a : SPICC26X2DMA.c.obj (.text.SPICC26X2DMA_control)
                  00010000    000000d8     ti_sysbios_config.o (.text.ti_sysbios_family_arm_m3_Hwi_excFillContext)
                  000100d8    000000d0     drivers_cc26x2x7.a : PowerCC26X2.c.obj (.text.configureXOSCHF)
                  000101a8    000000cc                        : AESCTRDRBGXX.c.obj (.text.AESCTRDRBG_construct)
                  00010274    000000cc     ti_sysbios_config.o (.text.ti_sysbios_knl_Clock_workFuncDynamic)
                  00010340    000000cc     OneLib.a : hci_event.o (.text)
                  0001040c    000000cc     StackWrapper.a : osal.o (.text)
                  000104d8    000000ca     rf_multiMode_cc26x2.a : RFCC26X2_multiMode.c.cc26x2.ticlang.o (.text.RF_updatePaConfiguration)
                  000105a2    00000002     rom_init.o (.text.MAP_llCoexInit)
                  000105a4    000000c8     button_service.o (.text.Button_Service_WriteAttrCB)
                  0001066c    000000c8     led_service.o (.text.LED_Service_ReadAttrCB)
                  00010734    000000c8     OneLib.a : gap_scanner.o (.text)
                  000107fc    000000c8              : gapgattserver.o (.text)
                  000108c4    000000c8              : ll.o (.text)
                  0001098c    000000c8              : ll_ae.o (.text)
                  00010a54    000000c6     drivers_cc26x2x7.a : AESCTRDRBGXX.c.obj (.text.AESCTRDRBG_reseed)
                  00010b1a    00000002     rom_init.o (.text.MAP_llCoexSetParams)
                  00010b1c    000000c4     button_service.o (.text.Button_Service_ReadAttrCB)
                  00010be0    000000c4     data_service.o (.text.Data_Service_ReadAttrCB)
                  00010ca4    000000c0     led_service.o (.text.LedService_SetParameter)
                  00010d64    000000c0     driverlib.lib : setup.o (.text.TrimAfterColdResetWakeupFromShutDown)
                  00010e24    000000c0     oad.o (.text.oadCreateFactoryImageBackup)
                  00010ee4    000000c0     OneLib.a : ll.o (.text)
                  00010fa4    000000c0              : ll_isr.o (.text)
                  00011064    000000bc     rf_multiMode_cc26x2.a : RFCC26X2_multiMode.c.cc26x2.ticlang.o (.text.RF_swiHw)
                  00011120    000000bc     drivers_cc26x2x7.a : UART2CC26X2.c.obj (.text.UART2Support_dmaStartTx)
                  000111dc    000000bc     oad.o (.text.oadWriteAttrCB)
                  00011298    000000bc     OneLib.a : ble.o (.text)
                  00011354    000000bc              : ll_ecc.o (.text)
                  00011410    000000bc              : ll_scheduler.o (.text)
                  000114cc    000000b8     devinfoservice.o (.text.devInfo_ReadAttrCB)
                  00011584    000000b8     ti_ble_config.o (.text.setBondManagerParameters)
                  0001163c    000000b8     ti_sysbios_config.o (.text.ti_sysbios_knl_Task_Instance_finalize)
                  000116f4    000000b8     OneLib.a : ll.o (.text)
                  000117ac    000000b8              : ll_slave_end_causes.o (.text)
                  00011864    000000b8     StackWrapper.a : gapbondmgr.o (.text)
                  0001191c    000000b8                    : gattservapp_util.o (.text)
                  000119d4    000000b4     driverlib.lib : osc.o (.text.NOROM_OSCHF_AttemptToSwitchToXosc)
                  00011a88    000000b4     ti_sysbios_config.o (.text.PowerCC26XX_standbyPolicy)
                  00011b3c    000000b4     drivers_cc26x2x7.a : PowerCC26X2.c.obj (.text.Power_releaseDependency)
                  00011bf0    000000b4     ti_sysbios_config.o (.text.ti_sysbios_knl_Task_setPri)
                  00011ca4    000000b0     drivers_cc26x2x7.a : PowerCC26X2.c.obj (.text.Power_setDependency)
                  00011d54    000000b0     OneLib.a : ll_enc.o (.text)
                  00011e04    000000b0     StackWrapper.a : gattservapp_util.o (.text)
                  00011eb4    000000b0     libclang_rt.builtins.a : udivmoddi4.S.obj (.text)
                  00011f64    000000ac     Achilles_main.o (.text.ProjectZero_updatePHYStat)
                  00012010    000000ac     rf_multiMode_cc26x2.a : RFCC26X2_multiMode.c.cc26x2.ticlang.o (.text.RF_pendCmd)
                  000120bc    000000ac     OneLib.a : ll_ae.o (.text)
                  00012168    000000a8              : hci_data.o (.text)
                  00012210    000000a8              : ll.o (.text)
                  000122b8    000000a8              : ll_common.o (.text)
                  00012360    000000a8     StackWrapper.a : gapbondmgr.o (.text)
                  00012408    000000a4     icall.o (.text.ICall_heapMalloc)
                  000124ac    000000a4     rf_multiMode_cc26x2.a : RFCC26X2_multiMode.c.cc26x2.ticlang.o (.text.RF_initRadioSetup)
                  00012550    000000a4     ti_sysbios_config.o (.text.ti_sysbios_knl_Task_Instance_init)
                  000125f4    000000a4     OneLib.a : ll_ae.o (.text)
                  00012698    000000a4     StackWrapper.a : gapbondmgr.o (.text)
                  0001273c    000000a4                    : osal_cbtimer.o (.text)
                  000127e0    000000a0     rf_multiMode_cc26x2.a : RFCC26X2_multiMode.c.cc26x2.ticlang.o (.text.RF_calculateDispatchTime)
                  00012880    000000a0     OneLib.a : gap_scanner.o (.text)
                  00012920    000000a0              : gattservapp.o (.text)
                  000129c0    000000a0              : ll_common.o (.text)
                  00012a60    000000a0              : ll_scheduler.o (.text)
                  00012b00    0000009c     drivers_cc26x2x7.a : AESCTRCC26XX.c.obj (.text.AESCTR_startOneStepOperation)
                  00012b9c    0000009c     OneLib.a : ll_common.o (.text)
                  00012c38    0000009c              : ll_ecc.o (.text)
                  00012cd4    00000098     nvocmp.o (.text.NVOCMP_erase)
                  00012d6c    00000098     rf_multiMode_cc26x2.a : RFCC26X2_multiMode.c.cc26x2.ticlang.o (.text.RF_defaultSubmitPolicy)
                  00012e04    00000098     OneLib.a : gattservapp.o (.text)
                  00012e9c    00000098              : hci_event.o (.text)
                  00012f34    00000096     rf_multiMode_cc26x2.a : RFCC26X2_multiMode.c.cc26x2.ticlang.o (.text.RF_verifyGap)
                  00012fca    00000002     rom_init.o (.text.MAP_llCoexUpdateCounters)
                  00012fcc    00000094     rf_multiMode_cc26x2.a : RFCC26X2_multiMode.c.cc26x2.ticlang.o (.text.RF_ratRestartChannels)
                  00013060    00000094     UartLog.o (.text.UartLog_log)
                  000130f4    00000094     ti_sysbios_config.o (.text.ti_sysbios_knl_Clock_startI)
                  00013188    00000094     ti_sysbios_config.o (.text.ti_sysbios_knl_Task_sleep)
                  0001321c    00000094     OneLib.a : gatt_server.o (.text)
                  000132b0    00000094              : ll.o (.text)
                  00013344    00000094              : ll_common.o (.text)
                  000133d8    00000094              : ll_scheduler.o (.text)
                  0001346c    00000092              : gap_task.o (.text)
                  000134fe    00000002     rom_init.o (.text.MAP_llDmmDynamicFree)
                  00013500    00000090     observerNotify.o (.text.observerNotify_WriteAttrCB)
                  00013590    00000090     osal_icall_ble.o (.text.osalInitTasks)
                  00013620    00000090     OneLib.a : ll.o (.text)
                  000136b0    00000090              : ll_ae.o (.text)
                  00013740    0000008c     drivers_cc26x2x7.a : GPIOCC26XX.c.obj (.text.GPIO_setConfig)
                  000137cc    0000008c                        : TRNGCC26XX.c.obj (.text.TRNG_construct)
                  00013858    0000008c     ti_sysbios_config.o (.text.ti_sysbios_knl_Clock_init)
                  000138e4    00000088     button_service.o (.text.ButtonService_AddService)
                  0001396c    00000088     rf_multiMode_cc26x2.a : RFCC26X2_multiMode.c.cc26x2.ticlang.o (.text.RF_cmdDispatchTime)
                  000139f4    00000088                           : RFCC26X2_multiMode.c.cc26x2.ticlang.o (.text.RF_discardPendCmd)
                  00013a7c    00000088     Achilles_main.o (.text.buttonDebounceSwiFxn)
                  00013b04    00000088     OneLib.a : ll_isr.o (.text)
                  00013b8c    00000088     StackWrapper.a : osal_cbtimer.o (.text)
                  00013c14    00000084     icall.o (.text.ICall_setTimer)
                  00013c98    00000084     nvocmp.o (.text.NVOCMP_readHeader)
                  00013d1c    00000084     rf_multiMode_cc26x2.a : RFCC26X2_multiMode.c.cc26x2.ticlang.o (.text.RF_getInfo)
                  00013da0    00000084     OneLib.a : ll_ae.o (.text)
                  00013e24    00000080     drivers_cc26x2x7.a : AESCTRCC26XX.c.obj (.text.AESCTR_hwiFxn)
                  00013ea4    00000080     data_service.o (.text.DataService_AddService)
                  00013f24    00000080     drivers_cc26x2x7.a : NVSSPI25X.c.obj (.text.NVSSPI25X_close)
                  00013fa4    00000080     Achilles_main.o (.text.ProjectZero_sendParamUpdate)
                  00014024    00000080     drivers_cc26x2x7.a : UART2CC26X2.c.obj (.text.UART2Support_dmaStopTx)
                  000140a4    00000080                        : NVSCC26XX.c.obj (.text.doErase)
                  00014124    00000080     oad.o (.text.oadResetState)
                  000141a4    00000080     oad.o (.text.oadSendNotification)
                  00014224    00000080     ti_sysbios_config.o (.text.ti_sysbios_family_arm_m3_Hwi_initNVIC)
                  000142a4    00000080     ti_sysbios_config.o (.text.ti_sysbios_gates_GateMutexPri_enter)
                  00014324    00000080     OneLib.a : ll_enc.o (.text)
                  000143a4    0000007e              : gap_task.o (.text)
                  00014422    00000002     rom_init.o (.text.MAP_llDmmSetThreshold)
                  00014424    0000007c     rf_multiMode_cc26x2.a : RFCC26X2_multiMode.c.cc26x2.ticlang.o (.text.RF_ratDisableChannel)
                  000144a0    0000007c     libclang_rt.builtins.a : comparedf2.c.obj (.text.__gedf2)
                  0001451c    0000007c                            : comparedf2.c.obj (.text.__ledf2)
                  00014598    0000007c     drivers_cc26x2x7.a : NVSSPI25X.c.obj (.text.doRead)
                  00014614    0000007c     icall.o (.text.icall_directAPI)
                  00014690    0000007c     ti_sysbios_config.o (.text.ti_sysbios_family_arm_m3_Hwi_postInit)
                  0001470c    0000007c     OneLib.a : ll_common.o (.text)
                  00014788    0000007c     StackWrapper.a : gapbondmgr.o (.text)
                  00014804    0000007a     OneLib.a : gattservapp.o (.text)
                  0001487e    00000002     rom_init.o (.text.MAP_llHealthUpdate)
                  00014880    00000078     icall.o (.text.ICall_heapInit)
                  000148f8    00000078     driverlib.lib : osc.o (.text.NOROM_OSCHF_SwitchToRcOscTurnOffXosc)
                  00014970    00000078     drivers_cc26x2x7.a : NVSCC26XX.c.obj (.text.NVSCC26XX_open)
                  000149e8    00000078     rf_multiMode_cc26x2.a : RFCC26X2_multiMode.c.cc26x2.ticlang.o (.text.RF_ratFreeChannel)
                  00014a60    00000078     drivers_cc26x2x7.a : SPICC26X2DMA.c.obj (.text.SPICC26X2DMA_close)
                  00014ad8    00000078     ti_sysbios_config.o (.text.ti_sysbios_knl_Task_postInit)
                  00014b50    00000078     Achilles_main.o (.text.util_arrtohex)
                  00014bc8    00000078     OneLib.a : gap_linkmgr.o (.text)
                  00014c40    00000078              : l2cap_task.o (.text)
                  00014cb8    00000078              : ll_common.o (.text)
                  00014d30    00000078     StackWrapper.a : osal_cbtimer.o (.text)
                  00014da8    00000076     OneLib.a : ll_common.o (.text)
                  00014e1e    00000076     StackWrapper.a : gap.o (.text)
                  00014e94    00000074     drivers_cc26x2x7.a : AESCTRDRBGXX.c.obj (.text.AESCTRDRBGXX_updateState)
                  00014f08    00000074                        : ECDHCC26X2.c.obj (.text.ECDHCC26X2_getKeyResult)
                  00014f7c    00000074     nvocmp.o (.text.NVOCMP_readItemApi)
                  00014ff0    00000074     drivers_cc26x2x7.a : PowerCC26X2_calibrateRCOSC_helpers.c.obj (.text.PowerCC26X2_updateSubSecInc)
                  00015064    00000074     rf_multiMode_cc26x2.a : RFCC26X2_multiMode.c.cc26x2.ticlang.o (.text.RF_hwiHw)
                  000150d8    00000074     ti_sysbios_config.o (.text.ti_sysbios_knl_Swi_restoreHwi)
                  0001514c    00000074     ti_sysbios_config.o (.text.ti_sysbios_knl_Task_startup)
                  000151c0    00000074     OneLib.a : ll_enc.o (.text)
                  00015234    00000070     drivers_cc26x2x7.a : AESCCMCC26XX.c.obj (.text.AESCCM_cleanup)
                  000152a4    00000070                        : AESCTRCC26XX.c.obj (.text.AESCTR_construct)
                  00015314    00000070     icall.o (.text.ICall_createRemoteTasksAtRuntime)
                  00015384    00000070     nvocmp.o (.text.NVOCMP_writeItemApi)
                  000153f4    00000070     oad.o (.text.oadFindCurrentImageHdr)
                  00015464    00000070     ti_sysbios_config.o (.text.ti_sysbios_family_arm_m3_Hwi_Instance_init)
                  000154d4    00000070     ti_sysbios_config.o (.text.ti_sysbios_runtime_System_formatNum)
                  00015544    00000070     OneLib.a : gatt_server.o (.text)
                  000155b4    00000070              : ll_ae.o (.text)
                  00015624    00000070              : ll_common.o (.text)
                  00015694    00000070              : ll_enc.o (.text)
                  00015704    00000070     StackWrapper.a : osal.o (.text)
                  00015774    0000006e     OneLib.a : gatt_server.o (.text)
                  000157e2    00000002     rom_init.o (.text.MAP_llMaster_TaskEnd)
                  000157e4    0000006c     Achilles_main.o (.text.GPIO_Board_keyCallback)
                  00015850    0000006c     icall_cc2650.o (.text.ICallPlatform_pwrUpdActivityCounter)
                  000158bc    0000006c     icall.o (.text.ICall_wait)
                  00015928    0000006c     nvocmp.o (.text.NVOCMP_eraseNvApi)
                  00015994    0000006c     rf_multiMode_cc26x2.a : RFCC26X2_multiMode.c.cc26x2.ticlang.o (.text.RF_issueRadioFreeCb)
                  00015a00    0000006c     drivers_cc26x2x7.a : Random.c.obj (.text.Random_seedAutomatic)
                  00015a6c    0000006c     ti_sysbios_config.o (.text.ti_sysbios_family_arm_m3_Hwi_dispatchC)
                  00015ad8    0000006c     OneLib.a : ll_isr.o (.text)
                  00015b44    0000006c     StackWrapper.a : osal_cbtimer.o (.text)
                  00015bb0    0000006a     nvocmp.o (.text.NVOCMP_verifyCRC)
                  00015c1a    0000006a     libc.a : copy_decompress_lzss.c.obj (.text:decompress:lzss)
                  00015c84    00000068     drivers_cc26x2x7.a : AESECBCC26XX.c.obj (.text.AESECB_construct)
                  00015cec    00000068                        : AESECBCC26XX.c.obj (.text.AESECB_hwiFxn)
                  00015d54    00000068     icall.o (.text.ICall_enrollService)
                  00015dbc    00000068     icall.o (.text.ICall_send)
                  00015e24    00000068     icall.o (.text.ICall_sendServiceComplete)
                  00015e8c    00000068     driverlib.lib : chipinfo.o (.text.NOROM_ChipInfo_GetChipType)
                  00015ef4    00000068     Achilles_main.o (.text.ProjectZero_ButtonService_CfgChangeCB)
                  00015f5c    00000068     Achilles_main.o (.text.ProjectZero_DataService_CfgChangeCB)
                  00015fc4    00000068     Achilles_main.o (.text.ProjectZero_DataService_ValueChangeCB)
                  0001602c    00000068     Achilles_main.o (.text.ProjectZero_LedService_ValueChangeCB)
                  00016094    00000068     rf_multiMode_cc26x2.a : RFCC26X2_multiMode.c.cc26x2.ticlang.o (.text.RF_detachOverrides)
                  000160fc    00000068     drivers_cc26x2x7.a : UART2CC26X2.c.obj (.text.UART2Support_dmaStopRx)
                  00016164    00000068     ti_sysbios_config.o (.text.ti_sysbios_knl_Event_post)
                  000161cc    00000068     ti_sysbios_config.o (.text.ti_sysbios_knl_Swi_run)
                  00016234    00000068     OneLib.a : gap_task.o (.text)
                  0001629c    00000068              : gattservapp.o (.text)
                  00016304    00000068              : ll.o (.text)
                  0001636c    00000068              : ll_ae.o (.text)
                  000163d4    00000068     StackWrapper.a : osal_timers.o (.text)
                  0001643c    00000066     OneLib.a : ll_common.o (.text)
                  000164a2    00000066     StackWrapper.a : icall_lite_translation.o (.text)
                  00016508    00000064     drivers_cc26x2x7.a : AESCCMCC26XX.c.obj (.text.AESCCM_hwiFxn)
                  0001656c    00000064                        : PowerCC26X2_calibrateRCOSC.c.obj (.text.PowerCC26X2_initiateCalibration)
                  000165d0    00000064     rf_multiMode_cc26x2.a : RFCC26X2_multiMode.c.cc26x2.ticlang.o (.text.RF_attachOverrides)
                  00016634    00000064                           : RFCC26X2_multiMode.c.cc26x2.ticlang.o (.text.RF_dispatchNextEvent)
                  00016698    00000064                           : RFCC26X2_multiMode.c.cc26x2.ticlang.o (.text.RF_hwiCpe0PowerFsm)
                  000166fc    00000064     drivers_cc26x2x7.a : UDMACC26XX.c.obj (.text.UDMACC26XX_open)
                  00016760    00000064     oad.o (.text.oadValidateCandidateHdr)
                  000167c4    00000064     drivers_cc26x2x7.a : PowerCC26X2.c.obj (.text.oscillatorISR)
                  00016828    00000064     ti_sysbios_config.o (.text.ti_sysbios_gates_GateMutexPri_leave)
                  0001688c    00000064     ti_sysbios_config.o (.text.ti_sysbios_knl_Idle_init)
                  000168f0    00000064     ti_sysbios_config.o (.text.ti_sysbios_knl_TaskSupport_buildTaskStack)
                  00016954    00000064     OneLib.a : gapgattserver.o (.text)
                  000169b8    00000064              : gattservapp.o (.text)
                  00016a1c    00000064              : ll_isr.o (.text)
                  00016a80    00000064              : ll_scheduler.o (.text)
                  00016ae4    00000062     rf_multiMode_cc26x2.a : RFCC26X2_multiMode.c.cc26x2.ticlang.o (.text.RF_syncCb)
                  00016b46    00000002     rom_init.o (.text.MAP_llPeriodicAdv_PostProcess)
                  00016b48    00000062     libclang_rt.builtins.a : aeabi_dcmp.S.obj (.text)
                  00016baa    00000002     rom_init.o (.text.MAP_llProcessPeriodicScanRxFIFO)
                  00016bac    00000060     drivers_cc26x2x7.a : CryptoResourceCC26XX.c.obj (.text.CryptoResourceCC26XX_constructRTOSObjects)
                  00016c0c    00000060     nvocmp.o (.text.NVOCMP_checkItem)
                  00016c6c    00000060     drivers_cc26x2x7.a : PKAResourceCC26XX.c.obj (.text.PKAResourceCC26XX_constructRTOSObjects)
                  00016ccc    00000060                        : SPICC26X2DMA.c.obj (.text.csnCallback)
                  00016d2c    00000060     osal_icall_ble.o (.text.stack_main)
                  00016d8c    00000060     ti_sysbios_config.o (.text.ti_sysbios_knl_Clock_walkQueueDynamic)
                  00016dec    00000060     ti_sysbios_config.o (.text.ti_sysbios_knl_Semaphore_post)
                  00016e4c    00000060     ti_sysbios_config.o (.text.ti_sysbios_knl_Swi_schedule)
                  00016eac    00000060     OneLib.a : ll_ae.o (.text)
                  00016f0c    00000060              : ll_ae.o (.text)
                  00016f6c    00000060              : ll_common.o (.text)
                  00016fcc    00000060              : sm_pairing.o (.text)
                  0001702c    00000060     StackWrapper.a : gapbondmgr.o (.text)
                  0001708c    0000005e     rf_multiMode_cc26x2.a : rfc.c.cc26x2.ticlang.o (.text.NOROM_RFCAnaDivTxOverride)
                  000170ea    0000005e     OneLib.a : ll_common.o (.text)
                  00017148    0000005c     drivers_cc26x2x7.a : NVSSPI25X.c.obj (.text.NVSSPI25X_control)
                  000171a4    0000005c                        : TRNGCC26XX.c.obj (.text.TRNGCC26XX_startTrng)
                  00017200    0000005c                        : NVSSPI25X.c.obj (.text.extFlashWaitReady)
                  0001725c    0000005c     rf_multiMode_cc26x2.a : rf_patch_mce_bt5.c.cc26x2.ticlang.o (.text.rf_patch_mce_bt5)
                  000172b8    0000005c     OneLib.a : gap_perilinkmgr.o (.text)
                  00017314    0000005c              : ll_scheduler.o (.text)
                  00017370    0000005c              : sm_intpairing.o (.text)
                  000173cc    0000005c              : sm_rsppairing.o (.text)
                  00017428    00000058     button_service.o (.text.ButtonService_RegisterAppCBs)
                  00017480    00000058     data_service.o (.text.DataService_RegisterAppCBs)
                  000174d8    00000058     drivers_cc26x2x7.a : ECDHCC26X2.c.obj (.text.ECDH_construct)
                  00017530    00000058     icall.o (.text.HEAPMGR_GETLARGESTFREEBUF)
                  00017588    00000058     icall.o (.text.ICall_fetchMsg)
                  000175e0    00000058     rf_multiMode_cc26x2.a : RFCC26X2_multiMode.c.cc26x2.ticlang.o (.text.RF_applyRfCorePatch)
                  00017638    00000058     drivers_cc26x2x7.a : TRNGCC26XX.c.obj (.text.TRNG_init)
                  00017690    00000058                        : NVSSPI25X.c.obj (.text.doWriteVerify)
                  000176e8    00000058     main.o (.text.main)
                  00017740    00000058     sysbios.a : Hwi_asm_switch_gnu.obj (.text.ti_sysbios_family_arm_m3_Hwi_initStacks)
                  00017798    00000058     OneLib.a : ll_ae.o (.text)
                  000177f0    00000058              : ll_common.o (.text)
                  00017848    00000058              : ll_enc.o (.text)
                  000178a0    00000058              : ll_isr.o (.text)
                  000178f8    00000058              : sm_pairing.o (.text)
                  00017950    00000058     StackWrapper.a : sm_ecc.o (.text)
                  000179a8    00000056     drivers_cc26x2x7.a : StructRingBuf.c.obj (.text.StructRingBuf_put)
                  000179fe    00000002     rom_init.o (.text.MAP_llSetPeriodicSyncInfo)
                  00017a00    00000054     drivers_cc26x2x7.a : AESCCMCC26XX.c.obj (.text.AESCCM_construct)
                  00017a54    00000054     icall.o (.text.ICall_registerApp)
                  00017aa8    00000054     led_service.o (.text.LedService_RegisterAppCBs)
                  00017afc    00000054     nvocmp.o (.text.NVOCMP_compactNvApi)
                  00017b50    00000054     nvocmp.o (.text.NVOCMP_getDstPage)
                  00017ba4    00000054     rf_multiMode_cc26x2.a : RFCC26X2_multiMode.c.cc26x2.ticlang.o (.text.RF_fsmXOSCState)
                  00017bf8    00000054                           : RFCC26X2_multiMode.c.cc26x2.ticlang.o (.text.RF_getCurrentTime)
                  00017c4c    00000054     util.o (.text.Util_constructClock)
                  00017ca0    00000054     drivers_cc26x2x7.a : NVSSPI25X.c.obj (.text.extFlashSpiWrite)
                  00017cf4    00000054     OneLib.a : gattservapp.o (.text)
                  00017d48    00000054              : hci_event.o (.text)
                  00017d9c    00000054              : linkdb.o (.text)
                  00017df0    00000054              : ll.o (.text)
                  00017e44    00000054              : ll_ae.o (.text)
                  00017e98    00000054     StackWrapper.a : osal_bufmgr.o (.text)
                  00017eec    00000052     OneLib.a : gap_centlinkmgr.o (.text)
                  00017f3e    00000002     rom_init.o (.text.MAP_llTerminatePeriodicScan)
                  00017f40    00000050     ti_drivers_config.o (.text.Board_shutDownExtFlash)
                  00017f90    00000050     led_service.o (.text.LedService_AddService)
                  00017fe0    00000050     nvocmp.o (.text.NVOCMP_loadApiPtrsMin)
                  00018030    00000050     drivers_cc26x2x7.a : NVSSPI25X.c.obj (.text.NVSSPI25X_read)
                  00018080    00000050     observerNotify.o (.text.ObserverNotify_AddService)
                  000180d0    00000050     rf_multiMode_cc26x2.a : RFCC26X2_multiMode.c.cc26x2.ticlang.o (.text.RF_wakeupNotification)
                  00018120    00000050     ti_sysbios_config.o (.text.ti_sysbios_knl_Swi_post)
                  00018170    00000050     ti_sysbios_config.o (.text.ti_sysbios_knl_Swi_runLoop)
                  000181c0    00000050     ti_sysbios_config.o (.text.ti_sysbios_knl_Task_schedule)
                  00018210    00000050     OneLib.a : gap_perilinkmgr.o (.text)
                  00018260    00000050              : gap_scanner.o (.text)
                  000182b0    00000050              : hci_tl.o (.text)
                  00018300    00000050              : ll_common.o (.text)
                  00018350    00000050              : ll_enc.o (.text)
                  000183a0    00000050     StackWrapper.a : gattservapp_util.o (.text)
                  000183f0    00000050                    : osal.o (.text)
                  00018440    00000050                    : osal_clock.o (.text)
                  00018490    0000004e     ti_drivers_config.o (.text.Board_sendExtFlashByte)
                  000184de    0000004e     nvocmp.o (.text.NVOCMP_readItem)
                  0001852c    0000004e     StackWrapper.a : gap.o (.text)
                  0001857a    0000004c     drivers_cc26x2x7.a : AESECBCC26XX.c.obj (.text.AESECB_startOperation)
                  000185c6    00000002     rom_init.o (.text.MAP_llUpdateCteState)
                  000185c8    0000004c     ti_sysbios_config.o (.text.BIOS_startFunc)
                  00018614    0000004c     button_service.o (.text.Button_Service_findCharParamId)
                  00018660    0000004c     drivers_cc26x2x7.a : CryptoUtils.c.obj (.text.CryptoUtils_reverseCopyPad)
                  000186ac    0000004c     data_service.o (.text.Data_Service_findCharParamId)
                  000186f8    0000004c     icall.o (.text.ICall_newTask)
                  00018744    0000004c     led_service.o (.text.LED_Service_findCharParamId)
                  00018790    0000004c     driverlib.lib : osc.o (.text.NOROM_OSC_HPOSCRelativeFrequencyOffsetGet)
                  000187dc    0000004c     nvocmp.o (.text.NVOCMP_setItemInactive)
                  00018828    0000004c     drivers_cc26x2x7.a : NVSCC26XX.c.obj (.text.NVSCC26XX_init)
                  00018874    0000004c                        : NVSCC26XX.c.obj (.text.NVSCC26XX_read)
                  000188c0    0000004c                        : StructRingBuf.c.obj (.text.StructRingBuf_get)
                  0001890c    0000004c     rf_multiMode_cc26x2.a : rf_patch_cpe_bt5.c.cc26x2.ticlang.o (.text.configureBt5Patch)
                  00018958    0000004c     drivers_cc26x2x7.a : SPICC26X2DMA.c.obj (.text.initHw)
                  000189a4    0000004c                        : PowerCC26X2.c.obj (.text.switchXOSCHF)
                  000189f0    0000004c     ti_sysbios_config.o (.text.ti_sysbios_knl_Swi_Instance_init)
                  00018a3c    0000004c     ti_sysbios_config.o (.text.ti_sysbios_runtime_Startup_exec)
                  00018a88    0000004c     OneLib.a : ble.o (.text)
                  00018ad4    0000004c              : ll_scheduler.o (.text)
                  00018b20    0000004c              : ll_scheduler.o (.text)
                  00018b6c    0000004a     driverlib.lib : chipinfo.o (.text.NOROM_ChipInfo_GetHwRevision)
                  00018bb6    00000002     rom_init.o (.text.MAP_llUpdatePeriodicAdvChainPacket)
                  00018bb8    00000048     driverlib.lib : aux_sysif.o (.text.NOROM_AUXSYSIFOpModeChange)
                  00018c00    00000048     rf_multiMode_cc26x2.a : rfc.c.cc26x2.ticlang.o (.text.NOROM_RFCSynthPowerDown)
                  00018c48    00000048     drivers_cc26x2x7.a : NVS.c.obj (.text.NVS_open)
                  00018c90    00000048     observerNotify.o (.text.ObserverNotify_SetParameter)
                  00018cd8    00000048     drivers_cc26x2x7.a : PowerCC26X2.c.obj (.text.PowerCC26XX_switchXOSC_HF)
                  00018d20    00000048     oad.o (.text.oadEnqueueMsg)
                  00018d68    00000048     observerNotify.o (.text.observerNotify_ReadAttrCB)
                  00018db0    00000048     ti_sysbios_config.o (.text.ti_sysbios_family_arm_cc26xx_Timer_start)
                  00018df8    00000048     OneLib.a : att_util.o (.text)
                  00018e40    00000048              : gattservapp.o (.text)
                  00018e88    00000048              : ll.o (.text)
                  00018ed0    00000048              : ll.o (.text)
                  00018f18    00000048              : ll_common.o (.text)
                  00018f60    00000048              : ll_common.o (.text)
                  00018fa8    00000048     libclang_rt.builtins.a : fixdfsi.S.obj (.text)
                  00018ff0    00000046     drivers_cc26x2x7.a : RingBuf.c.obj (.text.RingBuf_put)
                  00019036    00000002     rf_multiMode_cc26x2.a : rfc.c.cc26x2.ticlang.o (.text.NOROM_RFCCpePatchReset)
                  00019038    00000044     ti_sysbios_config.o (.text.BIOS_atExitFunc)
                  0001907c    00000044     drivers_cc26x2x7.a : GPIOCC26X2.c.obj (.text.GPIO_hwiIntFxn)
                  000190c0    00000044     icall.o (.text.ICall_getEntityId)
                  00019104    00000044     driverlib.lib : prcm.o (.text.NOROM_PRCMPowerDomainsAllOff)
                  00019148    00000044                   : prcm.o (.text.NOROM_PRCMPowerDomainsAllOn)
                  0001918c    00000044     Achilles_main.o (.text.ProjectZero_clearConnListEntry)
                  000191d0    00000044     rf_multiMode_cc26x2.a : RFCC26X2_multiMode.c.cc26x2.ticlang.o (.text.RF_cmdGet)
                  00019214    00000044                           : RFCC26X2_multiMode.c.cc26x2.ticlang.o (.text.RF_updatePowerupDuration)
                  00019258    00000044     drivers_cc26x2x7.a : SPI.c.obj (.text.SPI_init)
                  0001929c    00000044     ti_sysbios_config.o (.text.ti_sysbios_family_arm_m3_Hwi_Instance_finalize)
                  000192e0    00000044     ti_sysbios_config.o (.text.ti_sysbios_family_arm_m3_Hwi_construct2)
                  00019324    00000044     ti_sysbios_config.o (.text.ti_sysbios_family_arm_m3_Hwi_disableInterrupt)
                  00019368    00000044     ti_sysbios_config.o (.text.ti_sysbios_family_arm_m3_Hwi_enableInterrupt)
                  000193ac    00000044     ti_sysbios_config.o (.text.ti_sysbios_knl_Swi_restore)
                  000193f0    00000044     OneLib.a : ll.o (.text)
                  00019434    00000044              : ll.o (.text)
                  00019478    00000044              : ll_ae.o (.text)
                  000194bc    00000044              : ll_ae.o (.text)
                  00019500    00000044              : ll_common.o (.text)
                  00019544    00000044     StackWrapper.a : osal.o (.text)
                  00019588    00000044                    : osal_timers.o (.text)
                  000195cc    00000044     libclang_rt.builtins.a : fixunsdfsi.S.obj (.text)
                  00019610    00000042     OneLib.a : ll.o (.text)
                  00019652    00000042              : ll_common.o (.text)
                  00019694    00000040     drivers_cc26x2x7.a : AESCTRDRBGXX.c.obj (.text.AESCTRDRBGXX_addBigendCounter)
                  000196d4    00000040                        : ECDHCC26X2.c.obj (.text.ECDHCC26X2_waitForResult)
                  00019714    00000040     icall.o (.text.ICall_setTimerMSecs)
                  00019754    00000040     drivers_cc26x2x7.a : PowerCC26X2_calibrateRCOSC.c.obj (.text.PowerCC26X2_RCOSC_clockFunc)
                  00019794    00000040                        : PowerCC26X2_calibrateRCOSC_helpers.c.obj (.text.PowerCC26X2_setAclkRefSrc)
                  000197d4    00000040                        : SPI.c.obj (.text.SPI_open)
                  00019814    00000040     util.o (.text.Util_rescheduleClock)
                  00019854    00000040     drivers_cc26x2x7.a : NVSCC26XX.c.obj (.text.disableFlashCache)
                  00019894    00000040     ti_sysbios_config.o (.text.ti_sysbios_knl_Clock_getTicksUntilInterrupt)
                  000198d4    00000040     ti_sysbios_config.o (.text.ti_sysbios_knl_Task_exit)
                  00019914    00000040     OneLib.a : gap_configmgr.o (.text)
                  00019954    00000040              : gattservapp.o (.text)
                  00019994    00000040              : linkdb.o (.text)
                  000199d4    00000040              : ll_common.o (.text)
                  00019a14    00000040              : ll_common.o (.text)
                  00019a54    00000040              : sm_intpairing.o (.text)
                  00019a94    00000040     StackWrapper.a : osal.o (.text)
                  00019ad4    00000040                    : osal_bufmgr.o (.text)
                  00019b14    00000040                    : osal_bufmgr.o (.text)
                  00019b54    00000040                    : osal_timers.o (.text)
                  00019b94    0000003e     OneLib.a : ll_common.o (.text)
                  00019bd2    00000002     drivers_cc26x2x7.a : NVSSPI25X.c.obj (.text.NVSSPI25X_deinitSpiCs)
                  00019bd4    0000003c                        : GPIO.c.obj (.text.GPIO_resetConfig)
                  00019c10    0000003c     ti_sysbios_config.o (.text.HwiP_construct)
                  00019c4c    0000003c     icall.o (.text.ICall_dispatch)
                  00019c88    0000003c     driverlib.lib : sys_ctrl.o (.text.NOROM_SysCtrlIdle)
                  00019cc4    0000003c     nvocmp.o (.text.NVOCMP_getFreeNvApi)
                  00019d00    0000003c     oad.o (.text.OAD_setBlockSize)
                  00019d3c    0000003c     drivers_cc26x2x7.a : PowerCC26X2_calibrateRCOSC_helpers.c.obj (.text.PowerCC26X2_setTdcClkSrc24M)
                  00019d78    0000003c     ti_sysbios_config.o (.text.ti_sysbios_family_arm_cc26xx_Timer_periodicStub)
                  00019db4    0000003c     ti_sysbios_config.o (.text.ti_sysbios_family_arm_cc26xx_Timer_setThreshold)
                  00019df0    0000003c     ti_sysbios_config.o (.text.ti_sysbios_heaps_HeapCallback_construct)
                  00019e2c    0000003c     ti_sysbios_config.o (.text.ti_sysbios_knl_ClockSupport_init)
                  00019e68    0000003c     ti_sysbios_config.o (.text.ti_sysbios_knl_Task_blockI)
                  00019ea4    0000003c     ti_sysbios_config.o (.text.ti_sysbios_knl_Task_create)
                  00019ee0    0000003c     ti_sysbios_config.o (.text.ti_sysbios_knl_Task_restore)
                  00019f1c    0000003c     ti_sysbios_config.o (.text.ti_sysbios_runtime_Memory_alloc)
                  00019f58    0000003c     OneLib.a : gap_linkmgr.o (.text)
                  00019f94    0000003c              : gattservapp.o (.text)
                  00019fd0    0000003c              : gattservapp.o (.text)
                  0001a00c    0000003c              : gattservapp.o (.text)
                  0001a048    0000003c              : hci_event.o (.text)
                  0001a084    0000003c              : hci_tl.o (.text)
                  0001a0c0    0000003c              : linkdb.o (.text)
                  0001a0fc    0000003c              : ll_ae.o (.text)
                  0001a138    0000003c     StackWrapper.a : osal.o (.text)
                  0001a174    0000003c                    : osal.o (.text)
                  0001a1b0    0000003c                    : osal.o (.text)
                  0001a1ec    0000003c                    : osal_timers.o (.text)
                  0001a228    0000003c                    : sm_ecc.o (.text)
                  0001a264    0000003c     libc.a : autoinit.c.obj (.text:__TI_auto_init_nobinit_nopinit)
                  0001a2a0    0000003a     drivers_cc26x2x7.a : CryptoUtils.c.obj (.text.CryptoUtils_copyPad)
                  0001a2da    0000003a     ti_sysbios_config.o (.text.ti_sysbios_knl_Task_checkStacks)
                  0001a314    0000003a     StackWrapper.a : osal.o (.text)
                  0001a34e    00000002     rf_multiMode_cc26x2.a : RFCC26X2_multiMode.c.cc26x2.ticlang.o (.text.RF_defaultCallback)
                  0001a350    00000038     drivers_cc26x2x7.a : AESCTRCC26XX.c.obj (.text.AESCTR_cleanup)
                  0001a388    00000038                        : AESECBCC26XX.c.obj (.text.AESECB_cleanup)
                  0001a3c0    00000038     icall.o (.text.ICall_heapFree)
                  0001a3f8    00000038     icall.o (.text.ICall_searchServiceEntity)
                  0001a430    00000038     nvocmp.o (.text.NVOCMP_disableCache)
                  0001a468    00000038     nvocmp.o (.text.NVOCMP_write)
                  0001a4a0    00000038     drivers_cc26x2x7.a : NVSSPI25X.c.obj (.text.NVSSPI25X_init)
                  0001a4d8    00000038                        : PowerCC26X2_helpers.c.obj (.text.PowerCC26X2_oscDisableQualifiers)
                  0001a510    00000038     Achilles_main.o (.text.ProjectZero_createTask)
                  0001a548    00000038     drivers_cc26x2x7.a : Random.c.obj (.text.Random_getNumber)
                  0001a580    00000038                        : RingBuf.c.obj (.text.RingBuf_putAdvance)
                  0001a5b8    00000038                        : UDMACC26XX.c.obj (.text.UDMACC26XX_close)
                  0001a5f0    00000038     rf_multiMode_cc26x2.a : rf_patch_cpe_bt5.c.cc26x2.ticlang.o (.text.rf_patch_cpe_bt5)
                  0001a628    00000038     ti_sysbios_config.o (.text.ti_sysbios_knl_Task_processVitalTaskFlag)
                  0001a660    00000038     OneLib.a : hci.o (.text)
                  0001a698    00000038              : linkdb.o (.text)
                  0001a6d0    00000038              : ll_ae.o (.text)
                  0001a708    00000038              : ll_ae.o (.text)
                  0001a740    00000038              : ll_scheduler.o (.text)
                  0001a778    00000038              : sm_rsppairing.o (.text)
[...]
20000fac  gapScanMaxNumReport                                             
20000fad  gapScanEndReason                                                
20000fae  gapScanPackedAdvRptSize                                         
20000faf  fltPduTypeWanted                                                
20000fb0  fltPduTypeMask                                                  
20000fb1  gapTaskID                                                       
20000fb2  gattNumConns                                                    
20000fb3  gattTaskID                                                      
20000fb4  GATTServApp_TaskID                                              
20000fb5  maxNumPrepareWrites                                             
20000fb6  hciPTMenabled                                                   
20000fb7  ctrlToHostEnable                                                
20000fb8  l2capFlowCtrlMode                                               
20000fb9  l2capTaskID                                                     
20000fba  l2capNumChannels                                                
20000fbb  l2capNumDataPkts                                                
20000fbc  l2capNumPSM                                                     
20000fbd  l2capNumCoChannels                                              
20000fbe  l2cap_gattServAppTaskID                                         
20000fbf  l2capId                                                         
20000fc1  linkDBNumConns                                                  
20000fc2  linkDB_secureConnectionOnlyMode                                 
20000fc3  maxPduSize                                                      
20000fc4  rfFeModeBias                                                    
20000fc5  defaultPhy                                                      
20000fc6  maxNumTxDataBufs                                                
20000fc7  LL_TaskID                                                       
20000fc8  llState                                                         
20000fc9  rssiCorrection                                                  
20000fca  curTxPowerVal                                                   
20000fcb  maxTxPwrForDTM                                                  
20000fcc  onePktPerEvt                                                    
20000fcd  numComplPkts                                                    
20000fce  numComplPktsLimit                                               
20000fcf  numComplPktsFlush                                               
20000fd0  fastTxRespTime                                                  
20000fd1  slOverride                                                      
20000fd2  rxFifoFlowCtrl                                                  
20000fd3  numTxDataBufs                                                   
20000fd4  maxNumConns                                                     
20000fd5  aeCurHandle                                                     
20000fd6  aeCurAdvEnableHandle                                            
20000fd7  aeCurConnHandle                                                 
20000fd8  extScanIndex                                                    
20000fd9  extInitIndex                                                    
20000fda  scanState                                                       
20000fdb  lastPrimPhy                                                     
20000fdc  lastScanRsp                                                     
20000fdd  smTaskID                                                        
20000fde  SM_appExpectingKey                                              
20001a50  PowerCC26X2_module                                              
20001a50  ramStartHere                                                    
20001eb8  gapAttrTbl                                                      
20001f68  gpioPinConfigs                                                  
2000205e  bleUserCfg_maxPduSize                                           
200020da  disconnectImmedConnId                                           
2000223a  llUserConfig_maxPduSize                                         
200022a4  ICall_dispatcher                                                
200022a8  BIOS_Module_state                                               
200022d4  ti_sysbios_family_arm_m3_Hwi_Module_state                       
20002378  ti_sysbios_runtime_Startup_done                                 
2000237b  ti_sysbios_knl_Idle_initDone                                    
2000237c  ti_sysbios_runtime_Memory_defaultHeapInstance                   
20002394  ti_sysbios_runtime_Error_ignore                                 
200023a0  ti_sysbios_family_arm_cc26xx_Timer_Module_state                 
200023ac  ti_sysbios_runtime_System_Module_state                          
200023b8  ti_sysbios_knl_Swi_Module_state                                 
200023e0  ti_sysbios_knl_Clock_Module_state                               
200024ac  llUserConfig                                                    
200025c8  pOverrides_bleCommon                                            
20002670  txPowerTable_2400_pa5                                           
200027d8  gattAttrTbl                                                     
20002818  sm_eccKeys_sc_host_debug                                        
20002858  nvintfFncStruct                                                 
20002894  ti_sysbios_knl_Task_Module_state                                
20002942  metaPage                                                        
2000298e  baseTaskID                                                      
200029b8  eccParams_NISTP256                                              
200029dc  pOverrides_ble2Mbps                                             
20002a20  advParams1                                                      
20002a3c  pOverrides_ble1Mbps                                             
20002a54  attDeviceName                                                   
20002a84  ICall_enterCriticalSection                                      
20002a88  ICall_leaveCriticalSection                                      
20002a8c  heapmgrMemFreeTotal                                             
20002aa8  scanResData1                                                    
20002aba  advData1                                                        
20002acc  RF_modeBle                                                      
20002adc  _hposcCoeffs                                                    
20002aec  bleAppServiceInfoTable                                          
20002afc  pOverrides_bleCoded                                             
20002b0c  user0Cfg                                                        
20002b1c  gattAttrTbl_gatt_no_service_changed                             
20002b2c  sizeInfo                                                        
20002b3c  pairMode                                                        
20002b3d  mitm                                                            
20002b3e  ioCap                                                           
20002b3f  bonding                                                         
20002b40  secureConnection                                                
20002b41  authenPairingOnly                                               
20002b42  autoSyncWL                                                      
20002b43  eccReGenPolicy                                                  
20002b44  KeySize                                                         
20002b45  removeLRUBond                                                   
20002b46  KeyDistList                                                     
20002b47  eccDebugKeys                                                    
20002b48  allowDebugKeys                                                  
20002b49  eraseBondWhileInConn                                            
20002b4a  sameIrkAction                                                   
20002b4c  uartLog_tail                                                    
20002b4d  uartLog_head                                                    
20002b4e  uartLog_evBufIsEmpty                                            
20002b50  uartLog_evtNum                                                  
20002b88  RFCC26XX_schedulerPolicy                                        
20002b90  ti_sysbios_gates_GateMutexPri_Module_state                      
20002b98  ti_sysbios_heaps_HeapCallback_Module_state                      
20002ba0  ti_sysbios_knl_Event_state                                      
20002ba8  ti_sysbios_knl_Semaphore_Module_state                           
20002bb0  periConnParameters                                              
20002bbc  _lock                                                           
20002bc0  _unlock                                                         
20002bc4  appAssertCback                                                  
20002bc8  icallServiceTblPtr                                              
20002bd4  pRandomAddress                                                  
20002bd8  pRfErrCb                                                        
20002bdc  pfnBMAlloc                                                      
20002be0  pfnBMFree                                                       
20002be4  patchedSlaveCtrlPktList                                         
20002be8  halAssertCback                                                  
20002bec  PKAResourceCC26XX_pollingFlag                                   
20002c0a  deviceNameCharProps                                             
20002c0b  appearanceCharProps                                             
20002c0c  periConnParamCharProps                                          
20002c0d  centAddrResCharProps                                            
20002c0e  centAddrRes                                                     
20002c0f  resolvablePrivateAddressOnlyCharProps                           
20002c10  GATTServApp_gatt_no_service_changed                             
20002c12  qosDefaultPriorityConnParameter                                 
20002c13  extScanChanMap                                                  
20002c14  sizeOfAllExtConnParam                                           
20002c15  rfRatHandle                                                     
20002c16  smAllowDebugKeysMode                                            
20002c17  gapEndAppTaskID                                                 
20002c18  gapAppTaskID                                                    
20002c19  legacyMode                                                      
20002c20  appTaskStack                                                    
20003420  uartLog_evBuf                                                   
20003920  ti_sysbios_knl_Idle_taskStack                                   
20003ee0  uart2CC26X2Objects                                              
20004050  rfObject                                                        
20004150  crcBuf                                                          
20004250  spiCC26X2DMAObjects                                             
20004350  ti_sysbios_family_arm_m3_Hwi_dispatchTable                      
20004428  uartLog_outBuf                                                  
20004561  resolvablePrivateAddressOnly                                    
20004562  appearance                                                      
20004564  trngCC26XXObjects                                               
200045e8  gpioCallbackFunctions                                           
20004664  gpioUserArgs                                                    
200046e0  cbTimers                                                        
200047c0  ti_sysbios_knl_ClockSupport_timerStruct                         
20004820  pzTask                                                          
20004878  ti_sysbios_knl_Idle_taskStruct                                  
200048d0  aesctrdrbgXXObjects                                             
20004924  CryptoResourceCC26XX_accessSemaphore                            
20004974  CryptoResourceCC26XX_operationSemaphore                         
200049c4  PKAResourceCC26XX_accessSemaphore                               
20004a14  PKAResourceCC26XX_operationSemaphore                            
20004b2c  aesctrCC26XXObjects                                             
20004ba8  nvFptrs                                                         
20004be4  ti_sysbios_knl_Swi_readyQs                                      
20004c14  ti_sysbios_knl_Task_readyQs                                     
20004c44  NVOCMP_nvHandle                                                 
20004c72  maximumPduSize                                                  
20004c74  llCteSamples                                                    
20004c98  aesecbCC26XXObjects                                             
20004cfc  req                                                             
20004d1c  gapBond_remoteOobData                                           
20004d3c  gapBond_localOobData                                            
20004d5c  ecdhCC26X2Objects                                               
20004d7c  ti_sysbios_runtime_System_atexitHandlers                        
20004d9c  udmaCC26XXObject                                                
20004dd8  BIOS_heapCallbackObject                                         
20004df4  BIOS_rtsGate                                                    
20004e10  CryptoResourceCC26XX_hwi                                        
20004e2c  PKAResourceCC26XX_hwi                                           
20004e48  deviceName                                                      
20004e60  aesccmCC26XXObjects                                             
20004e8c  rfMode                                                          
20004e9c  llCteTest                                                       
20004ea8  cteAntennaProp                                                  
20004eb4  llTaskList                                                      
20004ec0  nvsSPI25XObjects                                                
20004ecc  defaultChannelMap                                               
20004ed4  secondaryAdvChannelMap                                          
20004edc  llRfCmdPreemption                                               
20004f08  ggs_AppCBs                                                      
20004f10  BDAddrPerConnHandle                                             
20004f14  llCte                                                           
20004f18  llConnExtParam                                                  
20004f1c  extStackSettings                                                
20004f20  trngHandle                                                      
20004f24  LSTORecoveryArr                                                 
20004f28  pNextAdvSet                                                     
20004f2c  llCurrentMappedChan                                             
20004f30  drbgHandle                                                      
20004f34  pRpaCfg                                                         
20004f38  gapBond_lruBondList                                             
20004f3c  gapBondStateNodeHead                                            
20004f40  osal_syncHandle                                                 
20004f44  osal_icallMsg_hook                                              
20004f48  osal_qHead                                                      
20004f4c  osal_max_msecs                                                  
20004f50  osal_tickperiod                                                 
20004f54  osal_eventloop_hook                                             
20004f60  OSAL_timeSeconds                                                
20004f64  timerHead                                                       
20004f6c  osal_last_timestamp                                             
20004f70  HEAPMGR_SIZE                                                    
20004f74  PowerCC26XX_swiKey                                              
20004f78  PowerCC26XX_taskKey                                             
20004f7c  tasksEvents                                                     
20004f80  ti_sysbios_family_arm_cc26xx_TimestampProvider_Module_state     
20004f84  ti_sysbios_knl_Task_defaultStackHeap                            
20004f8a  pwrmgr_attribute                                                
20004f8c  GATTServApp_att_delayed_req                                     
20004f8d  hciTaskID                                                       
20004f8e  hciL2capTaskID                                                  
20004f8f  hciGapTaskID                                                    
20004f90  hciSmpTaskID                                                    
20004f91  hciTestTaskID                                                   
20004f92  hciVsEvtMask                                                    
20004f93  scanReqRpt                                                      
20004f94  secondaryAdvChannelMapPopCount                                  
20004f95  qosDefaultPriorityAdvParameter                                  
20004f96  maxNumCteDataBufs                                               
20004f97  numActiveAdvSets                                                
20004f98  wlSize                                                          
20004f99  rlSize                                                          
20004f9a  decryptResult                                                   
20004f9b  llUnhandleNextIntFlag                                           
20004f9c  smAuthenPairingOnlyMode                                         
20004f9d  icall_liteTaskId                                                
20004f9e  gapBond_removeLRUBond                                           
20004f9f  gapBond_syncRL                                                  
20004fa0  assertSubcause                                                  
20004fa1  osal_entity                                                     
20004fa2  pwrmgr_initialized                                              
20004fa3  NVOCMP_size                                                     
20004fa4  gAction                                                         
20004fa5  nvsCC26XXObjects                                                
20004fa6  heapStart                                                       
20023c00  __stack                                                         
20023c00  heapEnd                                                         
20024000  __STACK_END                                                     
20024000  __STACK_TOP                                                     
20024000  __UNUSED_SRAM_end__                                             
ffffffff  __TI_pprof_out_hndl                                             
ffffffff  __TI_prof_data_size                                             
ffffffff  __TI_prof_data_start                                            
ffffffff  __binit__                                                       
ffffffff  binit                                                           
UNDEFED   ITM_flush                                                       
UNDEFED   ITM_restore                                                     
UNDEFED   __c_args__                                                      
UNDEFED   __mpu_init                                                      

[2655 symbols]
